Archive member included to satisfy reference by file (symbol)

/home/ajinusnlch/intelFPGA/19.1/nios2eds/bin/gnu/H-x86_64-pc-linux-gnu/bin/../lib/gcc/nios2-elf/8.3.1/mno-hw-mul/libgcc.a(lib2-divmod.o)
                              obj/default/main.o (__divsi3)
/home/ajinusnlch/intelFPGA/19.1/nios2eds/bin/gnu/H-x86_64-pc-linux-gnu/bin/../lib/gcc/nios2-elf/8.3.1/mno-hw-mul/libgcc.a(lib2-mul.o)
                              obj/default/usb_kb/transfer.o (__mulsi3)
/home/ajinusnlch/intelFPGA/19.1/nios2eds/bin/gnu/H-x86_64-pc-linux-gnu/bin/../lib/gcc/nios2-elf/8.3.1/../../../../../H-x86_64-pc-linux-gnu/nios2-elf/lib/mno-hw-mul/libc.a(lib_a-printf.o)
                              obj/default/main.o (printf)
/home/ajinusnlch/intelFPGA/19.1/nios2eds/bin/gnu/H-x86_64-pc-linux-gnu/bin/../lib/gcc/nios2-elf/8.3.1/../../../../../H-x86_64-pc-linux-gnu/nios2-elf/lib/mno-hw-mul/libc.a(lib_a-putchar.o)
                              obj/default/main.o (putchar)
/home/ajinusnlch/intelFPGA/19.1/nios2eds/bin/gnu/H-x86_64-pc-linux-gnu/bin/../lib/gcc/nios2-elf/8.3.1/../../../../../H-x86_64-pc-linux-gnu/nios2-elf/lib/mno-hw-mul/libc.a(lib_a-puts.o)
                              obj/default/main.o (puts)
/home/ajinusnlch/intelFPGA/19.1/nios2eds/bin/gnu/H-x86_64-pc-linux-gnu/bin/../lib/gcc/nios2-elf/8.3.1/../../../../../H-x86_64-pc-linux-gnu/nios2-elf/lib/mno-hw-mul/libc.a(lib_a-strlen.o)
                              /home/ajinusnlch/intelFPGA/19.1/nios2eds/bin/gnu/H-x86_64-pc-linux-gnu/bin/../lib/gcc/nios2-elf/8.3.1/../../../../../H-x86_64-pc-linux-gnu/nios2-elf/lib/mno-hw-mul/libc.a(lib_a-puts.o) (strlen)
/home/ajinusnlch/intelFPGA/19.1/nios2eds/bin/gnu/H-x86_64-pc-linux-gnu/bin/../lib/gcc/nios2-elf/8.3.1/../../../../../H-x86_64-pc-linux-gnu/nios2-elf/lib/mno-hw-mul/libc.a(lib_a-vfprintf.o)
                              /home/ajinusnlch/intelFPGA/19.1/nios2eds/bin/gnu/H-x86_64-pc-linux-gnu/bin/../lib/gcc/nios2-elf/8.3.1/../../../../../H-x86_64-pc-linux-gnu/nios2-elf/lib/mno-hw-mul/libc.a(lib_a-printf.o) (___vfprintf_internal_r)
/home/ajinusnlch/intelFPGA/19.1/nios2eds/bin/gnu/H-x86_64-pc-linux-gnu/bin/../lib/gcc/nios2-elf/8.3.1/../../../../../H-x86_64-pc-linux-gnu/nios2-elf/lib/mno-hw-mul/libc.a(lib_a-wsetup.o)
                              /home/ajinusnlch/intelFPGA/19.1/nios2eds/bin/gnu/H-x86_64-pc-linux-gnu/bin/../lib/gcc/nios2-elf/8.3.1/../../../../../H-x86_64-pc-linux-gnu/nios2-elf/lib/mno-hw-mul/libc.a(lib_a-vfprintf.o) (__swsetup_r)
/home/ajinusnlch/intelFPGA/19.1/nios2eds/bin/gnu/H-x86_64-pc-linux-gnu/bin/../lib/gcc/nios2-elf/8.3.1/../../../../../H-x86_64-pc-linux-gnu/nios2-elf/lib/mno-hw-mul/libc.a(lib_a-dtoa.o)
                              /home/ajinusnlch/intelFPGA/19.1/nios2eds/bin/gnu/H-x86_64-pc-linux-gnu/bin/../lib/gcc/nios2-elf/8.3.1/../../../../../H-x86_64-pc-linux-gnu/nios2-elf/lib/mno-hw-mul/libc.a(lib_a-vfprintf.o) (_dtoa_r)
/home/ajinusnlch/intelFPGA/19.1/nios2eds/bin/gnu/H-x86_64-pc-linux-gnu/bin/../lib/gcc/nios2-elf/8.3.1/../../../../../H-x86_64-pc-linux-gnu/nios2-elf/lib/mno-hw-mul/libc.a(lib_a-fflush.o)
                              /home/ajinusnlch/intelFPGA/19.1/nios2eds/bin/gnu/H-x86_64-pc-linux-gnu/bin/../lib/gcc/nios2-elf/8.3.1/../../../../../H-x86_64-pc-linux-gnu/nios2-elf/lib/mno-hw-mul/libc.a(lib_a-vfprintf.o) (_fflush_r)
/home/ajinusnlch/intelFPGA/19.1/nios2eds/bin/gnu/H-x86_64-pc-linux-gnu/bin/../lib/gcc/nios2-elf/8.3.1/../../../../../H-x86_64-pc-linux-gnu/nios2-elf/lib/mno-hw-mul/libc.a(lib_a-findfp.o)
                              /home/ajinusnlch/intelFPGA/19.1/nios2eds/bin/gnu/H-x86_64-pc-linux-gnu/bin/../lib/gcc/nios2-elf/8.3.1/../../../../../H-x86_64-pc-linux-gnu/nios2-elf/lib/mno-hw-mul/libc.a(lib_a-puts.o) (__sinit)
/home/ajinusnlch/intelFPGA/19.1/nios2eds/bin/gnu/H-x86_64-pc-linux-gnu/bin/../lib/gcc/nios2-elf/8.3.1/../../../../../H-x86_64-pc-linux-gnu/nios2-elf/lib/mno-hw-mul/libc.a(lib_a-freer.o)
                              /home/ajinusnlch/intelFPGA/19.1/nios2eds/bin/gnu/H-x86_64-pc-linux-gnu/bin/../lib/gcc/nios2-elf/8.3.1/../../../../../H-x86_64-pc-linux-gnu/nios2-elf/lib/mno-hw-mul/libc.a(lib_a-wsetup.o) (_free_r)
/home/ajinusnlch/intelFPGA/19.1/nios2eds/bin/gnu/H-x86_64-pc-linux-gnu/bin/../lib/gcc/nios2-elf/8.3.1/../../../../../H-x86_64-pc-linux-gnu/nios2-elf/lib/mno-hw-mul/libc.a(lib_a-fvwrite.o)
                              /home/ajinusnlch/intelFPGA/19.1/nios2eds/bin/gnu/H-x86_64-pc-linux-gnu/bin/../lib/gcc/nios2-elf/8.3.1/../../../../../H-x86_64-pc-linux-gnu/nios2-elf/lib/mno-hw-mul/libc.a(lib_a-puts.o) (__sfvwrite_r)
/home/ajinusnlch/intelFPGA/19.1/nios2eds/bin/gnu/H-x86_64-pc-linux-gnu/bin/../lib/gcc/nios2-elf/8.3.1/../../../../../H-x86_64-pc-linux-gnu/nios2-elf/lib/mno-hw-mul/libc.a(lib_a-fwalk.o)
                              /home/ajinusnlch/intelFPGA/19.1/nios2eds/bin/gnu/H-x86_64-pc-linux-gnu/bin/../lib/gcc/nios2-elf/8.3.1/../../../../../H-x86_64-pc-linux-gnu/nios2-elf/lib/mno-hw-mul/libc.a(lib_a-findfp.o) (_fwalk)
[...]
Memory Configuration

Name             Origin             Length             Attributes
onchip_memory2_0 0x0000000000000000 0x0000000000000010
reset            0x0000000008000000 0x0000000000000020
sdram            0x0000000008000020 0x0000000003ffffe0
*default*        0x0000000000000000 0xffffffffffffffff

Linker script and memory map

LOAD ../usb_kb_bsp//obj/HAL/src/crt0.o
LOAD obj/default/main.o
LOAD obj/default/usb_kb/HID.o
LOAD obj/default/usb_kb/MAX3421E.o
LOAD obj/default/usb_kb/transfer.o
LOAD /home/ajinusnlch/intelFPGA/19.1/nios2eds/bin/gnu/H-x86_64-pc-linux-gnu/bin/../lib/gcc/nios2-elf/8.3.1/../../../../../H-x86_64-pc-linux-gnu/nios2-elf/lib/mno-hw-mul/libstdc++.a
LOAD /home/ajinusnlch/intelFPGA/19.1/nios2eds/bin/gnu/H-x86_64-pc-linux-gnu/bin/../lib/gcc/nios2-elf/8.3.1/../../../../../H-x86_64-pc-linux-gnu/nios2-elf/lib/mno-hw-mul/libm.a
LOAD /home/ajinusnlch/intelFPGA/19.1/nios2eds/bin/gnu/H-x86_64-pc-linux-gnu/bin/../lib/gcc/nios2-elf/8.3.1/mno-hw-mul/libgcc.a
START GROUP
LOAD /home/ajinusnlch/intelFPGA/19.1/nios2eds/bin/gnu/H-x86_64-pc-linux-gnu/bin/../lib/gcc/nios2-elf/8.3.1/../../../../../H-x86_64-pc-linux-gnu/nios2-elf/lib/mno-hw-mul/libc.a
LOAD /home/ajinusnlch/intelFPGA/19.1/nios2eds/bin/gnu/H-x86_64-pc-linux-gnu/bin/../lib/gcc/nios2-elf/8.3.1/mno-hw-mul/libgcc.a
LOAD ../usb_kb_bsp//libhal_bsp.a
LOAD /home/ajinusnlch/intelFPGA/19.1/nios2eds/bin/gnu/H-x86_64-pc-linux-gnu/bin/../lib/gcc/nios2-elf/8.3.1/../../../../../H-x86_64-pc-linux-gnu/nios2-elf/lib/mno-hw-mul/libm.a
END GROUP
LOAD /home/ajinusnlch/intelFPGA/19.1/nios2eds/bin/gnu/H-x86_64-pc-linux-gnu/bin/../lib/gcc/nios2-elf/8.3.1/mno-hw-mul/libgcc.a
                0x0000000000000000                __alt_mem_onchip_memory2_0 = 0x0
                0x0000000008000000                __alt_mem_sdram = 0x8000000

.entry          0x0000000008000000       0x20
 *(.entry)
 .entry         0x0000000008000000       0x20 ../usb_kb_bsp//obj/HAL/src/crt0.o
                0x0000000008000000                __reset

.exceptions     0x0000000008000020      0x204
                0x0000000008000020                PROVIDE (__ram_exceptions_start = ABSOLUTE (.))
                0x0000000008000020                . = ALIGN (0x20)
 *(.irq)
 *(.exceptions.entry.label)
 .exceptions.entry.label
                0x0000000008000020        0x0 ../usb_kb_bsp//libhal_bsp.a(alt_irq_entry.o)
                0x0000000008000020                alt_irq_entry
 .exceptions.entry.label
                0x0000000008000020        0x0 ../usb_kb_bsp//libhal_bsp.a(alt_exception_entry.o)
                0x0000000008000020                alt_exception
 *(.exceptions.entry.user)
 *(.exceptions.entry.ecc_fatal)
 *(.exceptions.entry)
 .exceptions.entry
                0x0000000008000020       0x54 ../usb_kb_bsp//libhal_bsp.a(alt_exception_entry.o)
 *(.exceptions.irqtest.user)
 *(.exceptions.irqtest)
 .exceptions.irqtest
                0x0000000008000074       0x10 ../usb_kb_bsp//libhal_bsp.a(alt_irq_entry.o)
 *(.exceptions.irqhandler.user)
 *(.exceptions.irqhandler)
 .exceptions.irqhandler
                0x0000000008000084        0x4 ../usb_kb_bsp//libhal_bsp.a(alt_irq_entry.o)
 *(.exceptions.irqreturn.user)
 *(.exceptions.irqreturn)
 .exceptions.irqreturn
                0x0000000008000088        0x4 ../usb_kb_bsp//libhal_bsp.a(alt_irq_entry.o)
 *(.exceptions.notirq.label)
 .exceptions.notirq.label
                0x000000000800008c        0x0 ../usb_kb_bsp//libhal_bsp.a(alt_irq_entry.o)
 *(.exceptions.notirq.user)
 *(.exceptions.notirq)
 .exceptions.notirq
                0x000000000800008c        0x8 ../usb_kb_bsp//libhal_bsp.a(alt_exception_entry.o)
 *(.exceptions.soft.user)
 *(.exceptions.soft)
 *(.exceptions.unknown.user)
 *(.exceptions.unknown)
 .exceptions.unknown
                0x0000000008000094       0x14 ../usb_kb_bsp//libhal_bsp.a(alt_exception_entry.o)
 *(.exceptions.exit.label)
 .exceptions.exit.label
                0x00000000080000a8        0x0 ../usb_kb_bsp//libhal_bsp.a(alt_irq_entry.o)
 .exceptions.exit.label
                0x00000000080000a8        0x0 ../usb_kb_bsp//libhal_bsp.a(alt_exception_entry.o)
 *(.exceptions.exit.user)
 *(.exceptions.exit)
 .exceptions.exit
                0x00000000080000a8       0x54 ../usb_kb_bsp//libhal_bsp.a(alt_exception_entry.o)
 *(.exceptions)
 .exceptions    0x00000000080000fc       0xc8 ../usb_kb_bsp//libhal_bsp.a(alt_irq_handler.o)
                0x00000000080000fc                alt_irq_handler
 .exceptions    0x00000000080001c4       0x60 ../usb_kb_bsp//libhal_bsp.a(alt_instruction_exception_entry.o)
                0x00000000080001c4                alt_instruction_exception_entry
                0x0000000008000224                PROVIDE (__ram_exceptions_end = ABSOLUTE (.))
                0x0000000008000020                PROVIDE (__flash_exceptions_start = LOADADDR (.exceptions))

.text           0x0000000008000224    0x11a78
                [!provide]                        PROVIDE (stext = ABSOLUTE (.))
 *(.interp)
 *(.hash)
 *(.dynsym)
 *(.dynstr)
 *(.gnu.version)
 *(.gnu.version_d)
 *(.gnu.version_r)
 *(.rel.init)
 *(.rela.init)
 *(.rel.text .rel.text.* .rel.gnu.linkonce.t.*)
 *(.rela.text .rela.text.* .rela.gnu.linkonce.t.*)
 *(.rel.fini)
 *(.rela.fini)
 *(.rel.rodata .rel.rodata.* .rel.gnu.linkonce.r.*)
 *(.rela.rodata .rela.rodata.* .rela.gnu.linkonce.r.*)
 *(.rel.data .rel.data.* .rel.gnu.linkonce.d.*)
 *(.rela.data .rela.data.* .rela.gnu.linkonce.d.*)
 *(.rel.tdata .rel.tdata.* .rel.gnu.linkonce.td.*)
 *(.rela.tdata .rela.tdata.* .rela.gnu.linkonce.td.*)
 *(.rel.tbss .rel.tbss.* .rel.gnu.linkonce.tb.*)
 *(.rela.tbss .rela.tbss.* .rela.gnu.linkonce.tb.*)
 *(.rel.ctors)
 *(.rela.ctors)
 *(.rel.dtors)
 *(.rela.dtors)
 *(.rel.got)
 *(.rela.got)
 *(.rel.sdata .rel.sdata.* .rel.gnu.linkonce.s.*)
 *(.rela.sdata .rela.sdata.* .rela.gnu.linkonce.s.*)
 *(.rel.sbss .rel.sbss.* .rel.gnu.linkonce.sb.*)
 *(.rela.sbss .rela.sbss.* .rela.gnu.linkonce.sb.*)
 *(.rel.sdata2 .rel.sdata2.* .rel.gnu.linkonce.s2.*)
 *(.rela.sdata2 .rela.sdata2.* .rela.gnu.linkonce.s2.*)
 *(.rel.sbss2 .rel.sbss2.* .rel.gnu.linkonce.sb2.*)
 *(.rela.sbss2 .rela.sbss2.* .rela.gnu.linkonce.sb2.*)
 *(.rel.bss .rel.bss.* .rel.gnu.linkonce.b.*)
 *(.rela.bss .rela.bss.* .rela.gnu.linkonce.b.*)
 *(.rel.plt)
 *(.rela.plt)
 *(.rel.dyn)
 *(.init)
 *(.plt)
 *(.text .stub .text.* .gnu.linkonce.t.*)
 .text          0x0000000008000224       0x3c ../usb_kb_bsp//obj/HAL/src/crt0.o
                0x0000000008000224                _start
 .text          0x0000000008000260      0x840 obj/default/main.o
                0x0000000008000260                GetDriverandReport
                0x0000000008000448                setLED
                0x0000000008000484                clearLED
                0x00000000080004c4                printSignedHex0
                0x00000000080005d4                printSignedHex1
                0x0000000008000704                setKeycode
                0x0000000008000738                main
 .text          0x0000000008000aa0      0x980 obj/default/usb_kb/HID.o
                0x0000000008000aa0                HIDMProbe
                0x0000000008000e84                HIDKProbe
                0x0000000008001268                HID_init
                0x00000000080012a0                mousePoll
                0x0000000008001324                kbdPoll
                0x00000000080013a8                HIDMEventHandler
                0x00000000080013e4                HIDKEventHandler
 .text          0x0000000008001420      0x568 obj/default/usb_kb/MAX3421E.o
                0x0000000008001420                SPI_init
                0x0000000008001460                SPI_wr
                0x0000000008001488                MAXreg_wr
                0x00000000080014bc                MAXbytes_wr
                0x00000000080014f4                MAXreg_rd
                0x000000000800151c                MAXbytes_rd
                0x0000000008001554                MAX3421E_reset
                0x00000000080015ec                Vbus_power
                0x0000000008001610                MAX_busprobe
                0x0000000008001798                MAX3421E_init
                0x000000000800182c                MAX3421E_Task
                0x0000000008001888                MaxIntHandler
                0x0000000008001954                MaxGpxHandler
 .text          0x0000000008001988      0xe94 obj/default/usb_kb/transfer.o
                0x0000000008001988                XferCtrlReq
                0x0000000008001adc                XferCtrlData
                0x0000000008001bc8                XferCtrlND
                0x0000000008001c48                XferDispatchPkt
                0x0000000008001dc8                XferInTransfer
                0x0000000008001f50                USB_init
                0x0000000008001fd8                USB_Task
                0x0000000008002608                MSDProbe
                0x0000000008002634                MSDEventHandler
                0x0000000008002670                CDCProbe
                0x000000000800269c                CDCEventHandler
                0x00000000080026d8                DummyProbe
                0x0000000008002704                DummyEventHandler
                0x0000000008002740                GetUsbTaskState
                0x0000000008002760                GetDevtable
                0x0000000008002798                ConvUTF8ToStr
 .text          0x000000000800281c      0x1b8 /home/ajinusnlch/intelFPGA/19.1/nios2eds/bin/gnu/H-x86_64-pc-linux-gnu/bin/../lib/gcc/nios2-elf/8.3.1/mno-hw-mul/libgcc.a(lib2-divmod.o)
                0x000000000800281c                __divsi3
                0x000000000800289c                __modsi3
                0x0000000008002914                __udivsi3
                0x0000000008002978                __umodsi3
 .text          0x00000000080029d4       0x28 /home/ajinusnlch/intelFPGA/19.1/nios2eds/bin/gnu/H-x86_64-pc-linux-gnu/bin/../lib/gcc/nios2-elf/8.3.1/mno-hw-mul/libgcc.a(lib2-mul.o)
                0x00000000080029d4                __mulsi3
 .text          0x00000000080029fc        0x0 /home/ajinusnlch/intelFPGA/19.1/nios2eds/bin/gnu/H-x86_64-pc-linux-gnu/bin/../lib/gcc/nios2-elf/8.3.1/../../../../../H-x86_64-pc-linux-gnu/nios2-elf/lib/mno-hw-mul/libc.a(lib_a-printf.o)
 .text._printf_r
                0x00000000080029fc       0x30 /home/ajinusnlch/intelFPGA/19.1/nios2eds/bin/gnu/H-x86_64-pc-linux-gnu/bin/../lib/gcc/nios2-elf/8.3.1/../../../../../H-x86_64-pc-linux-gnu/nios2-elf/lib/mno-hw-mul/libc.a(lib_a-printf.o)
                0x00000000080029fc                _printf_r
 .text.printf   0x0000000008002a2c       0x38 /home/ajinusnlch/intelFPGA/19.1/nios2eds/bin/gnu/H-x86_64-pc-linux-gnu/bin/../lib/gcc/nios2-elf/8.3.1/../../../../../H-x86_64-pc-linux-gnu/nios2-elf/lib/mno-hw-mul/libc.a(lib_a-printf.o)
                0x0000000008002a2c                printf
 .text          0x0000000008002a64        0x0 /home/ajinusnlch/intelFPGA/19.1/nios2eds/bin/gnu/H-x86_64-pc-linux-gnu/bin/../lib/gcc/nios2-elf/8.3.1/../../../../../H-x86_64-pc-linux-gnu/nios2-elf/lib/mno-hw-mul/libc.a(lib_a-putchar.o)
 .text._putchar_r
                0x0000000008002a64        0x8 /home/ajinusnlch/intelFPGA/19.1/nios2eds/bin/gnu/H-x86_64-pc-linux-gnu/bin/../lib/gcc/nios2-elf/8.3.1/../../../../../H-x86_64-pc-linux-gnu/nios2-elf/lib/mno-hw-mul/libc.a(lib_a-putchar.o)
                0x0000000008002a64                _putchar_r
 .text.putchar  0x0000000008002a6c       0x18 /home/ajinusnlch/intelFPGA/19.1/nios2eds/bin/gnu/H-x86_64-pc-linux-gnu/bin/../lib/gcc/nios2-elf/8.3.1/../../../../../H-x86_64-pc-linux-gnu/nios2-elf/lib/mno-hw-mul/libc.a(lib_a-putchar.o)
                0x0000000008002a6c                putchar
 .text          0x0000000008002a84        0x0 /home/ajinusnlch/intelFPGA/19.1/nios2eds/bin/gnu/H-x86_64-pc-linux-gnu/bin/../lib/gcc/nios2-elf/8.3.1/../../../../../H-x86_64-pc-linux-gnu/nios2-elf/lib/mno-hw-mul/libc.a(lib_a-puts.o)
 .text._puts_r  0x0000000008002a84       0xcc /home/ajinusnlch/intelFPGA/19.1/nios2eds/bin/gnu/H-x86_64-pc-linux-gnu/bin/../lib/gcc/nios2-elf/8.3.1/../../../../../H-x86_64-pc-linux-gnu/nios2-elf/lib/mno-hw-mul/libc.a(lib_a-puts.o)
                0x0000000008002a84                _puts_r
 .text.puts     0x0000000008002b50       0x10 /home/ajinusnlch/intelFPGA/19.1/nios2eds/bin/gnu/H-x86_64-pc-linux-gnu/bin/../lib/gcc/nios2-elf/8.3.1/../../../../../H-x86_64-pc-linux-gnu/nios2-elf/lib/mno-hw-mul/libc.a(lib_a-puts.o)
                0x0000000008002b50                puts
 .text          0x0000000008002b60        0x0 /home/ajinusnlch/intelFPGA/19.1/nios2eds/bin/gnu/H-x86_64-pc-linux-gnu/bin/../lib/gcc/nios2-elf/8.3.1/../../../../../H-x86_64-pc-linux-gnu/nios2-elf/lib/mno-hw-mul/libc.a(lib_a-strlen.o)
 .text.strlen   0x0000000008002b60       0x98 /home/ajinusnlch/intelFPGA/19.1/nios2eds/bin/gnu/H-x86_64-pc-linux-gnu/bin/../lib/gcc/nios2-elf/8.3.1/../../../../../H-x86_64-pc-linux-gnu/nios2-elf/lib/mno-hw-mul/libc.a(lib_a-strlen.o)
                0x0000000008002b60                strlen
 .text          0x0000000008002bf8        0x0 /home/ajinusnlch/intelFPGA/19.1/nios2eds/bin/gnu/H-x86_64-pc-linux-gnu/bin/../lib/gcc/nios2-elf/8.3.1/../../../../../H-x86_64-pc-linux-gnu/nios2-elf/lib/mno-hw-mul/libc.a(lib_a-vfprintf.o)
 .text.___vfprintf_internal_r
                0x0000000008002bf8     0x2188 /home/ajinusnlch/intelFPGA/19.1/nios2eds/bin/gnu/H-x86_64-pc-linux-gnu/bin/../lib/gcc/nios2-elf/8.3.1/../../../../../H-x86_64-pc-linux-gnu/nios2-elf/lib/mno-hw-mul/libc.a(lib_a-vfprintf.o)
                0x0000000008002bf8                ___vfprintf_internal_r
 .text.__vfprintf_internal
                0x0000000008004d80       0x18 /home/ajinusnlch/intelFPGA/19.1/nios2eds/bin/gnu/H-x86_64-pc-linux-gnu/bin/../lib/gcc/nios2-elf/8.3.1/../../../../../H-x86_64-pc-linux-gnu/nios2-elf/lib/mno-hw-mul/libc.a(lib_a-vfprintf.o)
                0x0000000008004d80                __vfprintf_internal
 .text.__sbprintf
                0x0000000008004d98       0xc0 /home/ajinusnlch/intelFPGA/19.1/nios2eds/bin/gnu/H-x86_64-pc-linux-gnu/bin/../lib/gcc/nios2-elf/8.3.1/../../../../../H-x86_64-pc-linux-gnu/nios2-elf/lib/mno-hw-mul/libc.a(lib_a-vfprintf.o)
 .text          0x0000000008004e58        0x0 /home/ajinusnlch/intelFPGA/19.1/nios2eds/bin/gnu/H-x86_64-pc-linux-gnu/bin/../lib/gcc/nios2-elf/8.3.1/../../../../../H-x86_64-pc-linux-gnu/nios2-elf/lib/mno-hw-mul/libc.a(lib_a-wsetup.o)
 .text.__swsetup_r
                0x0000000008004e58      0x160 /home/ajinusnlch/intelFPGA/19.1/nios2eds/bin/gnu/H-x86_64-pc-linux-gnu/bin/../lib/gcc/nios2-elf/8.3.1/../../../../../H-x86_64-pc-linux-gnu/nios2-elf/lib/mno-hw-mul/libc.a(lib_a-wsetup.o)
                0x0000000008004e58                __swsetup_r
 .text          0x0000000008004fb8        0x0 /home/ajinusnlch/intelFPGA/19.1/nios2eds/bin/gnu/H-x86_64-pc-linux-gnu/bin/../lib/gcc/nios2-elf/8.3.1/../../../../../H-x86_64-pc-linux-gnu/nios2-elf/lib/mno-hw-mul/libc.a(lib_a-dtoa.o)
 .text.quorem   0x0000000008004fb8      0x234 /home/ajinusnlch/intelFPGA/19.1/nios2eds/bin/gnu/H-x86_64-pc-linux-gnu/bin/../lib/gcc/nios2-elf/8.3.1/../../../../../H-x86_64-pc-linux-gnu/nios2-elf/lib/mno-hw-mul/libc.a(lib_a-dtoa.o)
 .text._dtoa_r  0x00000000080051ec     0x16c8 /home/ajinusnlch/intelFPGA/19.1/nios2eds/bin/gnu/H-x86_64-pc-linux-gnu/bin/../lib/gcc/nios2-elf/8.3.1/../../../../../H-x86_64-pc-linux-gnu/nios2-elf/lib/mno-hw-mul/libc.a(lib_a-dtoa.o)
                0x00000000080051ec                _dtoa_r
 .text          0x00000000080068b4        0x0 /home/ajinusnlch/intelFPGA/19.1/nios2eds/bin/gnu/H-x86_64-pc-linux-gnu/bin/../lib/gcc/nios2-elf/8.3.1/../../../../../H-x86_64-pc-linux-gnu/nios2-elf/lib/mno-hw-mul/libc.a(lib_a-fflush.o)
 .text.__sflush_r
                0x00000000080068b4      0x228 /home/ajinusnlch/intelFPGA/19.1/nios2eds/bin/gnu/H-x86_64-pc-linux-gnu/bin/../lib/gcc/nios2-elf/8.3.1/../../../../../H-x86_64-pc-linux-gnu/nios2-elf/lib/mno-hw-mul/libc.a(lib_a-fflush.o)
                0x00000000080068b4                __sflush_r
 .text._fflush_r
                0x0000000008006adc       0x60 /home/ajinusnlch/intelFPGA/19.1/nios2eds/bin/gnu/H-x86_64-pc-linux-gnu/bin/../lib/gcc/nios2-elf/8.3.1/../../../../../H-x86_64-pc-linux-gnu/nios2-elf/lib/mno-hw-mul/libc.a(lib_a-fflush.o)
                0x0000000008006adc                _fflush_r
 .text.fflush   0x0000000008006b3c       0x28 /home/ajinusnlch/intelFPGA/19.1/nios2eds/bin/gnu/H-x86_64-pc-linux-gnu/bin/../lib/gcc/nios2-elf/8.3.1/../../../../../H-x86_64-pc-linux-gnu/nios2-elf/lib/mno-hw-mul/libc.a(lib_a-fflush.o)
                0x0000000008006b3c                fflush
 .text          0x0000000008006b64        0x0 /home/ajinusnlch/intelFPGA/19.1/nios2eds/bin/gnu/H-x86_64-pc-linux-gnu/bin/../lib/gcc/nios2-elf/8.3.1/../../../../../H-x86_64-pc-linux-gnu/nios2-elf/lib/mno-hw-mul/libc.a(lib_a-findfp.o)
 .text.__fp_lock
                0x0000000008006b64        0x8 /home/ajinusnlch/intelFPGA/19.1/nios2eds/bin/gnu/H-x86_64-pc-linux-gnu/bin/../lib/gcc/nios2-elf/8.3.1/../../../../../H-x86_64-pc-linux-gnu/nios2-elf/lib/mno-hw-mul/libc.a(lib_a-findfp.o)
 .text._cleanup_r
                0x0000000008006b6c        0xc /home/ajinusnlch/intelFPGA/19.1/nios2eds/bin/gnu/H-x86_64-pc-linux-gnu/bin/../lib/gcc/nios2-elf/8.3.1/../../../../../H-x86_64-pc-linux-gnu/nios2-elf/lib/mno-hw-mul/libc.a(lib_a-findfp.o)
                0x0000000008006b6c                _cleanup_r
 .text.__sinit.part.0
                0x0000000008006b78      0x168 /home/ajinusnlch/intelFPGA/19.1/nios2eds/bin/gnu/H-x86_64-pc-linux-gnu/bin/../lib/gcc/nios2-elf/8.3.1/../../../../../H-x86_64-pc-linux-gnu/nios2-elf/lib/mno-hw-mul/libc.a(lib_a-findfp.o)
 .text.__fp_unlock
                0x0000000008006ce0        0x8 /home/ajinusnlch/intelFPGA/19.1/nios2eds/bin/gnu/H-x86_64-pc-linux-gnu/bin/../lib/gcc/nios2-elf/8.3.1/../../../../../H-x86_64-pc-linux-gnu/nios2-elf/lib/mno-hw-mul/libc.a(lib_a-findfp.o)
 .text.__sfmoreglue
                0x0000000008006ce8       0x78 /home/ajinusnlch/intelFPGA/19.1/nios2eds/bin/gnu/H-x86_64-pc-linux-gnu/bin/../lib/gcc/nios2-elf/8.3.1/../../../../../H-x86_64-pc-linux-gnu/nios2-elf/lib/mno-hw-mul/libc.a(lib_a-findfp.o)
                0x0000000008006ce8                __sfmoreglue
 .text.__sfp    0x0000000008006d60       0xfc /home/ajinusnlch/intelFPGA/19.1/nios2eds/bin/gnu/H-x86_64-pc-linux-gnu/bin/../lib/gcc/nios2-elf/8.3.1/../../../../../H-x86_64-pc-linux-gnu/nios2-elf/lib/mno-hw-mul/libc.a(lib_a-findfp.o)
                0x0000000008006d60                __sfp
 .text._cleanup
                0x0000000008006e5c       0x14 /home/ajinusnlch/intelFPGA/19.1/nios2eds/bin/gnu/H-x86_64-pc-linux-gnu/bin/../lib/gcc/nios2-elf/8.3.1/../../../../../H-x86_64-pc-linux-gnu/nios2-elf/lib/mno-hw-mul/libc.a(lib_a-findfp.o)
                0x0000000008006e5c                _cleanup
 .text.__sinit  0x0000000008006e70       0x10 /home/ajinusnlch/intelFPGA/19.1/nios2eds/bin/gnu/H-x86_64-pc-linux-gnu/bin/../lib/gcc/nios2-elf/8.3.1/../../../../../H-x86_64-pc-linux-gnu/nios2-elf/lib/mno-hw-mul/libc.a(lib_a-findfp.o)
                0x0000000008006e70                __sinit
 .text.__sfp_lock_acquire
                0x0000000008006e80        0x4 /home/ajinusnlch/intelFPGA/19.1/nios2eds/bin/gnu/H-x86_64-pc-linux-gnu/bin/../lib/gcc/nios2-elf/8.3.1/../../../../../H-x86_64-pc-linux-gnu/nios2-elf/lib/mno-hw-mul/libc.a(lib_a-findfp.o)
                0x0000000008006e80                __sfp_lock_acquire
 .text.__sfp_lock_release
                0x0000000008006e84        0x4 /home/ajinusnlch/intelFPGA/19.1/nios2eds/bin/gnu/H-x86_64-pc-linux-gnu/bin/../lib/gcc/nios2-elf/8.3.1/../../../../../H-x86_64-pc-linux-gnu/nios2-elf/lib/mno-hw-mul/libc.a(lib_a-findfp.o)
                0x0000000008006e84                __sfp_lock_release
 .text.__sinit_lock_acquire
                0x0000000008006e88        0x4 /home/ajinusnlch/intelFPGA/19.1/nios2eds/bin/gnu/H-x86_64-pc-linux-gnu/bin/../lib/gcc/nios2-elf/8.3.1/../../../../../H-x86_64-pc-linux-gnu/nios2-elf/lib/mno-hw-mul/libc.a(lib_a-findfp.o)
                0x0000000008006e88                __sinit_lock_acquire
 .text.__sinit_lock_release
                0x0000000008006e8c        0x4 /home/ajinusnlch/intelFPGA/19.1/nios2eds/bin/gnu/H-x86_64-pc-linux-gnu/bin/../lib/gcc/nios2-elf/8.3.1/../../../../../H-x86_64-pc-linux-gnu/nios2-elf/lib/mno-hw-mul/libc.a(lib_a-findfp.o)
                0x0000000008006e8c                __sinit_lock_release
 .text.__fp_lock_all
                0x0000000008006e90       0x14 /home/ajinusnlch/intelFPGA/19.1/nios2eds/bin/gnu/H-x86_64-pc-linux-gnu/bin/../lib/gcc/nios2-elf/8.3.1/../../../../../H-x86_64-pc-linux-gnu/nios2-elf/lib/mno-hw-mul/libc.a(lib_a-findfp.o)
                0x0000000008006e90                __fp_lock_all
 .text.__fp_unlock_all
                0x0000000008006ea4       0x14 /home/ajinusnlch/intelFPGA/19.1/nios2eds/bin/gnu/H-x86_64-pc-linux-gnu/bin/../lib/gcc/nios2-elf/8.3.1/../../../../../H-x86_64-pc-linux-gnu/nios2-elf/lib/mno-hw-mul/libc.a(lib_a-findfp.o)
                0x0000000008006ea4                __fp_unlock_all
 .text          0x0000000008006eb8        0x0 /home/ajinusnlch/intelFPGA/19.1/nios2eds/bin/gnu/H-x86_64-pc-linux-gnu/bin/../lib/gcc/nios2-elf/8.3.1/../../../../../H-x86_64-pc-linux-gnu/nios2-elf/lib/mno-hw-mul/libc.a(lib_a-freer.o)
 .text._malloc_trim_r
                0x0000000008006eb8      0x11c /home/ajinusnlch/intelFPGA/19.1/nios2eds/bin/gnu/H-x86_64-pc-linux-gnu/bin/../lib/gcc/nios2-elf/8.3.1/../../../../../H-x86_64-pc-linux-gnu/nios2-elf/lib/mno-hw-mul/libc.a(lib_a-freer.o)
                0x0000000008006eb8                _malloc_trim_r
 .text._free_r  0x0000000008006fd4      0x2fc /home/ajinusnlch/intelFPGA/19.1/nios2eds/bin/gnu/H-x86_64-pc-linux-gnu/bin/../lib/gcc/nios2-elf/8.3.1/../../../../../H-x86_64-pc-linux-gnu/nios2-elf/lib/mno-hw-mul/libc.a(lib_a-freer.o)
                0x0000000008006fd4                _free_r
 .text          0x00000000080072d0        0x0 /home/ajinusnlch/intelFPGA/19.1/nios2eds/bin/gnu/H-x86_64-pc-linux-gnu/bin/../lib/gcc/nios2-elf/8.3.1/../../../../../H-x86_64-pc-linux-gnu/nios2-elf/lib/mno-hw-mul/libc.a(lib_a-fvwrite.o)
 .text.__sfvwrite_r
                0x00000000080072d0      0x4d4 /home/ajinusnlch/intelFPGA/19.1/nios2eds/bin/gnu/H-x86_64-pc-linux-gnu/bin/../lib/gcc/nios2-elf/8.3.1/../../../../../H-x86_64-pc-linux-gnu/nios2-elf/lib/mno-hw-mul/libc.a(lib_a-fvwrite.o)
                0x00000000080072d0                __sfvwrite_r
 .text          0x00000000080077a4        0x0 /home/ajinusnlch/intelFPGA/19.1/nios2eds/bin/gnu/H-x86_64-pc-linux-gnu/bin/../lib/gcc/nios2-elf/8.3.1/../../../../../H-x86_64-pc-linux-gnu/nios2-elf/lib/mno-hw-mul/libc.a(lib_a-fwalk.o)
 .text._fwalk   0x00000000080077a4       0xa4 /home/ajinusnlch/intelFPGA/19.1/nios2eds/bin/gnu/H-x86_64-pc-linux-gnu/bin/../lib/gcc/nios2-elf/8.3.1/../../../../../H-x86_64-pc-linux-gnu/nios2-elf/lib/mno-hw-mul/libc.a(lib_a-fwalk.o)
                0x00000000080077a4                _fwalk
 .text._fwalk_reent
                0x0000000008007848       0xb4 /home/ajinusnlch/intelFPGA/19.1/nios2eds/bin/gnu/H-x86_64-pc-linux-gnu/bin/../lib/gcc/nios2-elf/8.3.1/../../../../../H-x86_64-pc-linux-gnu/nios2-elf/lib/mno-hw-mul/libc.a(lib_a-fwalk.o)
                0x0000000008007848                _fwalk_reent
 .text          0x00000000080078fc        0x0 /home/ajinusnlch/intelFPGA/19.1/nios2eds/bin/gnu/H-x86_64-pc-linux-gnu/bin/../lib/gcc/nios2-elf/8.3.1/../../../../../H-x86_64-pc-linux-gnu/nios2-elf/lib/mno-hw-mul/libc.a(lib_a-impure.o)
 .text          0x00000000080078fc        0x0 /home/ajinusnlch/intelFPGA/19.1/nios2eds/bin/gnu/H-x86_64-pc-linux-gnu/bin/../lib/gcc/nios2-elf/8.3.1/../../../../../H-x86_64-pc-linux-gnu/nios2-elf/lib/mno-hw-mul/libc.a(lib_a-localeconv.o)
 .text.__localeconv_l
                0x00000000080078fc        0x8 /home/ajinusnlch/intelFPGA/19.1/nios2eds/bin/gnu/H-x86_64-pc-linux-gnu/bin/../lib/gcc/nios2-elf/8.3.1/../../../../../H-x86_64-pc-linux-gnu/nios2-elf/lib/mno-hw-mul/libc.a(lib_a-localeconv.o)
                0x00000000080078fc                __localeconv_l
 .text._localeconv_r
                0x0000000008007904        0xc /home/ajinusnlch/intelFPGA/19.1/nios2eds/bin/gnu/H-x86_64-pc-linux-gnu/bin/../lib/gcc/nios2-elf/8.3.1/../../../../../H-x86_64-pc-linux-gnu/nios2-elf/lib/mno-hw-mul/libc.a(lib_a-localeconv.o)
                0x0000000008007904                _localeconv_r
 .text.localeconv
                0x0000000008007910        0xc /home/ajinusnlch/intelFPGA/19.1/nios2eds/bin/gnu/H-x86_64-pc-linux-gnu/bin/../lib/gcc/nios2-elf/8.3.1/../../../../../H-x86_64-pc-linux-gnu/nios2-elf/lib/mno-hw-mul/libc.a(lib_a-localeconv.o)
                0x0000000008007910                localeconv
 .text          0x000000000800791c        0x0 /home/ajinusnlch/intelFPGA/19.1/nios2eds/bin/gnu/H-x86_64-pc-linux-gnu/bin/../lib/gcc/nios2-elf/8.3.1/../../../../../H-x86_64-pc-linux-gnu/nios2-elf/lib/mno-hw-mul/libc.a(lib_a-makebuf.o)
 .text.__swhatbuf_r
                0x000000000800791c       0x98 /home/ajinusnlch/intelFPGA/19.1/nios2eds/bin/gnu/H-x86_64-pc-linux-gnu/bin/../lib/gcc/nios2-elf/8.3.1/../../../../../H-x86_64-pc-linux-gnu/nios2-elf/lib/mno-hw-mul/libc.a(lib_a-makebuf.o)
                0x000000000800791c                __swhatbuf_r
 .text.__smakebuf_r
                0x00000000080079b4      0x13c /home/ajinusnlch/intelFPGA/19.1/nios2eds/bin/gnu/H-x86_64-pc-linux-gnu/bin/../lib/gcc/nios2-elf/8.3.1/../../../../../H-x86_64-pc-linux-gnu/nios2-elf/lib/mno-hw-mul/libc.a(lib_a-makebuf.o)
                0x00000000080079b4                __smakebuf_r
 .text          0x0000000008007af0        0x0 /home/ajinusnlch/intelFPGA/19.1/nios2eds/bin/gnu/H-x86_64-pc-linux-gnu/bin/../lib/gcc/nios2-elf/8.3.1/../../../../../H-x86_64-pc-linux-gnu/nios2-elf/lib/mno-hw-mul/libc.a(lib_a-mallocr.o)
 .text._malloc_r
                0x0000000008007af0      0x7f4 /home/ajinusnlch/intelFPGA/19.1/nios2eds/bin/gnu/H-x86_64-pc-linux-gnu/bin/../lib/gcc/nios2-elf/8.3.1/../../../../../H-x86_64-pc-linux-gnu/nios2-elf/lib/mno-hw-mul/libc.a(lib_a-mallocr.o)
                0x0000000008007af0                _malloc_r
 .text          0x00000000080082e4        0x0 /home/ajinusnlch/intelFPGA/19.1/nios2eds/bin/gnu/H-x86_64-pc-linux-gnu/bin/../lib/gcc/nios2-elf/8.3.1/../../../../../H-x86_64-pc-linux-gnu/nios2-elf/lib/mno-hw-mul/libc.a(lib_a-memchr.o)
 .text.memchr   0x00000000080082e4       0xe8 /home/ajinusnlch/intelFPGA/19.1/nios2eds/bin/gnu/H-x86_64-pc-linux-gnu/bin/../lib/gcc/nios2-elf/8.3.1/../../../../../H-x86_64-pc-linux-gnu/nios2-elf/lib/mno-hw-mul/libc.a(lib_a-memchr.o)
                0x00000000080082e4                memchr
 .text          0x00000000080083cc        0x0 /home/ajinusnlch/intelFPGA/19.1/nios2eds/bin/gnu/H-x86_64-pc-linux-gnu/bin/../lib/gcc/nios2-elf/8.3.1/../../../../../H-x86_64-pc-linux-gnu/nios2-elf/lib/mno-hw-mul/libc.a(lib_a-memcpy.o)
 .text.memcpy   0x00000000080083cc      0x100 /home/ajinusnlch/intelFPGA/19.1/nios2eds/bin/gnu/H-x86_64-pc-linux-gnu/bin/../lib/gcc/nios2-elf/8.3.1/../../../../../H-x86_64-pc-linux-gnu/nios2-elf/lib/mno-hw-mul/libc.a(lib_a-memcpy.o)
                0x00000000080083cc                memcpy
 .text          0x00000000080084cc        0x0 /home/ajinusnlch/intelFPGA/19.1/nios2eds/bin/gnu/H-x86_64-pc-linux-gnu/bin/../lib/gcc/nios2-elf/8.3.1/../../../../../H-x86_64-pc-linux-gnu/nios2-elf/lib/mno-hw-mul/libc.a(lib_a-memmove.o)
 .text.memmove  0x00000000080084cc      0x12c /home/ajinusnlch/intelFPGA/19.1/nios2eds/bin/gnu/H-x86_64-pc-linux-gnu/bin/../lib/gcc/nios2-elf/8.3.1/../../../../../H-x86_64-pc-linux-gnu/nios2-elf/lib/mno-hw-mul/libc.a(lib_a-memmove.o)
                0x00000000080084cc                memmove
 .text          0x00000000080085f8        0x0 /home/ajinusnlch/intelFPGA/19.1/nios2eds/bin/gnu/H-x86_64-pc-linux-gnu/bin/../lib/gcc/nios2-elf/8.3.1/../../../../../H-x86_64-pc-linux-gnu/nios2-elf/lib/mno-hw-mul/libc.a(lib_a-memset.o)
 .text.memset   0x00000000080085f8       0xf0 /home/ajinusnlch/intelFPGA/19.1/nios2eds/bin/gnu/H-x86_64-pc-linux-gnu/bin/../lib/gcc/nios2-elf/8.3.1/../../../../../H-x86_64-pc-linux-gnu/nios2-elf/lib/mno-hw-mul/libc.a(lib_a-memset.o)
                0x00000000080085f8                memset
 .text          0x00000000080086e8        0x0 /home/ajinusnlch/intelFPGA/19.1/nios2eds/bin/gnu/H-x86_64-pc-linux-gnu/bin/../lib/gcc/nios2-elf/8.3.1/../../../../../H-x86_64-pc-linux-gnu/nios2-elf/lib/mno-hw-mul/libc.a(lib_a-mprec.o)
 .text._Balloc  0x00000000080086e8       0xa4 /home/ajinusnlch/intelFPGA/19.1/nios2eds/bin/gnu/H-x86_64-pc-linux-gnu/bin/../lib/gcc/nios2-elf/8.3.1/../../../../../H-x86_64-pc-linux-gnu/nios2-elf/lib/mno-hw-mul/libc.a(lib_a-mprec.o)
                0x00000000080086e8                _Balloc
 .text._Bfree   0x000000000800878c       0x24 /home/ajinusnlch/intelFPGA/19.1/nios2eds/bin/gnu/H-x86_64-pc-linux-gnu/bin/../lib/gcc/nios2-elf/8.3.1/../../../../../H-x86_64-pc-linux-gnu/nios2-elf/lib/mno-hw-mul/libc.a(lib_a-mprec.o)
                0x000000000800878c                _Bfree
 .text.__multadd
                0x00000000080087b0      0x13c /home/ajinusnlch/intelFPGA/19.1/nios2eds/bin/gnu/H-x86_64-pc-linux-gnu/bin/../lib/gcc/nios2-elf/8.3.1/../../../../../H-x86_64-pc-linux-gnu/nios2-elf/lib/mno-hw-mul/libc.a(lib_a-mprec.o)
                0x00000000080087b0                __multadd
 .text.__s2b    0x00000000080088ec      0x110 /home/ajinusnlch/intelFPGA/19.1/nios2eds/bin/gnu/H-x86_64-pc-linux-gnu/bin/../lib/gcc/nios2-elf/8.3.1/../../../../../H-x86_64-pc-linux-gnu/nios2-elf/lib/mno-hw-mul/libc.a(lib_a-mprec.o)
                0x00000000080088ec                __s2b
 .text.__hi0bits
                0x00000000080089fc       0x64 /home/ajinusnlch/intelFPGA/19.1/nios2eds/bin/gnu/H-x86_64-pc-linux-gnu/bin/../lib/gcc/nios2-elf/8.3.1/../../../../../H-x86_64-pc-linux-gnu/nios2-elf/lib/mno-hw-mul/libc.a(lib_a-mprec.o)
                0x00000000080089fc                __hi0bits
 .text.__lo0bits
                0x0000000008008a60       0xb0 /home/ajinusnlch/intelFPGA/19.1/nios2eds/bin/gnu/H-x86_64-pc-linux-gnu/bin/../lib/gcc/nios2-elf/8.3.1/../../../../../H-x86_64-pc-linux-gnu/nios2-elf/lib/mno-hw-mul/libc.a(lib_a-mprec.o)
                0x0000000008008a60                __lo0bits
 .text.__i2b    0x0000000008008b10       0x34 /home/ajinusnlch/intelFPGA/19.1/nios2eds/bin/gnu/H-x86_64-pc-linux-gnu/bin/../lib/gcc/nios2-elf/8.3.1/../../../../../H-x86_64-pc-linux-gnu/nios2-elf/lib/mno-hw-mul/libc.a(lib_a-mprec.o)
                0x0000000008008b10                __i2b
 .text.__multiply
                0x0000000008008b44      0x240 /home/ajinusnlch/intelFPGA/19.1/nios2eds/bin/gnu/H-x86_64-pc-linux-gnu/bin/../lib/gcc/nios2-elf/8.3.1/../../../../../H-x86_64-pc-linux-gnu/nios2-elf/lib/mno-hw-mul/libc.a(lib_a-mprec.o)
                0x0000000008008b44                __multiply
 .text.__pow5mult
                0x0000000008008d84      0x128 /home/ajinusnlch/intelFPGA/19.1/nios2eds/bin/gnu/H-x86_64-pc-linux-gnu/bin/../lib/gcc/nios2-elf/8.3.1/../../../../../H-x86_64-pc-linux-gnu/nios2-elf/lib/mno-hw-mul/libc.a(lib_a-mprec.o)
                0x0000000008008d84                __pow5mult
 .text.__lshift
                0x0000000008008eac      0x13c /home/ajinusnlch/intelFPGA/19.1/nios2eds/bin/gnu/H-x86_64-pc-linux-gnu/bin/../lib/gcc/nios2-elf/8.3.1/../../../../../H-x86_64-pc-linux-gnu/nios2-elf/lib/mno-hw-mul/libc.a(lib_a-mprec.o)
                0x0000000008008eac                __lshift
 .text.__mcmp   0x0000000008008fe8       0x58 /home/ajinusnlch/intelFPGA/19.1/nios2eds/bin/gnu/H-x86_64-pc-linux-gnu/bin/../lib/gcc/nios2-elf/8.3.1/../../../../../H-x86_64-pc-linux-gnu/nios2-elf/lib/mno-hw-mul/libc.a(lib_a-mprec.o)
                0x0000000008008fe8                __mcmp
 .text.__mdiff  0x0000000008009040      0x1bc /home/ajinusnlch/intelFPGA/19.1/nios2eds/bin/gnu/H-x86_64-pc-linux-gnu/bin/../lib/gcc/nios2-elf/8.3.1/../../../../../H-x86_64-pc-linux-gnu/nios2-elf/lib/mno-hw-mul/libc.a(lib_a-mprec.o)
                0x0000000008009040                __mdiff
 .text.__ulp    0x00000000080091fc       0x5c /home/ajinusnlch/intelFPGA/19.1/nios2eds/bin/gnu/H-x86_64-pc-linux-gnu/bin/../lib/gcc/nios2-elf/8.3.1/../../../../../H-x86_64-pc-linux-gnu/nios2-elf/lib/mno-hw-mul/libc.a(lib_a-mprec.o)
                0x00000000080091fc                __ulp
 .text.__b2d    0x0000000008009258      0x104 /home/ajinusnlch/intelFPGA/19.1/nios2eds/bin/gnu/H-x86_64-pc-linux-gnu/bin/../lib/gcc/nios2-elf/8.3.1/../../../../../H-x86_64-pc-linux-gnu/nios2-elf/lib/mno-hw-mul/libc.a(lib_a-mprec.o)
                0x0000000008009258                __b2d
 .text.__d2b    0x000000000800935c      0x148 /home/ajinusnlch/intelFPGA/19.1/nios2eds/bin/gnu/H-x86_64-pc-linux-gnu/bin/../lib/gcc/nios2-elf/8.3.1/../../../../../H-x86_64-pc-linux-gnu/nios2-elf/lib/mno-hw-mul/libc.a(lib_a-mprec.o)
                0x000000000800935c                __d2b
 .text.__ratio  0x00000000080094a4       0xa4 /home/ajinusnlch/intelFPGA/19.1/nios2eds/bin/gnu/H-x86_64-pc-linux-gnu/bin/../lib/gcc/nios2-elf/8.3.1/../../../../../H-x86_64-pc-linux-gnu/nios2-elf/lib/mno-hw-mul/libc.a(lib_a-mprec.o)
                0x00000000080094a4                __ratio
 .text._mprec_log10
                0x0000000008009548       0x74 /home/ajinusnlch/intelFPGA/19.1/nios2eds/bin/gnu/H-x86_64-pc-linux-gnu/bin/../lib/gcc/nios2-elf/8.3.1/../../../../../H-x86_64-pc-linux-gnu/nios2-elf/lib/mno-hw-mul/libc.a(lib_a-mprec.o)
                0x0000000008009548                _mprec_log10
 .text.__copybits
                0x00000000080095bc       0x6c /home/ajinusnlch/intelFPGA/19.1/nios2eds/bin/gnu/H-x86_64-pc-linux-gnu/bin/../lib/gcc/nios2-elf/8.3.1/../../../../../H-x86_64-pc-linux-gnu/nios2-elf/lib/mno-hw-mul/libc.a(lib_a-mprec.o)
                0x00000000080095bc                __copybits
 .text.__any_on
                0x0000000008009628       0x74 /home/ajinusnlch/intelFPGA/19.1/nios2eds/bin/gnu/H-x86_64-pc-linux-gnu/bin/../lib/gcc/nios2-elf/8.3.1/../../../../../H-x86_64-pc-linux-gnu/nios2-elf/lib/mno-hw-mul/libc.a(lib_a-mprec.o)
                0x0000000008009628                __any_on
 .text          0x000000000800969c        0x0 /home/ajinusnlch/intelFPGA/19.1/nios2eds/bin/gnu/H-x86_64-pc-linux-gnu/bin/../lib/gcc/nios2-elf/8.3.1/../../../../../H-x86_64-pc-linux-gnu/nios2-elf/lib/mno-hw-mul/libc.a(lib_a-putc.o)
 .text._putc_r  0x000000000800969c       0xcc /home/ajinusnlch/intelFPGA/19.1/nios2eds/bin/gnu/H-x86_64-pc-linux-gnu/bin/../lib/gcc/nios2-elf/8.3.1/../../../../../H-x86_64-pc-linux-gnu/nios2-elf/lib/mno-hw-mul/libc.a(lib_a-putc.o)
                0x000000000800969c                _putc_r
 .text.putc     0x0000000008009768       0xe0 /home/ajinusnlch/intelFPGA/19.1/nios2eds/bin/gnu/H-x86_64-pc-linux-gnu/bin/../lib/gcc/nios2-elf/8.3.1/../../../../../H-x86_64-pc-linux-gnu/nios2-elf/lib/mno-hw-mul/libc.a(lib_a-putc.o)
                0x0000000008009768                putc
 .text          0x0000000008009848        0x0 /home/ajinusnlch/intelFPGA/19.1/nios2eds/bin/gnu/H-x86_64-pc-linux-gnu/bin/../lib/gcc/nios2-elf/8.3.1/../../../../../H-x86_64-pc-linux-gnu/nios2-elf/lib/mno-hw-mul/libc.a(lib_a-reallocr.o)
 .text._realloc_r
                0x0000000008009848      0x62c /home/ajinusnlch/intelFPGA/19.1/nios2eds/bin/gnu/H-x86_64-pc-linux-gnu/bin/../lib/gcc/nios2-elf/8.3.1/../../../../../H-x86_64-pc-linux-gnu/nios2-elf/lib/mno-hw-mul/libc.a(lib_a-reallocr.o)
                0x0000000008009848                _realloc_r
 .text          0x0000000008009e74        0x0 /home/ajinusnlch/intelFPGA/19.1/nios2eds/bin/gnu/H-x86_64-pc-linux-gnu/bin/../lib/gcc/nios2-elf/8.3.1/../../../../../H-x86_64-pc-linux-gnu/nios2-elf/lib/mno-hw-mul/libc.a(lib_a-sbrkr.o)
 .text._sbrk_r  0x0000000008009e74       0x58 /home/ajinusnlch/intelFPGA/19.1/nios2eds/bin/gnu/H-x86_64-pc-linux-gnu/bin/../lib/gcc/nios2-elf/8.3.1/../../../../../H-x86_64-pc-linux-gnu/nios2-elf/lib/mno-hw-mul/libc.a(lib_a-sbrkr.o)
                0x0000000008009e74                _sbrk_r
 .text          0x0000000008009ecc        0x0 /home/ajinusnlch/intelFPGA/19.1/nios2eds/bin/gnu/H-x86_64-pc-linux-gnu/bin/../lib/gcc/nios2-elf/8.3.1/../../../../../H-x86_64-pc-linux-gnu/nios2-elf/lib/mno-hw-mul/libc.a(lib_a-stdio.o)
 .text.__sread  0x0000000008009ecc       0x54 /home/ajinusnlch/intelFPGA/19.1/nios2eds/bin/gnu/H-x86_64-pc-linux-gnu/bin/../lib/gcc/nios2-elf/8.3.1/../../../../../H-x86_64-pc-linux-gnu/nios2-elf/lib/mno-hw-mul/libc.a(lib_a-stdio.o)
                0x0000000008009ecc                __sread
 .text.__seofread
                0x0000000008009f20        0x8 /home/ajinusnlch/intelFPGA/19.1/nios2eds/bin/gnu/H-x86_64-pc-linux-gnu/bin/../lib/gcc/nios2-elf/8.3.1/../../../../../H-x86_64-pc-linux-gnu/nios2-elf/lib/mno-hw-mul/libc.a(lib_a-stdio.o)
                0x0000000008009f20                __seofread
 .text.__swrite
                0x0000000008009f28       0x80 /home/ajinusnlch/intelFPGA/19.1/nios2eds/bin/gnu/H-x86_64-pc-linux-gnu/bin/../lib/gcc/nios2-elf/8.3.1/../../../../../H-x86_64-pc-linux-gnu/nios2-elf/lib/mno-hw-mul/libc.a(lib_a-stdio.o)
                0x0000000008009f28                __swrite
 .text.__sseek  0x0000000008009fa8       0x5c /home/ajinusnlch/intelFPGA/19.1/nios2eds/bin/gnu/H-x86_64-pc-linux-gnu/bin/../lib/gcc/nios2-elf/8.3.1/../../../../../H-x86_64-pc-linux-gnu/nios2-elf/lib/mno-hw-mul/libc.a(lib_a-stdio.o)
                0x0000000008009fa8                __sseek
 .text.__sclose
                0x000000000800a004        0x8 /home/ajinusnlch/intelFPGA/19.1/nios2eds/bin/gnu/H-x86_64-pc-linux-gnu/bin/../lib/gcc/nios2-elf/8.3.1/../../../../../H-x86_64-pc-linux-gnu/nios2-elf/lib/mno-hw-mul/libc.a(lib_a-stdio.o)
                0x000000000800a004                __sclose
 .text          0x000000000800a00c        0x0 /home/ajinusnlch/intelFPGA/19.1/nios2eds/bin/gnu/H-x86_64-pc-linux-gnu/bin/../lib/gcc/nios2-elf/8.3.1/../../../../../H-x86_64-pc-linux-gnu/nios2-elf/lib/mno-hw-mul/libc.a(lib_a-vfiprintf.o)
 .text.__sprint_r.part.0
                0x000000000800a00c       0xf4 /home/ajinusnlch/intelFPGA/19.1/nios2eds/bin/gnu/H-x86_64-pc-linux-gnu/bin/../lib/gcc/nios2-elf/8.3.1/../../../../../H-x86_64-pc-linux-gnu/nios2-elf/lib/mno-hw-mul/libc.a(lib_a-vfiprintf.o)
 .text.__sprint_r
                0x000000000800a100       0x18 /home/ajinusnlch/intelFPGA/19.1/nios2eds/bin/gnu/H-x86_64-pc-linux-gnu/bin/../lib/gcc/nios2-elf/8.3.1/../../../../../H-x86_64-pc-linux-gnu/nios2-elf/lib/mno-hw-mul/libc.a(lib_a-vfiprintf.o)
                0x000000000800a100                __sprint_r
 .text.___vfiprintf_internal_r
                0x000000000800a118     0x133c /home/ajinusnlch/intelFPGA/19.1/nios2eds/bin/gnu/H-x86_64-pc-linux-gnu/bin/../lib/gcc/nios2-elf/8.3.1/../../../../../H-x86_64-pc-linux-gnu/nios2-elf/lib/mno-hw-mul/libc.a(lib_a-vfiprintf.o)
                0x000000000800a118                ___vfiprintf_internal_r
 .text.__vfiprintf_internal
                0x000000000800b454       0x18 /home/ajinusnlch/intelFPGA/19.1/nios2eds/bin/gnu/H-x86_64-pc-linux-gnu/bin/../lib/gcc/nios2-elf/8.3.1/../../../../../H-x86_64-pc-linux-gnu/nios2-elf/lib/mno-hw-mul/libc.a(lib_a-vfiprintf.o)
                0x000000000800b454                __vfiprintf_internal
 .text.__sbprintf
                0x000000000800b46c       0xc0 /home/ajinusnlch/intelFPGA/19.1/nios2eds/bin/gnu/H-x86_64-pc-linux-gnu/bin/../lib/gcc/nios2-elf/8.3.1/../../../../../H-x86_64-pc-linux-gnu/nios2-elf/lib/mno-hw-mul/libc.a(lib_a-vfiprintf.o)
 .text          0x000000000800b52c        0x0 /home/ajinusnlch/intelFPGA/19.1/nios2eds/bin/gnu/H-x86_64-pc-linux-gnu/bin/../lib/gcc/nios2-elf/8.3.1/../../../../../H-x86_64-pc-linux-gnu/nios2-elf/lib/mno-hw-mul/libc.a(lib_a-wbuf.o)
 .text.__swbuf_r
                0x000000000800b52c      0x148 /home/ajinusnlch/intelFPGA/19.1/nios2eds/bin/gnu/H-x86_64-pc-linux-gnu/bin/../lib/gcc/nios2-elf/8.3.1/../../../../../H-x86_64-pc-linux-gnu/nios2-elf/lib/mno-hw-mul/libc.a(lib_a-wbuf.o)
                0x000000000800b52c                __swbuf_r
 .text.__swbuf  0x000000000800b674       0x14 /home/ajinusnlch/intelFPGA/19.1/nios2eds/bin/gnu/H-x86_64-pc-linux-gnu/bin/../lib/gcc/nios2-elf/8.3.1/../../../../../H-x86_64-pc-linux-gnu/nios2-elf/lib/mno-hw-mul/libc.a(lib_a-wbuf.o)
                0x000000000800b674                __swbuf
 .text          0x000000000800b688        0x0 /home/ajinusnlch/intelFPGA/19.1/nios2eds/bin/gnu/H-x86_64-pc-linux-gnu/bin/../lib/gcc/nios2-elf/8.3.1/../../../../../H-x86_64-pc-linux-gnu/nios2-elf/lib/mno-hw-mul/libc.a(lib_a-writer.o)
 .text._write_r
                0x000000000800b688       0x64 /home/ajinusnlch/intelFPGA/19.1/nios2eds/bin/gnu/H-x86_64-pc-linux-gnu/bin/../lib/gcc/nios2-elf/8.3.1/../../../../../H-x86_64-pc-linux-gnu/nios2-elf/lib/mno-hw-mul/libc.a(lib_a-writer.o)
                0x000000000800b688                _write_r
 .text          0x000000000800b6ec        0x0 /home/ajinusnlch/intelFPGA/19.1/nios2eds/bin/gnu/H-x86_64-pc-linux-gnu/bin/../lib/gcc/nios2-elf/8.3.1/../../../../../H-x86_64-pc-linux-gnu/nios2-elf/lib/mno-hw-mul/libc.a(closer.o)
 .text._close_r
                0x000000000800b6ec       0x58 /home/ajinusnlch/intelFPGA/19.1/nios2eds/bin/gnu/H-x86_64-pc-linux-gnu/bin/../lib/gcc/nios2-elf/8.3.1/../../../../../H-x86_64-pc-linux-gnu/nios2-elf/lib/mno-hw-mul/libc.a(closer.o)
                0x000000000800b6ec                _close_r
 .text          0x000000000800b744        0x0 /home/ajinusnlch/intelFPGA/19.1/nios2eds/bin/gnu/H-x86_64-pc-linux-gnu/bin/../lib/gcc/nios2-elf/8.3.1/../../../../../H-x86_64-pc-linux-gnu/nios2-elf/lib/mno-hw-mul/libc.a(lib_a-callocr.o)
 .text._calloc_r
                0x000000000800b744       0xcc /home/ajinusnlch/intelFPGA/19.1/nios2eds/bin/gnu/H-x86_64-pc-linux-gnu/bin/../lib/gcc/nios2-elf/8.3.1/../../../../../H-x86_64-pc-linux-gnu/nios2-elf/lib/mno-hw-mul/libc.a(lib_a-callocr.o)
                0x000000000800b744                _calloc_r
 .text          0x000000000800b810        0x0 /home/ajinusnlch/intelFPGA/19.1/nios2eds/bin/gnu/H-x86_64-pc-linux-gnu/bin/../lib/gcc/nios2-elf/8.3.1/../../../../../H-x86_64-pc-linux-gnu/nios2-elf/lib/mno-hw-mul/libc.a(lib_a-fclose.o)
 .text._fclose_r
                0x000000000800b810       0xf8 /home/ajinusnlch/intelFPGA/19.1/nios2eds/bin/gnu/H-x86_64-pc-linux-gnu/bin/../lib/gcc/nios2-elf/8.3.1/../../../../../H-x86_64-pc-linux-gnu/nios2-elf/lib/mno-hw-mul/libc.a(lib_a-fclose.o)
                0x000000000800b810                _fclose_r
 .text.fclose   0x000000000800b908       0x10 /home/ajinusnlch/intelFPGA/19.1/nios2eds/bin/gnu/H-x86_64-pc-linux-gnu/bin/../lib/gcc/nios2-elf/8.3.1/../../../../../H-x86_64-pc-linux-gnu/nios2-elf/lib/mno-hw-mul/libc.a(lib_a-fclose.o)
                0x000000000800b908                fclose
 .text          0x000000000800b918        0x0 /home/ajinusnlch/intelFPGA/19.1/nios2eds/bin/gnu/H-x86_64-pc-linux-gnu/bin/../lib/gcc/nios2-elf/8.3.1/../../../../../H-x86_64-pc-linux-gnu/nios2-elf/lib/mno-hw-mul/libc.a(lib_a-fputwc.o)
 .text.__fputwc
                0x000000000800b918      0x150 /home/ajinusnlch/intelFPGA/19.1/nios2eds/bin/gnu/H-x86_64-pc-linux-gnu/bin/../lib/gcc/nios2-elf/8.3.1/../../../../../H-x86_64-pc-linux-gnu/nios2-elf/lib/mno-hw-mul/libc.a(lib_a-fputwc.o)
                0x000000000800b918                __fputwc
 .text._fputwc_r
                0x000000000800ba68       0x24 /home/ajinusnlch/intelFPGA/19.1/nios2eds/bin/gnu/H-x86_64-pc-linux-gnu/bin/../lib/gcc/nios2-elf/8.3.1/../../../../../H-x86_64-pc-linux-gnu/nios2-elf/lib/mno-hw-mul/libc.a(lib_a-fputwc.o)
                0x000000000800ba68                _fputwc_r
 .text.fputwc   0x000000000800ba8c       0x7c /home/ajinusnlch/intelFPGA/19.1/nios2eds/bin/gnu/H-x86_64-pc-linux-gnu/bin/../lib/gcc/nios2-elf/8.3.1/../../../../../H-x86_64-pc-linux-gnu/nios2-elf/lib/mno-hw-mul/libc.a(lib_a-fputwc.o)
                0x000000000800ba8c                fputwc
 .text          0x000000000800bb08        0x0 /home/ajinusnlch/intelFPGA/19.1/nios2eds/bin/gnu/H-x86_64-pc-linux-gnu/bin/../lib/gcc/nios2-elf/8.3.1/../../../../../H-x86_64-pc-linux-gnu/nios2-elf/lib/mno-hw-mul/libc.a(lib_a-fstatr.o)
 .text._fstat_r
                0x000000000800bb08       0x60 /home/ajinusnlch/intelFPGA/19.1/nios2eds/bin/gnu/H-x86_64-pc-linux-gnu/bin/../lib/gcc/nios2-elf/8.3.1/../../../../../H-x86_64-pc-linux-gnu/nios2-elf/lib/mno-hw-mul/libc.a(lib_a-fstatr.o)
                0x000000000800bb08                _fstat_r
 .text          0x000000000800bb68        0x0 /home/ajinusnlch/intelFPGA/19.1/nios2eds/bin/gnu/H-x86_64-pc-linux-gnu/bin/../lib/gcc/nios2-elf/8.3.1/../../../../../H-x86_64-pc-linux-gnu/nios2-elf/lib/mno-hw-mul/libc.a(lib_a-int_errno.o)
 .text          0x000000000800bb68        0x0 /home/ajinusnlch/intelFPGA/19.1/nios2eds/bin/gnu/H-x86_64-pc-linux-gnu/bin/../lib/gcc/nios2-elf/8.3.1/../../../../../H-x86_64-pc-linux-gnu/nios2-elf/lib/mno-hw-mul/libc.a(lib_a-isattyr.o)
 .text._isatty_r
                0x000000000800bb68       0x58 /home/ajinusnlch/intelFPGA/19.1/nios2eds/bin/gnu/H-x86_64-pc-linux-gnu/bin/../lib/gcc/nios2-elf/8.3.1/../../../../../H-x86_64-pc-linux-gnu/nios2-elf/lib/mno-hw-mul/libc.a(lib_a-isattyr.o)
                0x000000000800bb68                _isatty_r
 .text          0x000000000800bbc0        0x0 /home/ajinusnlch/intelFPGA/19.1/nios2eds/bin/gnu/H-x86_64-pc-linux-gnu/bin/../lib/gcc/nios2-elf/8.3.1/../../../../../H-x86_64-pc-linux-gnu/nios2-elf/lib/mno-hw-mul/libc.a(lib_a-locale.o)
 .text._setlocale_r
                0x000000000800bbc0       0x70 /home/ajinusnlch/intelFPGA/19.1/nios2eds/bin/gnu/H-x86_64-pc-linux-gnu/bin/../lib/gcc/nios2-elf/8.3.1/../../../../../H-x86_64-pc-linux-gnu/nios2-elf/lib/mno-hw-mul/libc.a(lib_a-locale.o)
                0x000000000800bbc0                _setlocale_r
 .text.__locale_mb_cur_max
                0x000000000800bc30        0xc /home/ajinusnlch/intelFPGA/19.1/nios2eds/bin/gnu/H-x86_64-pc-linux-gnu/bin/../lib/gcc/nios2-elf/8.3.1/../../../../../H-x86_64-pc-linux-gnu/nios2-elf/lib/mno-hw-mul/libc.a(lib_a-locale.o)
                0x000000000800bc30                __locale_mb_cur_max
 .text.setlocale
                0x000000000800bc3c       0x14 /home/ajinusnlch/intelFPGA/19.1/nios2eds/bin/gnu/H-x86_64-pc-linux-gnu/bin/../lib/gcc/nios2-elf/8.3.1/../../../../../H-x86_64-pc-linux-gnu/nios2-elf/lib/mno-hw-mul/libc.a(lib_a-locale.o)
                0x000000000800bc3c                setlocale
 .text          0x000000000800bc50        0x0 /home/ajinusnlch/intelFPGA/19.1/nios2eds/bin/gnu/H-x86_64-pc-linux-gnu/bin/../lib/gcc/nios2-elf/8.3.1/../../../../../H-x86_64-pc-linux-gnu/nios2-elf/lib/mno-hw-mul/libc.a(lib_a-lseekr.o)
 .text._lseek_r
                0x000000000800bc50       0x64 /home/ajinusnlch/intelFPGA/19.1/nios2eds/bin/gnu/H-x86_64-pc-linux-gnu/bin/../lib/gcc/nios2-elf/8.3.1/../../../../../H-x86_64-pc-linux-gnu/nios2-elf/lib/mno-hw-mul/libc.a(lib_a-lseekr.o)
                0x000000000800bc50                _lseek_r
 .text          0x000000000800bcb4        0x0 /home/ajinusnlch/intelFPGA/19.1/nios2eds/bin/gnu/H-x86_64-pc-linux-gnu/bin/../lib/gcc/nios2-elf/8.3.1/../../../../../H-x86_64-pc-linux-gnu/nios2-elf/lib/mno-hw-mul/libc.a(lib_a-mbtowc_r.o)
 .text._mbtowc_r
                0x000000000800bcb4        0xc /home/ajinusnlch/intelFPGA/19.1/nios2eds/bin/gnu/H-x86_64-pc-linux-gnu/bin/../lib/gcc/nios2-elf/8.3.1/../../../../../H-x86_64-pc-linux-gnu/nios2-elf/lib/mno-hw-mul/libc.a(lib_a-mbtowc_r.o)
                0x000000000800bcb4                _mbtowc_r
 .text.__ascii_mbtowc
                0x000000000800bcc0       0x44 /home/ajinusnlch/intelFPGA/19.1/nios2eds/bin/gnu/H-x86_64-pc-linux-gnu/bin/../lib/gcc/nios2-elf/8.3.1/../../../../../H-x86_64-pc-linux-gnu/nios2-elf/lib/mno-hw-mul/libc.a(lib_a-mbtowc_r.o)
                0x000000000800bcc0                __ascii_mbtowc
 .text          0x000000000800bd04        0x0 /home/ajinusnlch/intelFPGA/19.1/nios2eds/bin/gnu/H-x86_64-pc-linux-gnu/bin/../lib/gcc/nios2-elf/8.3.1/../../../../../H-x86_64-pc-linux-gnu/nios2-elf/lib/mno-hw-mul/libc.a(lib_a-readr.o)
 .text._read_r  0x000000000800bd04       0x64 /home/ajinusnlch/intelFPGA/19.1/nios2eds/bin/gnu/H-x86_64-pc-linux-gnu/bin/../lib/gcc/nios2-elf/8.3.1/../../../../../H-x86_64-pc-linux-gnu/nios2-elf/lib/mno-hw-mul/libc.a(lib_a-readr.o)
                0x000000000800bd04                _read_r
 .text          0x000000000800bd68        0x0 /home/ajinusnlch/intelFPGA/19.1/nios2eds/bin/gnu/H-x86_64-pc-linux-gnu/bin/../lib/gcc/nios2-elf/8.3.1/../../../../../H-x86_64-pc-linux-gnu/nios2-elf/lib/mno-hw-mul/libc.a(lib_a-strcmp.o)
 .text.strcmp   0x000000000800bd68       0xd8 /home/ajinusnlch/intelFPGA/19.1/nios2eds/bin/gnu/H-x86_64-pc-linux-gnu/bin/../lib/gcc/nios2-elf/8.3.1/../../../../../H-x86_64-pc-linux-gnu/nios2-elf/lib/mno-hw-mul/libc.a(lib_a-strcmp.o)
                0x000000000800bd68                strcmp
 .text          0x000000000800be40        0x0 /home/ajinusnlch/intelFPGA/19.1/nios2eds/bin/gnu/H-x86_64-pc-linux-gnu/bin/../lib/gcc/nios2-elf/8.3.1/../../../../../H-x86_64-pc-linux-gnu/nios2-elf/lib/mno-hw-mul/libc.a(lib_a-wcrtomb.o)
 .text._wcrtomb_r
                0x000000000800be40       0x6c /home/ajinusnlch/intelFPGA/19.1/nios2eds/bin/gnu/H-x86_64-pc-linux-gnu/bin/../lib/gcc/nios2-elf/8.3.1/../../../../../H-x86_64-pc-linux-gnu/nios2-elf/lib/mno-hw-mul/libc.a(lib_a-wcrtomb.o)
                0x000000000800be40                _wcrtomb_r
 .text.wcrtomb  0x000000000800beac       0x84 /home/ajinusnlch/intelFPGA/19.1/nios2eds/bin/gnu/H-x86_64-pc-linux-gnu/bin/../lib/gcc/nios2-elf/8.3.1/../../../../../H-x86_64-pc-linux-gnu/nios2-elf/lib/mno-hw-mul/libc.a(lib_a-wcrtomb.o)
                0x000000000800beac                wcrtomb
 .text          0x000000000800bf30        0x0 /home/ajinusnlch/intelFPGA/19.1/nios2eds/bin/gnu/H-x86_64-pc-linux-gnu/bin/../lib/gcc/nios2-elf/8.3.1/../../../../../H-x86_64-pc-linux-gnu/nios2-elf/lib/mno-hw-mul/libc.a(lib_a-wctomb_r.o)
 .text._wctomb_r
                0x000000000800bf30        0xc /home/ajinusnlch/intelFPGA/19.1/nios2eds/bin/gnu/H-x86_64-pc-linux-gnu/bin/../lib/gcc/nios2-elf/8.3.1/../../../../../H-x86_64-pc-linux-gnu/nios2-elf/lib/mno-hw-mul/libc.a(lib_a-wctomb_r.o)
                0x000000000800bf30                _wctomb_r
 .text.__ascii_wctomb
                0x000000000800bf3c       0x30 /home/ajinusnlch/intelFPGA/19.1/nios2eds/bin/gnu/H-x86_64-pc-linux-gnu/bin/../lib/gcc/nios2-elf/8.3.1/../../../../../H-x86_64-pc-linux-gnu/nios2-elf/lib/mno-hw-mul/libc.a(lib_a-wctomb_r.o)
                0x000000000800bf3c                __ascii_wctomb
 .text          0x000000000800bf6c        0x0 /home/ajinusnlch/intelFPGA/19.1/nios2eds/bin/gnu/H-x86_64-pc-linux-gnu/bin/../lib/gcc/nios2-elf/8.3.1/../../../../../H-x86_64-pc-linux-gnu/nios2-elf/lib/mno-hw-mul/libc.a(lib_a-ctype_.o)
 .text          0x000000000800bf6c      0x61c /home/ajinusnlch/intelFPGA/19.1/nios2eds/bin/gnu/H-x86_64-pc-linux-gnu/bin/../lib/gcc/nios2-elf/8.3.1/mno-hw-mul/libgcc.a(_udivdi3.o)
                0x000000000800bf6c                __udivdi3
 .text          0x000000000800c588      0x5c8 /home/ajinusnlch/intelFPGA/19.1/nios2eds/bin/gnu/H-x86_64-pc-linux-gnu/bin/../lib/gcc/nios2-elf/8.3.1/mno-hw-mul/libgcc.a(_umoddi3.o)
                0x000000000800c588                __umoddi3
 .text          0x000000000800cb50      0x9a0 /home/ajinusnlch/intelFPGA/19.1/nios2eds/bin/gnu/H-x86_64-pc-linux-gnu/bin/../lib/gcc/nios2-elf/8.3.1/mno-hw-mul/libgcc.a(adddf3.o)
                0x000000000800cb50                __adddf3
 .text          0x000000000800d4f0      0x964 /home/ajinusnlch/intelFPGA/19.1/nios2eds/bin/gnu/H-x86_64-pc-linux-gnu/bin/../lib/gcc/nios2-elf/8.3.1/mno-hw-mul/libgcc.a(divdf3.o)
                0x000000000800d4f0                __divdf3
 .text          0x000000000800de54       0x80 /home/ajinusnlch/intelFPGA/19.1/nios2eds/bin/gnu/H-x86_64-pc-linux-gnu/bin/../lib/gcc/nios2-elf/8.3.1/mno-hw-mul/libgcc.a(eqdf2.o)
                0x000000000800de54                __eqdf2
                0x000000000800de54                __nedf2
 .text          0x000000000800ded4       0xf0 /home/ajinusnlch/intelFPGA/19.1/nios2eds/bin/gnu/H-x86_64-pc-linux-gnu/bin/../lib/gcc/nios2-elf/8.3.1/mno-hw-mul/libgcc.a(gedf2.o)
                0x000000000800ded4                __gtdf2
                0x000000000800ded4                __gedf2
 .text          0x000000000800dfc4       0xf0 /home/ajinusnlch/intelFPGA/19.1/nios2eds/bin/gnu/H-x86_64-pc-linux-gnu/bin/../lib/gcc/nios2-elf/8.3.1/mno-hw-mul/libgcc.a(ledf2.o)
                0x000000000800dfc4                __ltdf2
                0x000000000800dfc4                __ledf2
 .text          0x000000000800e0b4      0x7e0 /home/ajinusnlch/intelFPGA/19.1/nios2eds/bin/gnu/H-x86_64-pc-linux-gnu/bin/../lib/gcc/nios2-elf/8.3.1/mno-hw-mul/libgcc.a(muldf3.o)
                0x000000000800e0b4                __muldf3
 .text          0x000000000800e894      0x96c /home/ajinusnlch/intelFPGA/19.1/nios2eds/bin/gnu/H-x86_64-pc-linux-gnu/bin/../lib/gcc/nios2-elf/8.3.1/mno-hw-mul/libgcc.a(subdf3.o)
                0x000000000800e894                __subdf3
 .text          0x000000000800f200       0x54 /home/ajinusnlch/intelFPGA/19.1/nios2eds/bin/gnu/H-x86_64-pc-linux-gnu/bin/../lib/gcc/nios2-elf/8.3.1/mno-hw-mul/libgcc.a(unorddf2.o)
                0x000000000800f200                __unorddf2
 .text          0x000000000800f254       0x80 /home/ajinusnlch/intelFPGA/19.1/nios2eds/bin/gnu/H-x86_64-pc-linux-gnu/bin/../lib/gcc/nios2-elf/8.3.1/mno-hw-mul/libgcc.a(fixdfsi.o)
                0x000000000800f254                __fixdfsi
 .text          0x000000000800f2d4       0xc8 /home/ajinusnlch/intelFPGA/19.1/nios2eds/bin/gnu/H-x86_64-pc-linux-gnu/bin/../lib/gcc/nios2-elf/8.3.1/mno-hw-mul/libgcc.a(floatsidf.o)
                0x000000000800f2d4                __floatsidf
 .text          0x000000000800f39c       0x9c /home/ajinusnlch/intelFPGA/19.1/nios2eds/bin/gnu/H-x86_64-pc-linux-gnu/bin/../lib/gcc/nios2-elf/8.3.1/mno-hw-mul/libgcc.a(floatunsidf.o)
                0x000000000800f39c                __floatunsidf
 .text          0x000000000800f438        0x0 /home/ajinusnlch/intelFPGA/19.1/nios2eds/bin/gnu/H-x86_64-pc-linux-gnu/bin/../lib/gcc/nios2-elf/8.3.1/mno-hw-mul/libgcc.a(_clz.o)
 .text          0x000000000800f438       0x54 /home/ajinusnlch/intelFPGA/19.1/nios2eds/bin/gnu/H-x86_64-pc-linux-gnu/bin/../lib/gcc/nios2-elf/8.3.1/mno-hw-mul/libgcc.a(_clzsi2.o)
                0x000000000800f438                __clzsi2
 .text          0x000000000800f48c      0x118 ../usb_kb_bsp//libhal_bsp.a(alt_close.o)
                0x000000000800f4c8                close
 .text          0x000000000800f5a4       0x2c ../usb_kb_bsp//libhal_bsp.a(alt_dev.o)
 .text          0x000000000800f5d0        0x0 ../usb_kb_bsp//libhal_bsp.a(alt_errno.o)
 .text          0x000000000800f5d0       0xf8 ../usb_kb_bsp//libhal_bsp.a(alt_fstat.o)
                0x000000000800f60c                fstat
 .text          0x000000000800f6c8       0xec ../usb_kb_bsp//libhal_bsp.a(alt_isatty.o)
                0x000000000800f704                isatty
 .text          0x000000000800f7b4       0xec ../usb_kb_bsp//libhal_bsp.a(alt_load.o)
                0x000000000800f81c                alt_load
 .text          0x000000000800f8a0      0x11c ../usb_kb_bsp//libhal_bsp.a(alt_lseek.o)
                0x000000000800f8dc                lseek
 .text          0x000000000800f9bc       0x7c ../usb_kb_bsp//libhal_bsp.a(alt_main.o)
                0x000000000800f9bc                alt_main
 .text          0x000000000800fa38       0x48 ../usb_kb_bsp//libhal_bsp.a(alt_malloc_lock.o)
                0x000000000800fa38                __malloc_lock
                0x000000000800fa5c                __malloc_unlock
 .text          0x000000000800fa80      0x144 ../usb_kb_bsp//libhal_bsp.a(alt_read.o)
                0x000000000800fabc                read
 .text          0x000000000800fbc4       0x70 ../usb_kb_bsp//libhal_bsp.a(alt_release_fd.o)
                0x000000000800fbc4                alt_release_fd
 .text          0x000000000800fc34       0xb0 ../usb_kb_bsp//libhal_bsp.a(alt_sbrk.o)
                0x000000000800fc34                sbrk
 .text          0x000000000800fce4      0x1a4 ../usb_kb_bsp//libhal_bsp.a(alt_tick.o)
                0x000000000800fce4                alt_alarm_stop
                0x000000000800fd80                alt_tick
 .text          0x000000000800fe88       0x30 ../usb_kb_bsp//libhal_bsp.a(alt_usleep.o)
                0x000000000800fe88                usleep
 .text          0x000000000800feb8      0x140 ../usb_kb_bsp//libhal_bsp.a(alt_write.o)
                0x000000000800fef4                write
 .text          0x000000000800fff8       0xd0 ../usb_kb_bsp//libhal_bsp.a(alt_sys_init.o)
                0x000000000801002c                alt_irq_init
                0x0000000008010064                alt_sys_init
 .text          0x00000000080100c8      0x164 ../usb_kb_bsp//libhal_bsp.a(altera_avalon_jtag_uart_fd.o)
                0x00000000080100c8                altera_avalon_jtag_uart_read_fd
                0x0000000008010128                altera_avalon_jtag_uart_write_fd
                0x0000000008010188                altera_avalon_jtag_uart_close_fd
                0x00000000080101d8                altera_avalon_jtag_uart_ioctl_fd
 .text          0x000000000801022c      0x3cc ../usb_kb_bsp//libhal_bsp.a(altera_avalon_jtag_uart_init.o)
                0x000000000801022c                altera_avalon_jtag_uart_init
                0x0000000008010590                altera_avalon_jtag_uart_close
 .text          0x00000000080105f8       0xf4 ../usb_kb_bsp//libhal_bsp.a(altera_avalon_jtag_uart_ioctl.o)
                0x00000000080105f8                altera_avalon_jtag_uart_ioctl
 .text          0x00000000080106ec      0x21c ../usb_kb_bsp//libhal_bsp.a(altera_avalon_jtag_uart_read.o)
                0x00000000080106ec                altera_avalon_jtag_uart_read
 .text          0x0000000008010908      0x224 ../usb_kb_bsp//libhal_bsp.a(altera_avalon_jtag_uart_write.o)
                0x0000000008010908                altera_avalon_jtag_uart_write
 .text          0x0000000008010b2c       0xf4 ../usb_kb_bsp//libhal_bsp.a(altera_avalon_timer_sc.o)
                0x0000000008010ba4                alt_avalon_timer_sc_init
 .text          0x0000000008010c20      0x12c ../usb_kb_bsp//libhal_bsp.a(alt_alarm_start.o)
                0x0000000008010c20                alt_alarm_start
 .text          0x0000000008010d4c      0x158 ../usb_kb_bsp//libhal_bsp.a(alt_busy_sleep.o)
                0x0000000008010d4c                alt_busy_sleep
 .text          0x0000000008010ea4       0x20 ../usb_kb_bsp//libhal_bsp.a(alt_dcache_flush_all.o)
                0x0000000008010ea4                alt_dcache_flush_all
 .text          0x0000000008010ec4       0xe0 ../usb_kb_bsp//libhal_bsp.a(alt_dev_llist_insert.o)
                0x0000000008010f00                alt_dev_llist_insert
 .text          0x0000000008010fa4       0x60 ../usb_kb_bsp//libhal_bsp.a(alt_do_ctors.o)
                0x0000000008010fa4                _do_ctors
 .text          0x0000000008011004       0x60 ../usb_kb_bsp//libhal_bsp.a(alt_do_dtors.o)
                0x0000000008011004                _do_dtors
 .text          0x0000000008011064       0x20 ../usb_kb_bsp//libhal_bsp.a(alt_icache_flush_all.o)
                0x0000000008011064                alt_icache_flush_all
 .text          0x0000000008011084      0x1b0 ../usb_kb_bsp//libhal_bsp.a(alt_iic.o)
                0x0000000008011084                alt_ic_isr_register
                0x00000000080110d4                alt_ic_irq_enable
                0x000000000801115c                alt_ic_irq_disable
                0x00000000080111e8                alt_ic_irq_enabled
 .text          0x0000000008011234       0xe4 ../usb_kb_bsp//libhal_bsp.a(alt_iic_isr_register.o)
                0x0000000008011234                alt_iic_isr_register
 .text          0x0000000008011318      0x150 ../usb_kb_bsp//libhal_bsp.a(alt_io_redirect.o)
                0x00000000080113ec                alt_io_redirect
 .text          0x0000000008011468        0x0 ../usb_kb_bsp//libhal_bsp.a(alt_irq_entry.o)
 .text          0x0000000008011468        0x0 ../usb_kb_bsp//libhal_bsp.a(alt_irq_handler.o)
 .text          0x0000000008011468        0x0 ../usb_kb_bsp//libhal_bsp.a(alt_irq_vars.o)
 .text          0x0000000008011468      0x278 ../usb_kb_bsp//libhal_bsp.a(alt_open.o)
                0x0000000008011580                open
 .text          0x00000000080116e0       0x24 ../usb_kb_bsp//libhal_bsp.a(altera_nios2_gen2_irq.o)
                0x00000000080116e0                altera_nios2_gen2_irq_init
 .text          0x0000000008011704        0x0 ../usb_kb_bsp//libhal_bsp.a(alt_exception_entry.o)
 .text          0x0000000008011704       0x90 ../usb_kb_bsp//libhal_bsp.a(alt_find_dev.o)
                0x0000000008011704                alt_find_dev
 .text          0x0000000008011794      0x108 ../usb_kb_bsp//libhal_bsp.a(alt_find_file.o)
                0x0000000008011794                alt_find_file
 .text          0x000000000801189c       0xb8 ../usb_kb_bsp//libhal_bsp.a(alt_get_fd.o)
                0x000000000801189c                alt_get_fd
 .text          0x0000000008011954       0x98 ../usb_kb_bsp//libhal_bsp.a(alt_instruction_exception_entry.o)
                0x0000000008011954                alt_exception_cause_generated_bad_addr
 .text          0x00000000080119ec        0x0 /home/ajinusnlch/intelFPGA/19.1/nios2eds/bin/gnu/H-x86_64-pc-linux-gnu/bin/../lib/gcc/nios2-elf/8.3.1/../../../../../H-x86_64-pc-linux-gnu/nios2-elf/lib/mno-hw-mul/libc.a(lib_a-atexit.o)
 .text.atexit   0x00000000080119ec       0x14 /home/ajinusnlch/intelFPGA/19.1/nios2eds/bin/gnu/H-x86_64-pc-linux-gnu/bin/../lib/gcc/nios2-elf/8.3.1/../../../../../H-x86_64-pc-linux-gnu/nios2-elf/lib/mno-hw-mul/libc.a(lib_a-atexit.o)
                0x00000000080119ec                atexit
 .text          0x0000000008011a00        0x0 /home/ajinusnlch/intelFPGA/19.1/nios2eds/bin/gnu/H-x86_64-pc-linux-gnu/bin/../lib/gcc/nios2-elf/8.3.1/../../../../../H-x86_64-pc-linux-gnu/nios2-elf/lib/mno-hw-mul/libc.a(lib_a-exit.o)
 .text.exit     0x0000000008011a00       0x34 /home/ajinusnlch/intelFPGA/19.1/nios2eds/bin/gnu/H-x86_64-pc-linux-gnu/bin/../lib/gcc/nios2-elf/8.3.1/../../../../../H-x86_64-pc-linux-gnu/nios2-elf/lib/mno-hw-mul/libc.a(lib_a-exit.o)
                0x0000000008011a00                exit
 .text          0x0000000008011a34        0x0 /home/ajinusnlch/intelFPGA/19.1/nios2eds/bin/gnu/H-x86_64-pc-linux-gnu/bin/../lib/gcc/nios2-elf/8.3.1/../../../../../H-x86_64-pc-linux-gnu/nios2-elf/lib/mno-hw-mul/libc.a(lib_a-memcmp.o)
 .text.memcmp   0x0000000008011a34       0x8c /home/ajinusnlch/intelFPGA/19.1/nios2eds/bin/gnu/H-x86_64-pc-linux-gnu/bin/../lib/gcc/nios2-elf/8.3.1/../../../../../H-x86_64-pc-linux-gnu/nios2-elf/lib/mno-hw-mul/libc.a(lib_a-memcmp.o)
                0x0000000008011a34                memcmp
 .text          0x0000000008011ac0        0x0 /home/ajinusnlch/intelFPGA/19.1/nios2eds/bin/gnu/H-x86_64-pc-linux-gnu/bin/../lib/gcc/nios2-elf/8.3.1/../../../../../H-x86_64-pc-linux-gnu/nios2-elf/lib/mno-hw-mul/libc.a(lib_a-__atexit.o)
 .text.__register_exitproc
                0x0000000008011ac0       0x90 /home/ajinusnlch/intelFPGA/19.1/nios2eds/bin/gnu/H-x86_64-pc-linux-gnu/bin/../lib/gcc/nios2-elf/8.3.1/../../../../../H-x86_64-pc-linux-gnu/nios2-elf/lib/mno-hw-mul/libc.a(lib_a-__atexit.o)
                0x0000000008011ac0                __register_exitproc
 .text          0x0000000008011b50        0x0 /home/ajinusnlch/intelFPGA/19.1/nios2eds/bin/gnu/H-x86_64-pc-linux-gnu/bin/../lib/gcc/nios2-elf/8.3.1/../../../../../H-x86_64-pc-linux-gnu/nios2-elf/lib/mno-hw-mul/libc.a(lib_a-__call_atexit.o)
 .text.__call_exitprocs
                0x0000000008011b50      0x118 /home/ajinusnlch/intelFPGA/19.1/nios2eds/bin/gnu/H-x86_64-pc-linux-gnu/bin/../lib/gcc/nios2-elf/8.3.1/../../../../../H-x86_64-pc-linux-gnu/nios2-elf/lib/mno-hw-mul/libc.a(lib_a-__call_atexit.o)
                0x0000000008011b50                __call_exitprocs
 .text          0x0000000008011c68       0x34 ../usb_kb_bsp//libhal_bsp.a(alt_exit.o)
                0x0000000008011c68                _exit
 *(.gnu.warning.*)
 *(.fini)
                [!provide]                        PROVIDE (__etext = ABSOLUTE (.))
                [!provide]                        PROVIDE (_etext = ABSOLUTE (.))
                [!provide]                        PROVIDE (etext = ABSOLUTE (.))
 *(.eh_frame_hdr)
                0x0000000008011c9c                . = ALIGN (0x4)
                [!provide]                        PROVIDE (__preinit_array_start = ABSOLUTE (.))
 *(.preinit_array)
                [!provide]                        PROVIDE (__preinit_array_end = ABSOLUTE (.))
                [!provide]                        PROVIDE (__init_array_start = ABSOLUTE (.))
 *(.init_array)
                [!provide]                        PROVIDE (__init_array_end = ABSOLUTE (.))
                [!provide]                        PROVIDE (__fini_array_start = ABSOLUTE (.))
 *(.fini_array)
                [!provide]                        PROVIDE (__fini_array_end = ABSOLUTE (.))
 *(.eh_frame)
 *(.gcc_except_table .gcc_except_table.*)
 *(.dynamic)
                0x0000000008011c9c                PROVIDE (__CTOR_LIST__ = ABSOLUTE (.))
 *(.ctors)
 *(SORT_BY_NAME(.ctors.*))
                0x0000000008011c9c                PROVIDE (__CTOR_END__ = ABSOLUTE (.))
                0x0000000008011c9c                PROVIDE (__DTOR_LIST__ = ABSOLUTE (.))
 *(.dtors)
 *(SORT_BY_NAME(.dtors.*))
                0x0000000008011c9c                PROVIDE (__DTOR_END__ = ABSOLUTE (.))
 *(.jcr)
                0x0000000008011c9c                . = ALIGN (0x4)

.rodata         0x0000000008011c9c      0x7b0
                0x0000000008011c9c                PROVIDE (__ram_rodata_start = ABSOLUTE (.))
                0x0000000008011c9c                . = ALIGN (0x4)
 *(.rodata .rodata.* .gnu.linkonce.r.*)
 .rodata        0x0000000008011c9c      0x18d obj/default/main.o
                0x0000000008011cd8                devclasses
 *fill*         0x0000000008011e29        0x3 
 .rodata        0x0000000008011e2c       0x69 obj/default/usb_kb/MAX3421E.o
 *fill*         0x0000000008011e95        0x3 
 .rodata        0x0000000008011e98       0x30 obj/default/usb_kb/transfer.o
 .rodata._puts_r.str1.4
                0x0000000008011ec8        0x2 /home/ajinusnlch/intelFPGA/19.1/nios2eds/bin/gnu/H-x86_64-pc-linux-gnu/bin/../lib/gcc/nios2-elf/8.3.1/../../../../../H-x86_64-pc-linux-gnu/nios2-elf/lib/mno-hw-mul/libc.a(lib_a-puts.o)
 *fill*         0x0000000008011eca        0x2 
 .rodata.___vfprintf_internal_r.str1.4
                0x0000000008011ecc       0x42 /home/ajinusnlch/intelFPGA/19.1/nios2eds/bin/gnu/H-x86_64-pc-linux-gnu/bin/../lib/gcc/nios2-elf/8.3.1/../../../../../H-x86_64-pc-linux-gnu/nios2-elf/lib/mno-hw-mul/libc.a(lib_a-vfprintf.o)
 .rodata.zeroes.5227
                0x0000000008011f0e       0x10 /home/ajinusnlch/intelFPGA/19.1/nios2eds/bin/gnu/H-x86_64-pc-linux-gnu/bin/../lib/gcc/nios2-elf/8.3.1/../../../../../H-x86_64-pc-linux-gnu/nios2-elf/lib/mno-hw-mul/libc.a(lib_a-vfprintf.o)
 .rodata.blanks.5226
                0x0000000008011f1e       0x10 /home/ajinusnlch/intelFPGA/19.1/nios2eds/bin/gnu/H-x86_64-pc-linux-gnu/bin/../lib/gcc/nios2-elf/8.3.1/../../../../../H-x86_64-pc-linux-gnu/nios2-elf/lib/mno-hw-mul/libc.a(lib_a-vfprintf.o)
 *fill*         0x0000000008011f2e        0x2 
 .rodata._dtoa_r.str1.4
                0x0000000008011f30        0xd /home/ajinusnlch/intelFPGA/19.1/nios2eds/bin/gnu/H-x86_64-pc-linux-gnu/bin/../lib/gcc/nios2-elf/8.3.1/../../../../../H-x86_64-pc-linux-gnu/nios2-elf/lib/mno-hw-mul/libc.a(lib_a-dtoa.o)
                                         0x12 (size before relaxing)
 *fill*         0x0000000008011f3d        0x3 
 .rodata.p05.4024
                0x0000000008011f40        0xc /home/ajinusnlch/intelFPGA/19.1/nios2eds/bin/gnu/H-x86_64-pc-linux-gnu/bin/../lib/gcc/nios2-elf/8.3.1/../../../../../H-x86_64-pc-linux-gnu/nios2-elf/lib/mno-hw-mul/libc.a(lib_a-mprec.o)
 .rodata.__mprec_tinytens
                0x0000000008011f4c       0x28 /home/ajinusnlch/intelFPGA/19.1/nios2eds/bin/gnu/H-x86_64-pc-linux-gnu/bin/../lib/gcc/nios2-elf/8.3.1/../../../../../H-x86_64-pc-linux-gnu/nios2-elf/lib/mno-hw-mul/libc.a(lib_a-mprec.o)
                0x0000000008011f4c                __mprec_tinytens
 .rodata.__mprec_bigtens
                0x0000000008011f74       0x28 /home/ajinusnlch/intelFPGA/19.1/nios2eds/bin/gnu/H-x86_64-pc-linux-gnu/bin/../lib/gcc/nios2-elf/8.3.1/../../../../../H-x86_64-pc-linux-gnu/nios2-elf/lib/mno-hw-mul/libc.a(lib_a-mprec.o)
                0x0000000008011f74                __mprec_bigtens
 .rodata.__mprec_tens
                0x0000000008011f9c       0xc8 /home/ajinusnlch/intelFPGA/19.1/nios2eds/bin/gnu/H-x86_64-pc-linux-gnu/bin/../lib/gcc/nios2-elf/8.3.1/../../../../../H-x86_64-pc-linux-gnu/nios2-elf/lib/mno-hw-mul/libc.a(lib_a-mprec.o)
                0x0000000008011f9c                __mprec_tens
 .rodata.___vfiprintf_internal_r.str1.4
                0x0000000008012064       0x2f /home/ajinusnlch/intelFPGA/19.1/nios2eds/bin/gnu/H-x86_64-pc-linux-gnu/bin/../lib/gcc/nios2-elf/8.3.1/../../../../../H-x86_64-pc-linux-gnu/nios2-elf/lib/mno-hw-mul/libc.a(lib_a-vfiprintf.o)
 .rodata.zeroes.5204
                0x0000000008012064       0x10 /home/ajinusnlch/intelFPGA/19.1/nios2eds/bin/gnu/H-x86_64-pc-linux-gnu/bin/../lib/gcc/nios2-elf/8.3.1/../../../../../H-x86_64-pc-linux-gnu/nios2-elf/lib/mno-hw-mul/libc.a(lib_a-vfiprintf.o)
 .rodata.blanks.5203
                0x0000000008012074       0x10 /home/ajinusnlch/intelFPGA/19.1/nios2eds/bin/gnu/H-x86_64-pc-linux-gnu/bin/../lib/gcc/nios2-elf/8.3.1/../../../../../H-x86_64-pc-linux-gnu/nios2-elf/lib/mno-hw-mul/libc.a(lib_a-vfiprintf.o)
 .rodata._setlocale_r.str1.4
                0x0000000008012084        0xa /home/ajinusnlch/intelFPGA/19.1/nios2eds/bin/gnu/H-x86_64-pc-linux-gnu/bin/../lib/gcc/nios2-elf/8.3.1/../../../../../H-x86_64-pc-linux-gnu/nios2-elf/lib/mno-hw-mul/libc.a(lib_a-locale.o)
 *fill*         0x000000000801208e        0x2 
 .rodata.str1.4
                0x0000000008012090        0x4 /home/ajinusnlch/intelFPGA/19.1/nios2eds/bin/gnu/H-x86_64-pc-linux-gnu/bin/../lib/gcc/nios2-elf/8.3.1/../../../../../H-x86_64-pc-linux-gnu/nios2-elf/lib/mno-hw-mul/libc.a(lib_a-locale.o)
                                          0x5 (size before relaxing)
 .rodata._ctype_
                0x0000000008012094      0x101 /home/ajinusnlch/intelFPGA/19.1/nios2eds/bin/gnu/H-x86_64-pc-linux-gnu/bin/../lib/gcc/nios2-elf/8.3.1/../../../../../H-x86_64-pc-linux-gnu/nios2-elf/lib/mno-hw-mul/libc.a(lib_a-ctype_.o)
                0x0000000008012094                _ctype_
 .rodata._ctype_b
                0x0000000008012195      0x180 /home/ajinusnlch/intelFPGA/19.1/nios2eds/bin/gnu/H-x86_64-pc-linux-gnu/bin/../lib/gcc/nios2-elf/8.3.1/../../../../../H-x86_64-pc-linux-gnu/nios2-elf/lib/mno-hw-mul/libc.a(lib_a-ctype_.o)
                0x0000000008012195                _ctype_b
 .rodata        0x0000000008012315      0x100 /home/ajinusnlch/intelFPGA/19.1/nios2eds/bin/gnu/H-x86_64-pc-linux-gnu/bin/../lib/gcc/nios2-elf/8.3.1/mno-hw-mul/libgcc.a(_clz.o)
                0x0000000008012315                __clz_tab
 *fill*         0x0000000008012415        0x3 
 .rodata        0x0000000008012418        0xa ../usb_kb_bsp//libhal_bsp.a(alt_dev.o)
 *fill*         0x0000000008012422        0x2 
 .rodata        0x0000000008012424       0x11 ../usb_kb_bsp//libhal_bsp.a(alt_main.o)
 *fill*         0x0000000008012435        0x3 
 .rodata        0x0000000008012438       0x11 ../usb_kb_bsp//libhal_bsp.a(alt_sys_init.o)
 *(.rodata1)
                0x000000000801244c                . = ALIGN (0x4)
 *fill*         0x0000000008012449        0x3 
                0x000000000801244c                PROVIDE (__ram_rodata_end = ABSOLUTE (.))
                0x0000000008011c9c                PROVIDE (__flash_rodata_start = LOADADDR (.rodata))

.rwdata         0x000000000801244c     0x1c18 load address 0x0000000008014064
                0x000000000801244c                PROVIDE (__ram_rwdata_start = ABSOLUTE (.))
                0x000000000801244c                . = ALIGN (0x4)
 *(.got.plt)
 *(.got)
 *(.data1)
 *(.data .data.* .gnu.linkonce.d.*)
 .data          0x000000000801244c        0x0 ../usb_kb_bsp//obj/HAL/src/crt0.o
 .data          0x000000000801244c        0x0 obj/default/main.o
 .data          0x000000000801244c        0x0 obj/default/usb_kb/HID.o
 .data          0x000000000801244c        0x0 obj/default/usb_kb/MAX3421E.o
 .data          0x000000000801244c       0x30 obj/default/usb_kb/transfer.o
                0x000000000801244c                ClientDriverTable
 .data          0x000000000801247c        0x0 /home/ajinusnlch/intelFPGA/19.1/nios2eds/bin/gnu/H-x86_64-pc-linux-gnu/bin/../lib/gcc/nios2-elf/8.3.1/mno-hw-mul/libgcc.a(lib2-divmod.o)
 .data          0x000000000801247c        0x0 /home/ajinusnlch/intelFPGA/19.1/nios2eds/bin/gnu/H-x86_64-pc-linux-gnu/bin/../lib/gcc/nios2-elf/8.3.1/mno-hw-mul/libgcc.a(lib2-mul.o)
 .data          0x000000000801247c        0x0 /home/ajinusnlch/intelFPGA/19.1/nios2eds/bin/gnu/H-x86_64-pc-linux-gnu/bin/../lib/gcc/nios2-elf/8.3.1/../../../../../H-x86_64-pc-linux-gnu/nios2-elf/lib/mno-hw-mul/libc.a(lib_a-printf.o)
 .data          0x000000000801247c        0x0 /home/ajinusnlch/intelFPGA/19.1/nios2eds/bin/gnu/H-x86_64-pc-linux-gnu/bin/../lib/gcc/nios2-elf/8.3.1/../../../../../H-x86_64-pc-linux-gnu/nios2-elf/lib/mno-hw-mul/libc.a(lib_a-putchar.o)
 .data          0x000000000801247c        0x0 /home/ajinusnlch/intelFPGA/19.1/nios2eds/bin/gnu/H-x86_64-pc-linux-gnu/bin/../lib/gcc/nios2-elf/8.3.1/../../../../../H-x86_64-pc-linux-gnu/nios2-elf/lib/mno-hw-mul/libc.a(lib_a-puts.o)
 .data          0x000000000801247c        0x0 /home/ajinusnlch/intelFPGA/19.1/nios2eds/bin/gnu/H-x86_64-pc-linux-gnu/bin/../lib/gcc/nios2-elf/8.3.1/../../../../../H-x86_64-pc-linux-gnu/nios2-elf/lib/mno-hw-mul/libc.a(lib_a-strlen.o)
 .data          0x000000000801247c        0x0 /home/ajinusnlch/intelFPGA/19.1/nios2eds/bin/gnu/H-x86_64-pc-linux-gnu/bin/../lib/gcc/nios2-elf/8.3.1/../../../../../H-x86_64-pc-linux-gnu/nios2-elf/lib/mno-hw-mul/libc.a(lib_a-vfprintf.o)
 .data          0x000000000801247c        0x0 /home/ajinusnlch/intelFPGA/19.1/nios2eds/bin/gnu/H-x86_64-pc-linux-gnu/bin/../lib/gcc/nios2-elf/8.3.1/../../../../../H-x86_64-pc-linux-gnu/nios2-elf/lib/mno-hw-mul/libc.a(lib_a-wsetup.o)
 .data          0x000000000801247c        0x0 /home/ajinusnlch/intelFPGA/19.1/nios2eds/bin/gnu/H-x86_64-pc-linux-gnu/bin/../lib/gcc/nios2-elf/8.3.1/../../../../../H-x86_64-pc-linux-gnu/nios2-elf/lib/mno-hw-mul/libc.a(lib_a-dtoa.o)
 .data          0x000000000801247c        0x0 /home/ajinusnlch/intelFPGA/19.1/nios2eds/bin/gnu/H-x86_64-pc-linux-gnu/bin/../lib/gcc/nios2-elf/8.3.1/../../../../../H-x86_64-pc-linux-gnu/nios2-elf/lib/mno-hw-mul/libc.a(lib_a-fflush.o)
 .data          0x000000000801247c        0x0 /home/ajinusnlch/intelFPGA/19.1/nios2eds/bin/gnu/H-x86_64-pc-linux-gnu/bin/../lib/gcc/nios2-elf/8.3.1/../../../../../H-x86_64-pc-linux-gnu/nios2-elf/lib/mno-hw-mul/libc.a(lib_a-findfp.o)
 .data          0x000000000801247c        0x0 /home/ajinusnlch/intelFPGA/19.1/nios2eds/bin/gnu/H-x86_64-pc-linux-gnu/bin/../lib/gcc/nios2-elf/8.3.1/../../../../../H-x86_64-pc-linux-gnu/nios2-elf/lib/mno-hw-mul/libc.a(lib_a-freer.o)
 .data          0x000000000801247c        0x0 /home/ajinusnlch/intelFPGA/19.1/nios2eds/bin/gnu/H-x86_64-pc-linux-gnu/bin/../lib/gcc/nios2-elf/8.3.1/../../../../../H-x86_64-pc-linux-gnu/nios2-elf/lib/mno-hw-mul/libc.a(lib_a-fvwrite.o)
 .data          0x000000000801247c        0x0 /home/ajinusnlch/intelFPGA/19.1/nios2eds/bin/gnu/H-x86_64-pc-linux-gnu/bin/../lib/gcc/nios2-elf/8.3.1/../../../../../H-x86_64-pc-linux-gnu/nios2-elf/lib/mno-hw-mul/libc.a(lib_a-fwalk.o)
 .data          0x000000000801247c        0x0 /home/ajinusnlch/intelFPGA/19.1/nios2eds/bin/gnu/H-x86_64-pc-linux-gnu/bin/../lib/gcc/nios2-elf/8.3.1/../../../../../H-x86_64-pc-linux-gnu/nios2-elf/lib/mno-hw-mul/libc.a(lib_a-impure.o)
 .data.impure_data
                0x000000000801247c      0x424 /home/ajinusnlch/intelFPGA/19.1/nios2eds/bin/gnu/H-x86_64-pc-linux-gnu/bin/../lib/gcc/nios2-elf/8.3.1/../../../../../H-x86_64-pc-linux-gnu/nios2-elf/lib/mno-hw-mul/libc.a(lib_a-impure.o)
 .data          0x00000000080128a0        0x0 /home/ajinusnlch/intelFPGA/19.1/nios2eds/bin/gnu/H-x86_64-pc-linux-gnu/bin/../lib/gcc/nios2-elf/8.3.1/../../../../../H-x86_64-pc-linux-gnu/nios2-elf/lib/mno-hw-mul/libc.a(lib_a-localeconv.o)
 .data          0x00000000080128a0        0x0 /home/ajinusnlch/intelFPGA/19.1/nios2eds/bin/gnu/H-x86_64-pc-linux-gnu/bin/../lib/gcc/nios2-elf/8.3.1/../../../../../H-x86_64-pc-linux-gnu/nios2-elf/lib/mno-hw-mul/libc.a(lib_a-makebuf.o)
 .data          0x00000000080128a0        0x0 /home/ajinusnlch/intelFPGA/19.1/nios2eds/bin/gnu/H-x86_64-pc-linux-gnu/bin/../lib/gcc/nios2-elf/8.3.1/../../../../../H-x86_64-pc-linux-gnu/nios2-elf/lib/mno-hw-mul/libc.a(lib_a-mallocr.o)
 .data.__malloc_av_
                0x00000000080128a0      0x408 /home/ajinusnlch/intelFPGA/19.1/nios2eds/bin/gnu/H-x86_64-pc-linux-gnu/bin/../lib/gcc/nios2-elf/8.3.1/../../../../../H-x86_64-pc-linux-gnu/nios2-elf/lib/mno-hw-mul/libc.a(lib_a-mallocr.o)
                0x00000000080128a0                __malloc_av_
 .data          0x0000000008012ca8        0x0 /home/ajinusnlch/intelFPGA/19.1/nios2eds/bin/gnu/H-x86_64-pc-linux-gnu/bin/../lib/gcc/nios2-elf/8.3.1/../../../../../H-x86_64-pc-linux-gnu/nios2-elf/lib/mno-hw-mul/libc.a(lib_a-memchr.o)
 .data          0x0000000008012ca8        0x0 /home/ajinusnlch/intelFPGA/19.1/nios2eds/bin/gnu/H-x86_64-pc-linux-gnu/bin/../lib/gcc/nios2-elf/8.3.1/../../../../../H-x86_64-pc-linux-gnu/nios2-elf/lib/mno-hw-mul/libc.a(lib_a-memcpy.o)
 .data          0x0000000008012ca8        0x0 /home/ajinusnlch/intelFPGA/19.1/nios2eds/bin/gnu/H-x86_64-pc-linux-gnu/bin/../lib/gcc/nios2-elf/8.3.1/../../../../../H-x86_64-pc-linux-gnu/nios2-elf/lib/mno-hw-mul/libc.a(lib_a-memmove.o)
 .data          0x0000000008012ca8        0x0 /home/ajinusnlch/intelFPGA/19.1/nios2eds/bin/gnu/H-x86_64-pc-linux-gnu/bin/../lib/gcc/nios2-elf/8.3.1/../../../../../H-x86_64-pc-linux-gnu/nios2-elf/lib/mno-hw-mul/libc.a(lib_a-memset.o)
 .data          0x0000000008012ca8        0x0 /home/ajinusnlch/intelFPGA/19.1/nios2eds/bin/gnu/H-x86_64-pc-linux-gnu/bin/../lib/gcc/nios2-elf/8.3.1/../../../../../H-x86_64-pc-linux-gnu/nios2-elf/lib/mno-hw-mul/libc.a(lib_a-mprec.o)
 .data          0x0000000008012ca8        0x0 /home/ajinusnlch/intelFPGA/19.1/nios2eds/bin/gnu/H-x86_64-pc-linux-gnu/bin/../lib/gcc/nios2-elf/8.3.1/../../../../../H-x86_64-pc-linux-gnu/nios2-elf/lib/mno-hw-mul/libc.a(lib_a-putc.o)
 .data          0x0000000008012ca8        0x0 /home/ajinusnlch/intelFPGA/19.1/nios2eds/bin/gnu/H-x86_64-pc-linux-gnu/bin/../lib/gcc/nios2-elf/8.3.1/../../../../../H-x86_64-pc-linux-gnu/nios2-elf/lib/mno-hw-mul/libc.a(lib_a-reallocr.o)
 .data          0x0000000008012ca8        0x0 /home/ajinusnlch/intelFPGA/19.1/nios2eds/bin/gnu/H-x86_64-pc-linux-gnu/bin/../lib/gcc/nios2-elf/8.3.1/../../../../../H-x86_64-pc-linux-gnu/nios2-elf/lib/mno-hw-mul/libc.a(lib_a-sbrkr.o)
 .data          0x0000000008012ca8        0x0 /home/ajinusnlch/intelFPGA/19.1/nios2eds/bin/gnu/H-x86_64-pc-linux-gnu/bin/../lib/gcc/nios2-elf/8.3.1/../../../../../H-x86_64-pc-linux-gnu/nios2-elf/lib/mno-hw-mul/libc.a(lib_a-stdio.o)
 .data          0x0000000008012ca8        0x0 /home/ajinusnlch/intelFPGA/19.1/nios2eds/bin/gnu/H-x86_64-pc-linux-gnu/bin/../lib/gcc/nios2-elf/8.3.1/../../../../../H-x86_64-pc-linux-gnu/nios2-elf/lib/mno-hw-mul/libc.a(lib_a-vfiprintf.o)
 .data          0x0000000008012ca8        0x0 /home/ajinusnlch/intelFPGA/19.1/nios2eds/bin/gnu/H-x86_64-pc-linux-gnu/bin/../lib/gcc/nios2-elf/8.3.1/../../../../../H-x86_64-pc-linux-gnu/nios2-elf/lib/mno-hw-mul/libc.a(lib_a-wbuf.o)
 .data          0x0000000008012ca8        0x0 /home/ajinusnlch/intelFPGA/19.1/nios2eds/bin/gnu/H-x86_64-pc-linux-gnu/bin/../lib/gcc/nios2-elf/8.3.1/../../../../../H-x86_64-pc-linux-gnu/nios2-elf/lib/mno-hw-mul/libc.a(lib_a-writer.o)
 .data          0x0000000008012ca8        0x0 /home/ajinusnlch/intelFPGA/19.1/nios2eds/bin/gnu/H-x86_64-pc-linux-gnu/bin/../lib/gcc/nios2-elf/8.3.1/../../../../../H-x86_64-pc-linux-gnu/nios2-elf/lib/mno-hw-mul/libc.a(closer.o)
 .data          0x0000000008012ca8        0x0 /home/ajinusnlch/intelFPGA/19.1/nios2eds/bin/gnu/H-x86_64-pc-linux-gnu/bin/../lib/gcc/nios2-elf/8.3.1/../../../../../H-x86_64-pc-linux-gnu/nios2-elf/lib/mno-hw-mul/libc.a(lib_a-callocr.o)
 .data          0x0000000008012ca8        0x0 /home/ajinusnlch/intelFPGA/19.1/nios2eds/bin/gnu/H-x86_64-pc-linux-gnu/bin/../lib/gcc/nios2-elf/8.3.1/../../../../../H-x86_64-pc-linux-gnu/nios2-elf/lib/mno-hw-mul/libc.a(lib_a-fclose.o)
 .data          0x0000000008012ca8        0x0 /home/ajinusnlch/intelFPGA/19.1/nios2eds/bin/gnu/H-x86_64-pc-linux-gnu/bin/../lib/gcc/nios2-elf/8.3.1/../../../../../H-x86_64-pc-linux-gnu/nios2-elf/lib/mno-hw-mul/libc.a(lib_a-fputwc.o)
 .data          0x0000000008012ca8        0x0 /home/ajinusnlch/intelFPGA/19.1/nios2eds/bin/gnu/H-x86_64-pc-linux-gnu/bin/../lib/gcc/nios2-elf/8.3.1/../../../../../H-x86_64-pc-linux-gnu/nios2-elf/lib/mno-hw-mul/libc.a(lib_a-fstatr.o)
 .data          0x0000000008012ca8        0x0 /home/ajinusnlch/intelFPGA/19.1/nios2eds/bin/gnu/H-x86_64-pc-linux-gnu/bin/../lib/gcc/nios2-elf/8.3.1/../../../../../H-x86_64-pc-linux-gnu/nios2-elf/lib/mno-hw-mul/libc.a(lib_a-int_errno.o)
 .data          0x0000000008012ca8        0x0 /home/ajinusnlch/intelFPGA/19.1/nios2eds/bin/gnu/H-x86_64-pc-linux-gnu/bin/../lib/gcc/nios2-elf/8.3.1/../../../../../H-x86_64-pc-linux-gnu/nios2-elf/lib/mno-hw-mul/libc.a(lib_a-isattyr.o)
 .data          0x0000000008012ca8        0x0 /home/ajinusnlch/intelFPGA/19.1/nios2eds/bin/gnu/H-x86_64-pc-linux-gnu/bin/../lib/gcc/nios2-elf/8.3.1/../../../../../H-x86_64-pc-linux-gnu/nios2-elf/lib/mno-hw-mul/libc.a(lib_a-locale.o)
 .data.__global_locale
                0x0000000008012ca8      0x16c /home/ajinusnlch/intelFPGA/19.1/nios2eds/bin/gnu/H-x86_64-pc-linux-gnu/bin/../lib/gcc/nios2-elf/8.3.1/../../../../../H-x86_64-pc-linux-gnu/nios2-elf/lib/mno-hw-mul/libc.a(lib_a-locale.o)
                0x0000000008012ca8                __global_locale
 .data          0x0000000008012e14        0x0 /home/ajinusnlch/intelFPGA/19.1/nios2eds/bin/gnu/H-x86_64-pc-linux-gnu/bin/../lib/gcc/nios2-elf/8.3.1/../../../../../H-x86_64-pc-linux-gnu/nios2-elf/lib/mno-hw-mul/libc.a(lib_a-lseekr.o)
 .data          0x0000000008012e14        0x0 /home/ajinusnlch/intelFPGA/19.1/nios2eds/bin/gnu/H-x86_64-pc-linux-gnu/bin/../lib/gcc/nios2-elf/8.3.1/../../../../../H-x86_64-pc-linux-gnu/nios2-elf/lib/mno-hw-mul/libc.a(lib_a-mbtowc_r.o)
 .data          0x0000000008012e14        0x0 /home/ajinusnlch/intelFPGA/19.1/nios2eds/bin/gnu/H-x86_64-pc-linux-gnu/bin/../lib/gcc/nios2-elf/8.3.1/../../../../../H-x86_64-pc-linux-gnu/nios2-elf/lib/mno-hw-mul/libc.a(lib_a-readr.o)
 .data          0x0000000008012e14        0x0 /home/ajinusnlch/intelFPGA/19.1/nios2eds/bin/gnu/H-x86_64-pc-linux-gnu/bin/../lib/gcc/nios2-elf/8.3.1/../../../../../H-x86_64-pc-linux-gnu/nios2-elf/lib/mno-hw-mul/libc.a(lib_a-strcmp.o)
 .data          0x0000000008012e14        0x0 /home/ajinusnlch/intelFPGA/19.1/nios2eds/bin/gnu/H-x86_64-pc-linux-gnu/bin/../lib/gcc/nios2-elf/8.3.1/../../../../../H-x86_64-pc-linux-gnu/nios2-elf/lib/mno-hw-mul/libc.a(lib_a-wcrtomb.o)
 .data          0x0000000008012e14        0x0 /home/ajinusnlch/intelFPGA/19.1/nios2eds/bin/gnu/H-x86_64-pc-linux-gnu/bin/../lib/gcc/nios2-elf/8.3.1/../../../../../H-x86_64-pc-linux-gnu/nios2-elf/lib/mno-hw-mul/libc.a(lib_a-wctomb_r.o)
 .data          0x0000000008012e14        0x0 /home/ajinusnlch/intelFPGA/19.1/nios2eds/bin/gnu/H-x86_64-pc-linux-gnu/bin/../lib/gcc/nios2-elf/8.3.1/../../../../../H-x86_64-pc-linux-gnu/nios2-elf/lib/mno-hw-mul/libc.a(lib_a-ctype_.o)
 .data          0x0000000008012e14        0x0 /home/ajinusnlch/intelFPGA/19.1/nios2eds/bin/gnu/H-x86_64-pc-linux-gnu/bin/../lib/gcc/nios2-elf/8.3.1/mno-hw-mul/libgcc.a(_udivdi3.o)
 .data          0x0000000008012e14        0x0 /home/ajinusnlch/intelFPGA/19.1/nios2eds/bin/gnu/H-x86_64-pc-linux-gnu/bin/../lib/gcc/nios2-elf/8.3.1/mno-hw-mul/libgcc.a(_umoddi3.o)
 .data          0x0000000008012e14        0x0 /home/ajinusnlch/intelFPGA/19.1/nios2eds/bin/gnu/H-x86_64-pc-linux-gnu/bin/../lib/gcc/nios2-elf/8.3.1/mno-hw-mul/libgcc.a(adddf3.o)
 .data          0x0000000008012e14        0x0 /home/ajinusnlch/intelFPGA/19.1/nios2eds/bin/gnu/H-x86_64-pc-linux-gnu/bin/../lib/gcc/nios2-elf/8.3.1/mno-hw-mul/libgcc.a(divdf3.o)
 .data          0x0000000008012e14        0x0 /home/ajinusnlch/intelFPGA/19.1/nios2eds/bin/gnu/H-x86_64-pc-linux-gnu/bin/../lib/gcc/nios2-elf/8.3.1/mno-hw-mul/libgcc.a(eqdf2.o)
 .data          0x0000000008012e14        0x0 /home/ajinusnlch/intelFPGA/19.1/nios2eds/bin/gnu/H-x86_64-pc-linux-gnu/bin/../lib/gcc/nios2-elf/8.3.1/mno-hw-mul/libgcc.a(gedf2.o)
 .data          0x0000000008012e14        0x0 /home/ajinusnlch/intelFPGA/19.1/nios2eds/bin/gnu/H-x86_64-pc-linux-gnu/bin/../lib/gcc/nios2-elf/8.3.1/mno-hw-mul/libgcc.a(ledf2.o)
 .data          0x0000000008012e14        0x0 /home/ajinusnlch/intelFPGA/19.1/nios2eds/bin/gnu/H-x86_64-pc-linux-gnu/bin/../lib/gcc/nios2-elf/8.3.1/mno-hw-mul/libgcc.a(muldf3.o)
 .data          0x0000000008012e14        0x0 /home/ajinusnlch/intelFPGA/19.1/nios2eds/bin/gnu/H-x86_64-pc-linux-gnu/bin/../lib/gcc/nios2-elf/8.3.1/mno-hw-mul/libgcc.a(subdf3.o)
 .data          0x0000000008012e14        0x0 /home/ajinusnlch/intelFPGA/19.1/nios2eds/bin/gnu/H-x86_64-pc-linux-gnu/bin/../lib/gcc/nios2-elf/8.3.1/mno-hw-mul/libgcc.a(unorddf2.o)
 .data          0x0000000008012e14        0x0 /home/ajinusnlch/intelFPGA/19.1/nios2eds/bin/gnu/H-x86_64-pc-linux-gnu/bin/../lib/gcc/nios2-elf/8.3.1/mno-hw-mul/libgcc.a(fixdfsi.o)
 .data          0x0000000008012e14        0x0 /home/ajinusnlch/intelFPGA/19.1/nios2eds/bin/gnu/H-x86_64-pc-linux-gnu/bin/../lib/gcc/nios2-elf/8.3.1/mno-hw-mul/libgcc.a(floatsidf.o)
 .data          0x0000000008012e14        0x0 /home/ajinusnlch/intelFPGA/19.1/nios2eds/bin/gnu/H-x86_64-pc-linux-gnu/bin/../lib/gcc/nios2-elf/8.3.1/mno-hw-mul/libgcc.a(floatunsidf.o)
 .data          0x0000000008012e14        0x0 /home/ajinusnlch/intelFPGA/19.1/nios2eds/bin/gnu/H-x86_64-pc-linux-gnu/bin/../lib/gcc/nios2-elf/8.3.1/mno-hw-mul/libgcc.a(_clz.o)
 .data          0x0000000008012e14        0x0 /home/ajinusnlch/intelFPGA/19.1/nios2eds/bin/gnu/H-x86_64-pc-linux-gnu/bin/../lib/gcc/nios2-elf/8.3.1/mno-hw-mul/libgcc.a(_clzsi2.o)
 .data          0x0000000008012e14        0x0 ../usb_kb_bsp//libhal_bsp.a(alt_close.o)
 .data          0x0000000008012e14      0x1a8 ../usb_kb_bsp//libhal_bsp.a(alt_dev.o)
                0x0000000008012e14                alt_dev_null
                0x0000000008012e3c                alt_fd_list
 .data          0x0000000008012fbc        0x0 ../usb_kb_bsp//libhal_bsp.a(alt_errno.o)
 .data          0x0000000008012fbc        0x0 ../usb_kb_bsp//libhal_bsp.a(alt_fstat.o)
 .data          0x0000000008012fbc        0x0 ../usb_kb_bsp//libhal_bsp.a(alt_isatty.o)
 .data          0x0000000008012fbc        0x0 ../usb_kb_bsp//libhal_bsp.a(alt_load.o)
 .data          0x0000000008012fbc        0x0 ../usb_kb_bsp//libhal_bsp.a(alt_lseek.o)
 .data          0x0000000008012fbc        0x0 ../usb_kb_bsp//libhal_bsp.a(alt_main.o)
 .data          0x0000000008012fbc        0x0 ../usb_kb_bsp//libhal_bsp.a(alt_malloc_lock.o)
 .data          0x0000000008012fbc        0x0 ../usb_kb_bsp//libhal_bsp.a(alt_read.o)
 .data          0x0000000008012fbc        0x0 ../usb_kb_bsp//libhal_bsp.a(alt_release_fd.o)
 .data          0x0000000008012fbc        0x0 ../usb_kb_bsp//libhal_bsp.a(alt_sbrk.o)
 .data          0x0000000008012fbc        0x0 ../usb_kb_bsp//libhal_bsp.a(alt_tick.o)
 .data          0x0000000008012fbc        0x0 ../usb_kb_bsp//libhal_bsp.a(alt_usleep.o)
 .data          0x0000000008012fbc        0x0 ../usb_kb_bsp//libhal_bsp.a(alt_write.o)
 .data          0x0000000008012fbc     0x1060 ../usb_kb_bsp//libhal_bsp.a(alt_sys_init.o)
 .data          0x000000000801401c        0x0 ../usb_kb_bsp//libhal_bsp.a(altera_avalon_jtag_uart_fd.o)
 .data          0x000000000801401c        0x0 ../usb_kb_bsp//libhal_bsp.a(altera_avalon_jtag_uart_init.o)
 .data          0x000000000801401c        0x0 ../usb_kb_bsp//libhal_bsp.a(altera_avalon_jtag_uart_ioctl.o)
 .data          0x000000000801401c        0x0 ../usb_kb_bsp//libhal_bsp.a(altera_avalon_jtag_uart_read.o)
 .data          0x000000000801401c        0x0 ../usb_kb_bsp//libhal_bsp.a(altera_avalon_jtag_uart_write.o)
 .data          0x000000000801401c        0x0 ../usb_kb_bsp//libhal_bsp.a(altera_avalon_timer_sc.o)
 .data          0x000000000801401c        0x0 ../usb_kb_bsp//libhal_bsp.a(alt_alarm_start.o)
 .data          0x000000000801401c        0x0 ../usb_kb_bsp//libhal_bsp.a(alt_busy_sleep.o)
 .data          0x000000000801401c        0x0 ../usb_kb_bsp//libhal_bsp.a(alt_dcache_flush_all.o)
 .data          0x000000000801401c        0x0 ../usb_kb_bsp//libhal_bsp.a(alt_dev_llist_insert.o)
 .data          0x000000000801401c        0x0 ../usb_kb_bsp//libhal_bsp.a(alt_do_ctors.o)
 .data          0x000000000801401c        0x0 ../usb_kb_bsp//libhal_bsp.a(alt_do_dtors.o)
 .data          0x000000000801401c        0x0 ../usb_kb_bsp//libhal_bsp.a(alt_icache_flush_all.o)
 .data          0x000000000801401c        0x0 ../usb_kb_bsp//libhal_bsp.a(alt_iic.o)
 .data          0x000000000801401c        0x0 ../usb_kb_bsp//libhal_bsp.a(alt_iic_isr_register.o)
 .data          0x000000000801401c        0x0 ../usb_kb_bsp//libhal_bsp.a(alt_io_redirect.o)
 .data          0x000000000801401c        0x0 ../usb_kb_bsp//libhal_bsp.a(alt_irq_entry.o)
 .data          0x000000000801401c        0x0 ../usb_kb_bsp//libhal_bsp.a(alt_irq_handler.o)
 .data          0x000000000801401c        0x0 ../usb_kb_bsp//libhal_bsp.a(alt_irq_vars.o)
 .data          0x000000000801401c        0x0 ../usb_kb_bsp//libhal_bsp.a(alt_open.o)
 .data          0x000000000801401c        0x0 ../usb_kb_bsp//libhal_bsp.a(altera_nios2_gen2_irq.o)
 .data          0x000000000801401c        0x0 ../usb_kb_bsp//libhal_bsp.a(alt_exception_entry.o)
 .data          0x000000000801401c        0x0 ../usb_kb_bsp//libhal_bsp.a(alt_find_dev.o)
 .data          0x000000000801401c        0x0 ../usb_kb_bsp//libhal_bsp.a(alt_find_file.o)
 .data          0x000000000801401c        0x0 ../usb_kb_bsp//libhal_bsp.a(alt_get_fd.o)
 .data          0x000000000801401c        0x0 ../usb_kb_bsp//libhal_bsp.a(alt_instruction_exception_entry.o)
 .data          0x000000000801401c        0x0 /home/ajinusnlch/intelFPGA/19.1/nios2eds/bin/gnu/H-x86_64-pc-linux-gnu/bin/../lib/gcc/nios2-elf/8.3.1/../../../../../H-x86_64-pc-linux-gnu/nios2-elf/lib/mno-hw-mul/libc.a(lib_a-atexit.o)
 .data          0x000000000801401c        0x0 /home/ajinusnlch/intelFPGA/19.1/nios2eds/bin/gnu/H-x86_64-pc-linux-gnu/bin/../lib/gcc/nios2-elf/8.3.1/../../../../../H-x86_64-pc-linux-gnu/nios2-elf/lib/mno-hw-mul/libc.a(lib_a-exit.o)
 .data          0x000000000801401c        0x0 /home/ajinusnlch/intelFPGA/19.1/nios2eds/bin/gnu/H-x86_64-pc-linux-gnu/bin/../lib/gcc/nios2-elf/8.3.1/../../../../../H-x86_64-pc-linux-gnu/nios2-elf/lib/mno-hw-mul/libc.a(lib_a-memcmp.o)
 .data          0x000000000801401c        0x0 /home/ajinusnlch/intelFPGA/19.1/nios2eds/bin/gnu/H-x86_64-pc-linux-gnu/bin/../lib/gcc/nios2-elf/8.3.1/../../../../../H-x86_64-pc-linux-gnu/nios2-elf/lib/mno-hw-mul/libc.a(lib_a-__atexit.o)
 .data          0x000000000801401c        0x0 /home/ajinusnlch/intelFPGA/19.1/nios2eds/bin/gnu/H-x86_64-pc-linux-gnu/bin/../lib/gcc/nios2-elf/8.3.1/../../../../../H-x86_64-pc-linux-gnu/nios2-elf/lib/mno-hw-mul/libc.a(lib_a-__call_atexit.o)
 .data          0x000000000801401c        0x0 ../usb_kb_bsp//libhal_bsp.a(alt_exit.o)
                0x000000000801c01c                _gp = ABSOLUTE ((. + 0x8000))
                [!provide]                        PROVIDE (gp = _gp)
 *(.rwdata .rwdata.*)
 *(.sdata .sdata.* .gnu.linkonce.s.*)
 .sdata         0x000000000801401c        0x1 obj/default/main.o
 *fill*         0x000000000801401d        0x3 
 .sdata         0x0000000008014020        0x9 obj/default/usb_kb/transfer.o
                0x0000000008014020                ctrl_xfers
                0x0000000008014028                usb_task_state
 *fill*         0x0000000008014029        0x3 
 .sdata._global_impure_ptr
                0x000000000801402c        0x4 /home/ajinusnlch/intelFPGA/19.1/nios2eds/bin/gnu/H-x86_64-pc-linux-gnu/bin/../lib/gcc/nios2-elf/8.3.1/../../../../../H-x86_64-pc-linux-gnu/nios2-elf/lib/mno-hw-mul/libc.a(lib_a-impure.o)
                0x000000000801402c                _global_impure_ptr
 .sdata._impure_ptr
                0x0000000008014030        0x4 /home/ajinusnlch/intelFPGA/19.1/nios2eds/bin/gnu/H-x86_64-pc-linux-gnu/bin/../lib/gcc/nios2-elf/8.3.1/../../../../../H-x86_64-pc-linux-gnu/nios2-elf/lib/mno-hw-mul/libc.a(lib_a-impure.o)
                0x0000000008014030                _impure_ptr
 .sdata.__malloc_sbrk_base
                0x0000000008014034        0x4 /home/ajinusnlch/intelFPGA/19.1/nios2eds/bin/gnu/H-x86_64-pc-linux-gnu/bin/../lib/gcc/nios2-elf/8.3.1/../../../../../H-x86_64-pc-linux-gnu/nios2-elf/lib/mno-hw-mul/libc.a(lib_a-mallocr.o)
                0x0000000008014034                __malloc_sbrk_base
 .sdata.__malloc_trim_threshold
                0x0000000008014038        0x4 /home/ajinusnlch/intelFPGA/19.1/nios2eds/bin/gnu/H-x86_64-pc-linux-gnu/bin/../lib/gcc/nios2-elf/8.3.1/../../../../../H-x86_64-pc-linux-gnu/nios2-elf/lib/mno-hw-mul/libc.a(lib_a-mallocr.o)
                0x0000000008014038                __malloc_trim_threshold
 .sdata         0x000000000801403c       0x14 ../usb_kb_bsp//libhal_bsp.a(alt_dev.o)
                0x000000000801403c                alt_fs_list
                0x0000000008014044                alt_dev_list
                0x000000000801404c                alt_max_fd
 .sdata         0x0000000008014050        0x4 ../usb_kb_bsp//libhal_bsp.a(alt_errno.o)
                0x0000000008014050                alt_errno
 .sdata         0x0000000008014054        0x4 ../usb_kb_bsp//libhal_bsp.a(alt_sbrk.o)
 .sdata         0x0000000008014058        0x8 ../usb_kb_bsp//libhal_bsp.a(alt_tick.o)
                0x0000000008014058                alt_alarm_list
 .sdata         0x0000000008014060        0x4 ../usb_kb_bsp//libhal_bsp.a(alt_irq_vars.o)