------------------------------------------------------------
Timing Analyzer Summary
------------------------------------------------------------

Type  : Slow 1200mV 85C Model Setup 'MAX10_CLK1_50'
Slack : 7.516
TNS   : 0.000

Type  : Slow 1200mV 85C Model Setup 'm_lab61_soc|sdram_pll|sd1|pll7|clk[0]'
Slack : 8.471
TNS   : 0.000

Type  : Slow 1200mV 85C Model Setup 'clk_dram_ext'
Slack : 15.652
TNS   : 0.000

Type  : Slow 1200mV 85C Model Setup 'altera_reserved_tck'
Slack : 46.011
TNS   : 0.000

Type  : Slow 1200mV 85C Model Hold 'MAX10_CLK1_50'
Slack : 0.242
TNS   : 0.000

Type  : Slow 1200mV 85C Model Hold 'altera_reserved_tck'
Slack : 0.340
TNS   : 0.000

Type  : Slow 1200mV 85C Model Hold 'm_lab61_soc|sdram_pll|sd1|pll7|clk[0]'
Slack : 0.414
TNS   : 0.000

Type  : Slow 1200mV 85C Model Hold 'clk_dram_ext'
Slack : 0.894
TNS   : 0.000

Type  : Slow 1200mV 85C Model Recovery 'm_lab61_soc|sdram_pll|sd1|pll7|clk[0]'
Slack : 13.597
TNS   : 0.000

Type  : Slow 1200mV 85C Model Recovery 'MAX10_CLK1_50'
Slack : 13.941
TNS   : 0.000

Type  : Slow 1200mV 85C Model Recovery 'altera_reserved_tck'
Slack : 98.080
TNS   : 0.000

Type  : Slow 1200mV 85C Model Removal 'altera_reserved_tck'
Slack : 1.088
TNS   : 0.000

Type  : Slow 1200mV 85C Model Removal 'm_lab61_soc|sdram_pll|sd1|pll7|clk[0]'
Slack : 4.358
TNS   : 0.000

Type  : Slow 1200mV 85C Model Removal 'MAX10_CLK1_50'
Slack : 4.570
TNS   : 0.000

Type  : Slow 1200mV 85C Model Minimum Pulse Width 'MAX10_CLK1_50'
Slack : 9.550
TNS   : 0.000

Type  : Slow 1200mV 85C Model Minimum Pulse Width 'm_lab61_soc|sdram_pll|sd1|pll7|clk[0]'
Slack : 9.709
TNS   : 0.000

Type  : Slow 1200mV 85C Model Minimum Pulse Width 'm_lab61_soc|sdram_pll|sd1|pll7|clk[1]'
Slack : 9.849
TNS   : 0.000

Type  : Slow 1200mV 85C Model Minimum Pulse Width 'clk_dram_ext'
Slack : 15.790
TNS   : 0.000

Type  : Slow 1200mV 85C Model Minimum Pulse Width 'altera_reserved_tck'
Slack : 49.628
TNS   : 0.000

Type  : Slow 1200mV 0C Model Setup 'MAX10_CLK1_50'
Slack : 8.567
TNS   : 0.000

Type  : Slow 1200mV 0C Model Setup 'm_lab61_soc|sdram_pll|sd1|pll7|clk[0]'
Slack : 9.048
TNS   : 0.000

Type  : Slow 1200mV 0C Model Setup 'clk_dram_ext'
Slack : 15.759
TNS   : 0.000

Type  : Slow 1200mV 0C Model Setup 'altera_reserved_tck'
Slack : 46.306
TNS   : 0.000

Type  : Slow 1200mV 0C Model Hold 'MAX10_CLK1_50'
Slack : 0.239
TNS   : 0.000

Type  : Slow 1200mV 0C Model Hold 'altera_reserved_tck'
Slack : 0.305
TNS   : 0.000

Type  : Slow 1200mV 0C Model Hold 'm_lab61_soc|sdram_pll|sd1|pll7|clk[0]'
Slack : 0.335
TNS   : 0.000

Type  : Slow 1200mV 0C Model Hold 'clk_dram_ext'
Slack : 0.788
TNS   : 0.000

Type  : Slow 1200mV 0C Model Recovery 'm_lab61_soc|sdram_pll|sd1|pll7|clk[0]'
Slack : 14.135
TNS   : 0.000

Type  : Slow 1200mV 0C Model Recovery 'MAX10_CLK1_50'
Slack : 14.449
TNS   : 0.000

Type  : Slow 1200mV 0C Model Recovery 'altera_reserved_tck'
Slack : 98.234
TNS   : 0.000

Type  : Slow 1200mV 0C Model Removal 'altera_reserved_tck'
Slack : 1.010
TNS   : 0.000

Type  : Slow 1200mV 0C Model Removal 'm_lab61_soc|sdram_pll|sd1|pll7|clk[0]'
Slack : 3.875
TNS   : 0.000

Type  : Slow 1200mV 0C Model Removal 'MAX10_CLK1_50'
Slack : 4.097
TNS   : 0.000

Type  : Slow 1200mV 0C Model Minimum Pulse Width 'MAX10_CLK1_50'
Slack : 9.582
TNS   : 0.000

Type  : Slow 1200mV 0C Model Minimum Pulse Width 'm_lab61_soc|sdram_pll|sd1|pll7|clk[0]'
Slack : 9.688
TNS   : 0.000

Type  : Slow 1200mV 0C Model Minimum Pulse Width 'm_lab61_soc|sdram_pll|sd1|pll7|clk[1]'
Slack : 9.874
TNS   : 0.000

Type  : Slow 1200mV 0C Model Minimum Pulse Width 'clk_dram_ext'
Slack : 15.790
TNS   : 0.000

Type  : Slow 1200mV 0C Model Minimum Pulse Width 'altera_reserved_tck'
Slack : 49.653
TNS   : 0.000

Type  : Fast 1200mV 0C Model Setup 'm_lab61_soc|sdram_pll|sd1|pll7|clk[0]'
Slack : 11.756
TNS   : 0.000

Type  : Fast 1200mV 0C Model Setup 'MAX10_CLK1_50'
Slack : 14.676
TNS   : 0.000

Type  : Fast 1200mV 0C Model Setup 'clk_dram_ext'
Slack : 15.684
TNS   : 0.000

Type  : Fast 1200mV 0C Model Setup 'altera_reserved_tck'
Slack : 48.499
TNS   : 0.000

Type  : Fast 1200mV 0C Model Hold 'MAX10_CLK1_50'
Slack : 0.084
TNS   : 0.000

Type  : Fast 1200mV 0C Model Hold 'altera_reserved_tck'
Slack : 0.147
TNS   : 0.000

Type  : Fast 1200mV 0C Model Hold 'm_lab61_soc|sdram_pll|sd1|pll7|clk[0]'
Slack : 0.207
TNS   : 0.000

Type  : Fast 1200mV 0C Model Hold 'clk_dram_ext'
Slack : 0.448
TNS   : 0.000

Type  : Fast 1200mV 0C Model Recovery 'm_lab61_soc|sdram_pll|sd1|pll7|clk[0]'
Slack : 16.964
TNS   : 0.000

Type  : Fast 1200mV 0C Model Recovery 'MAX10_CLK1_50'
Slack : 16.977
TNS   : 0.000

Type  : Fast 1200mV 0C Model Recovery 'altera_reserved_tck'
Slack : 99.090
TNS   : 0.000

Type  : Fast 1200mV 0C Model Removal 'altera_reserved_tck'
Slack : 0.474
TNS   : 0.000

Type  : Fast 1200mV 0C Model Removal 'm_lab61_soc|sdram_pll|sd1|pll7|clk[0]'
Slack : 2.089
TNS   : 0.000

Type  : Fast 1200mV 0C Model Removal 'MAX10_CLK1_50'
Slack : 2.168
TNS   : 0.000

Type  : Fast 1200mV 0C Model Minimum Pulse Width 'MAX10_CLK1_50'
Slack : 9.401
TNS   : 0.000

Type  : Fast 1200mV 0C Model Minimum Pulse Width 'm_lab61_soc|sdram_pll|sd1|pll7|clk[0]'
Slack : 9.744
TNS   : 0.000

Type  : Fast 1200mV 0C Model Minimum Pulse Width 'm_lab61_soc|sdram_pll|sd1|pll7|clk[1]'
Slack : 9.992
TNS   : 0.000

Type  : Fast 1200mV 0C Model Minimum Pulse Width 'clk_dram_ext'
Slack : 16.000
TNS   : 0.000

Type  : Fast 1200mV 0C Model Minimum Pulse Width 'altera_reserved_tck'
Slack : 49.412
TNS   : 0.000

------------------------------------------------------------
