Archive member included to satisfy reference by file (symbol)

../lab72_bsp//libhal_bsp.a(alt_load.o)
                              ../lab72_bsp//obj/HAL/src/crt0.o (alt_load)
../lab72_bsp//libhal_bsp.a(alt_main.o)
                              ../lab72_bsp//obj/HAL/src/crt0.o (alt_main)
../lab72_bsp//libhal_bsp.a(alt_sys_init.o)
                              ../lab72_bsp//libhal_bsp.a(alt_main.o) (alt_irq_init)
../lab72_bsp//libhal_bsp.a(altera_avalon_jtag_uart_fd.o)
                              ../lab72_bsp//libhal_bsp.a(alt_sys_init.o) (altera_avalon_jtag_uart_read_fd)
../lab72_bsp//libhal_bsp.a(altera_avalon_jtag_uart_init.o)
                              ../lab72_bsp//libhal_bsp.a(alt_sys_init.o) (altera_avalon_jtag_uart_init)
../lab72_bsp//libhal_bsp.a(altera_avalon_jtag_uart_ioctl.o)
                              ../lab72_bsp//libhal_bsp.a(altera_avalon_jtag_uart_fd.o) (altera_avalon_jtag_uart_ioctl)
../lab72_bsp//libhal_bsp.a(altera_avalon_jtag_uart_read.o)
                              ../lab72_bsp//libhal_bsp.a(altera_avalon_jtag_uart_fd.o) (altera_avalon_jtag_uart_read)
../lab72_bsp//libhal_bsp.a(altera_avalon_jtag_uart_write.o)
                              ../lab72_bsp//libhal_bsp.a(altera_avalon_jtag_uart_fd.o) (altera_avalon_jtag_uart_write)
../lab72_bsp//libhal_bsp.a(altera_avalon_timer_sc.o)
                              ../lab72_bsp//libhal_bsp.a(alt_sys_init.o) (alt_avalon_timer_sc_init)
../lab72_bsp//libhal_bsp.a(alt_alarm_start.o)
                              ../lab72_bsp//libhal_bsp.a(altera_avalon_jtag_uart_init.o) (alt_alarm_start)
../lab72_bsp//libhal_bsp.a(alt_close.o)
                              ../lab72_bsp//libhal_bsp.a(alt_main.o) (close)
../lab72_bsp//libhal_bsp.a(alt_dcache_flush_all.o)
                              ../lab72_bsp//libhal_bsp.a(alt_load.o) (alt_dcache_flush_all)
../lab72_bsp//libhal_bsp.a(alt_dev.o)
                              ../lab72_bsp//libhal_bsp.a(alt_sys_init.o) (alt_dev_list)
../lab72_bsp//libhal_bsp.a(alt_dev_llist_insert.o)
                              ../lab72_bsp//libhal_bsp.a(alt_sys_init.o) (alt_dev_llist_insert)
../lab72_bsp//libhal_bsp.a(alt_do_ctors.o)
                              ../lab72_bsp//libhal_bsp.a(alt_main.o) (_do_ctors)
../lab72_bsp//libhal_bsp.a(alt_do_dtors.o)
                              ../lab72_bsp//libhal_bsp.a(alt_main.o) (_do_dtors)
../lab72_bsp//libhal_bsp.a(alt_errno.o)
                              ../lab72_bsp//libhal_bsp.a(alt_close.o) (alt_errno)
../lab72_bsp//libhal_bsp.a(alt_icache_flush_all.o)
                              ../lab72_bsp//libhal_bsp.a(alt_load.o) (alt_icache_flush_all)
../lab72_bsp//libhal_bsp.a(alt_iic.o)
                              ../lab72_bsp//libhal_bsp.a(altera_avalon_jtag_uart_init.o) (alt_ic_isr_register)
../lab72_bsp//libhal_bsp.a(alt_iic_isr_register.o)
                              ../lab72_bsp//libhal_bsp.a(alt_iic.o) (alt_iic_isr_register)
../lab72_bsp//libhal_bsp.a(alt_io_redirect.o)
                              ../lab72_bsp//libhal_bsp.a(alt_main.o) (alt_io_redirect)
../lab72_bsp//libhal_bsp.a(alt_irq_entry.o)
                              ../lab72_bsp//libhal_bsp.a(alt_iic_isr_register.o) (alt_irq_entry)
../lab72_bsp//libhal_bsp.a(alt_irq_handler.o)
                              ../lab72_bsp//libhal_bsp.a(alt_iic_isr_register.o) (alt_irq)
../lab72_bsp//libhal_bsp.a(alt_irq_vars.o)
                              ../lab72_bsp//libhal_bsp.a(alt_iic.o) (alt_irq_active)
../lab72_bsp//libhal_bsp.a(alt_open.o)
                              ../lab72_bsp//libhal_bsp.a(alt_io_redirect.o) (open)
../lab72_bsp//libhal_bsp.a(alt_release_fd.o)
                              ../lab72_bsp//libhal_bsp.a(alt_close.o) (alt_release_fd)
../lab72_bsp//libhal_bsp.a(alt_tick.o)
                              ../lab72_bsp//libhal_bsp.a(altera_avalon_jtag_uart_init.o) (_alt_tick_rate)
../lab72_bsp//libhal_bsp.a(altera_nios2_gen2_irq.o)
                              ../lab72_bsp//libhal_bsp.a(alt_sys_init.o) (altera_nios2_gen2_irq_init)
../lab72_bsp//libhal_bsp.a(alt_exception_entry.o)
                              ../lab72_bsp//libhal_bsp.a(alt_irq_entry.o) (alt_exception)
../lab72_bsp//libhal_bsp.a(alt_find_dev.o)
                              ../lab72_bsp//libhal_bsp.a(alt_open.o) (alt_find_dev)
../lab72_bsp//libhal_bsp.a(alt_find_file.o)
                              ../lab72_bsp//libhal_bsp.a(alt_open.o) (alt_find_file)
../lab72_bsp//libhal_bsp.a(alt_get_fd.o)
                              ../lab72_bsp//libhal_bsp.a(alt_open.o) (alt_get_fd)
../lab72_bsp//libhal_bsp.a(alt_instruction_exception_entry.o)
                              ../lab72_bsp//libhal_bsp.a(alt_exception_entry.o) (alt_instruction_exception_entry)
/home/ajinusnlch/intelFPGA/19.1/nios2eds/bin/gnu/H-x86_64-pc-linux-gnu/bin/../lib/gcc/nios2-elf/8.3.1/../../../../../H-x86_64-pc-linux-gnu/nios2-elf/lib/mno-hw-mul/libc.a(lib_a-atexit.o)
                              ../lab72_bsp//libhal_bsp.a(alt_main.o) (atexit)
/home/ajinusnlch/intelFPGA/19.1/nios2eds/bin/gnu/H-x86_64-pc-linux-gnu/bin/../lib/gcc/nios2-elf/8.3.1/../../../../../H-x86_64-pc-linux-gnu/nios2-elf/lib/mno-hw-mul/libc.a(lib_a-exit.o)
                              ../lab72_bsp//libhal_bsp.a(alt_main.o) (exit)
/home/ajinusnlch/intelFPGA/19.1/nios2eds/bin/gnu/H-x86_64-pc-linux-gnu/bin/../lib/gcc/nios2-elf/8.3.1/../../../../../H-x86_64-pc-linux-gnu/nios2-elf/lib/mno-hw-mul/libc.a(lib_a-impure.o)
                              /home/ajinusnlch/intelFPGA/19.1/nios2eds/bin/gnu/H-x86_64-pc-linux-gnu/bin/../lib/gcc/nios2-elf/8.3.1/../../../../../H-x86_64-pc-linux-gnu/nios2-elf/lib/mno-hw-mul/libc.a(lib_a-exit.o) (_global_impure_ptr)
/home/ajinusnlch/intelFPGA/19.1/nios2eds/bin/gnu/H-x86_64-pc-linux-gnu/bin/../lib/gcc/nios2-elf/8.3.1/../../../../../H-x86_64-pc-linux-gnu/nios2-elf/lib/mno-hw-mul/libc.a(lib_a-int_errno.o)
                              ../lab72_bsp//libhal_bsp.a(alt_close.o) (errno)
/home/ajinusnlch/intelFPGA/19.1/nios2eds/bin/gnu/H-x86_64-pc-linux-gnu/bin/../lib/gcc/nios2-elf/8.3.1/../../../../../H-x86_64-pc-linux-gnu/nios2-elf/lib/mno-hw-mul/libc.a(lib_a-memcmp.o)
                              ../lab72_bsp//libhal_bsp.a(alt_find_dev.o) (memcmp)
/home/ajinusnlch/intelFPGA/19.1/nios2eds/bin/gnu/H-x86_64-pc-linux-gnu/bin/../lib/gcc/nios2-elf/8.3.1/../../../../../H-x86_64-pc-linux-gnu/nios2-elf/lib/mno-hw-mul/libc.a(lib_a-memcpy.o)
                              ../lab72_bsp//libhal_bsp.a(altera_avalon_jtag_uart_read.o) (memcpy)
/home/ajinusnlch/intelFPGA/19.1/nios2eds/bin/gnu/H-x86_64-pc-linux-gnu/bin/../lib/gcc/nios2-elf/8.3.1/../../../../../H-x86_64-pc-linux-gnu/nios2-elf/lib/mno-hw-mul/libc.a(lib_a-strlen.o)
                              ../lab72_bsp//libhal_bsp.a(alt_find_dev.o) (strlen)
/home/ajinusnlch/intelFPGA/19.1/nios2eds/bin/gnu/H-x86_64-pc-linux-gnu/bin/../lib/gcc/nios2-elf/8.3.1/../../../../../H-x86_64-pc-linux-gnu/nios2-elf/lib/mno-hw-mul/libc.a(lib_a-__atexit.o)
                              /home/ajinusnlch/intelFPGA/19.1/nios2eds/bin/gnu/H-x86_64-pc-linux-gnu/bin/../lib/gcc/nios2-elf/8.3.1/../../../../../H-x86_64-pc-linux-gnu/nios2-elf/lib/mno-hw-mul/libc.a(lib_a-atexit.o) (__register_exitproc)
/home/ajinusnlch/intelFPGA/19.1/nios2eds/bin/gnu/H-x86_64-pc-linux-gnu/bin/../lib/gcc/nios2-elf/8.3.1/../../../../../H-x86_64-pc-linux-gnu/nios2-elf/lib/mno-hw-mul/libc.a(lib_a-__call_atexit.o)
                              /home/ajinusnlch/intelFPGA/19.1/nios2eds/bin/gnu/H-x86_64-pc-linux-gnu/bin/../lib/gcc/nios2-elf/8.3.1/../../../../../H-x86_64-pc-linux-gnu/nios2-elf/lib/mno-hw-mul/libc.a(lib_a-exit.o) (__call_exitprocs)
../lab72_bsp//libhal_bsp.a(alt_exit.o)
                              /home/ajinusnlch/intelFPGA/19.1/nios2eds/bin/gnu/H-x86_64-pc-linux-gnu/bin/../lib/gcc/nios2-elf/8.3.1/../../../../../H-x86_64-pc-linux-gnu/nios2-elf/lib/mno-hw-mul/libc.a(lib_a-exit.o) (_exit)

Allocating common symbols
Common symbol       size              file

alt_irq             0x100             ../lab72_bsp//libhal_bsp.a(alt_irq_handler.o)
errno               0x4               /home/ajinusnlch/intelFPGA/19.1/nios2eds/bin/gnu/H-x86_64-pc-linux-gnu/bin/../lib/gcc/nios2-elf/8.3.1/../../../../../H-x86_64-pc-linux-gnu/nios2-elf/lib/mno-hw-mul/libc.a(lib_a-int_errno.o)

Memory Configuration

Name             Origin             Length             Attributes
onchip_memory2_0 0x0000000000000000 0x0000000000000010
reset            0x0000000008000000 0x0000000000000020
sdram            0x0000000008000020 0x0000000003ffffe0
*default*        0x0000000000000000 0xffffffffffffffff

Linker script and memory map

LOAD ../lab72_bsp//obj/HAL/src/crt0.o
LOAD /home/ajinusnlch/intelFPGA/19.1/nios2eds/bin/gnu/H-x86_64-pc-linux-gnu/bin/../lib/gcc/nios2-elf/8.3.1/../../../../../H-x86_64-pc-linux-gnu/nios2-elf/lib/mno-hw-mul/libstdc++.a
LOAD /home/ajinusnlch/intelFPGA/19.1/nios2eds/bin/gnu/H-x86_64-pc-linux-gnu/bin/../lib/gcc/nios2-elf/8.3.1/../../../../../H-x86_64-pc-linux-gnu/nios2-elf/lib/mno-hw-mul/libm.a
LOAD /home/ajinusnlch/intelFPGA/19.1/nios2eds/bin/gnu/H-x86_64-pc-linux-gnu/bin/../lib/gcc/nios2-elf/8.3.1/mno-hw-mul/libgcc.a
START GROUP
LOAD /home/ajinusnlch/intelFPGA/19.1/nios2eds/bin/gnu/H-x86_64-pc-linux-gnu/bin/../lib/gcc/nios2-elf/8.3.1/../../../../../H-x86_64-pc-linux-gnu/nios2-elf/lib/mno-hw-mul/libc.a
LOAD /home/ajinusnlch/intelFPGA/19.1/nios2eds/bin/gnu/H-x86_64-pc-linux-gnu/bin/../lib/gcc/nios2-elf/8.3.1/mno-hw-mul/libgcc.a
LOAD ../lab72_bsp//libhal_bsp.a
LOAD /home/ajinusnlch/intelFPGA/19.1/nios2eds/bin/gnu/H-x86_64-pc-linux-gnu/bin/../lib/gcc/nios2-elf/8.3.1/../../../../../H-x86_64-pc-linux-gnu/nios2-elf/lib/mno-hw-mul/libm.a
END GROUP
LOAD /home/ajinusnlch/intelFPGA/19.1/nios2eds/bin/gnu/H-x86_64-pc-linux-gnu/bin/../lib/gcc/nios2-elf/8.3.1/mno-hw-mul/libgcc.a
                0x0000000000000000                __alt_mem_onchip_memory2_0 = 0x0
                0x0000000008000000                __alt_mem_sdram = 0x8000000

.entry          0x0000000008000000       0x20
 *(.entry)
 .entry         0x0000000008000000       0x20 ../lab72_bsp//obj/HAL/src/crt0.o
                0x0000000008000000                __reset

.exceptions     0x0000000008000020      0x204
                0x0000000008000020                PROVIDE (__ram_exceptions_start = ABSOLUTE (.))
                0x0000000008000020                . = ALIGN (0x20)
 *(.irq)
 *(.exceptions.entry.label)
 .exceptions.entry.label
                0x0000000008000020        0x0 ../lab72_bsp//libhal_bsp.a(alt_irq_entry.o)
                0x0000000008000020                alt_irq_entry
 .exceptions.entry.label
                0x0000000008000020        0x0 ../lab72_bsp//libhal_bsp.a(alt_exception_entry.o)
                0x0000000008000020                alt_exception
 *(.exceptions.entry.user)
 *(.exceptions.entry.ecc_fatal)
 *(.exceptions.entry)
 .exceptions.entry
                0x0000000008000020       0x54 ../lab72_bsp//libhal_bsp.a(alt_exception_entry.o)
 *(.exceptions.irqtest.user)
 *(.exceptions.irqtest)
 .exceptions.irqtest
                0x0000000008000074       0x10 ../lab72_bsp//libhal_bsp.a(alt_irq_entry.o)
 *(.exceptions.irqhandler.user)
 *(.exceptions.irqhandler)
 .exceptions.irqhandler
                0x0000000008000084        0x4 ../lab72_bsp//libhal_bsp.a(alt_irq_entry.o)
 *(.exceptions.irqreturn.user)
 *(.exceptions.irqreturn)
 .exceptions.irqreturn
                0x0000000008000088        0x4 ../lab72_bsp//libhal_bsp.a(alt_irq_entry.o)
 *(.exceptions.notirq.label)
 .exceptions.notirq.label
                0x000000000800008c        0x0 ../lab72_bsp//libhal_bsp.a(alt_irq_entry.o)
 *(.exceptions.notirq.user)
 *(.exceptions.notirq)
 .exceptions.notirq
                0x000000000800008c        0x8 ../lab72_bsp//libhal_bsp.a(alt_exception_entry.o)
 *(.exceptions.soft.user)
 *(.exceptions.soft)
 *(.exceptions.unknown.user)
 *(.exceptions.unknown)
 .exceptions.unknown
                0x0000000008000094       0x14 ../lab72_bsp//libhal_bsp.a(alt_exception_entry.o)
 *(.exceptions.exit.label)
 .exceptions.exit.label
                0x00000000080000a8        0x0 ../lab72_bsp//libhal_bsp.a(alt_irq_entry.o)
 .exceptions.exit.label
                0x00000000080000a8        0x0 ../lab72_bsp//libhal_bsp.a(alt_exception_entry.o)
 *(.exceptions.exit.user)
 *(.exceptions.exit)
 .exceptions.exit
                0x00000000080000a8       0x54 ../lab72_bsp//libhal_bsp.a(alt_exception_entry.o)
 *(.exceptions)
 .exceptions    0x00000000080000fc       0xc8 ../lab72_bsp//libhal_bsp.a(alt_irq_handler.o)
                0x00000000080000fc                alt_irq_handler
 .exceptions    0x00000000080001c4       0x60 ../lab72_bsp//libhal_bsp.a(alt_instruction_exception_entry.o)
                0x00000000080001c4                alt_instruction_exception_entry
                0x0000000008000224                PROVIDE (__ram_exceptions_end = ABSOLUTE (.))
                0x0000000008000020                PROVIDE (__flash_exceptions_start = LOADADDR (.exceptions))

.text           0x0000000008000224     0x21e0
                [!provide]                        PROVIDE (stext = ABSOLUTE (.))
 *(.interp)
 *(.hash)
 *(.dynsym)
 *(.dynstr)
 *(.gnu.version)
 *(.gnu.version_d)
 *(.gnu.version_r)
 *(.rel.init)
 *(.rela.init)
 *(.rel.text .rel.text.* .rel.gnu.linkonce.t.*)
 *(.rela.text .rela.text.* .rela.gnu.linkonce.t.*)
 *(.rel.fini)
 *(.rela.fini)
 *(.rel.rodata .rel.rodata.* .rel.gnu.linkonce.r.*)
 *(.rela.rodata .rela.rodata.* .rela.gnu.linkonce.r.*)
 *(.rel.data .rel.data.* .rel.gnu.linkonce.d.*)
 *(.rela.data .rela.data.* .rela.gnu.linkonce.d.*)
 *(.rel.tdata .rel.tdata.* .rel.gnu.linkonce.td.*)
 *(.rela.tdata .rela.tdata.* .rela.gnu.linkonce.td.*)
 *(.rel.tbss .rel.tbss.* .rel.gnu.linkonce.tb.*)
 *(.rela.tbss .rela.tbss.* .rela.gnu.linkonce.tb.*)
 *(.rel.ctors)
 *(.rela.ctors)
 *(.rel.dtors)
 *(.rela.dtors)
 *(.rel.got)
 *(.rela.got)
 *(.rel.sdata .rel.sdata.* .rel.gnu.linkonce.s.*)
 *(.rela.sdata .rela.sdata.* .rela.gnu.linkonce.s.*)
 *(.rel.sbss .rel.sbss.* .rel.gnu.linkonce.sb.*)
 *(.rela.sbss .rela.sbss.* .rela.gnu.linkonce.sb.*)
 *(.rel.sdata2 .rel.sdata2.* .rel.gnu.linkonce.s2.*)
 *(.rela.sdata2 .rela.sdata2.* .rela.gnu.linkonce.s2.*)
 *(.rel.sbss2 .rel.sbss2.* .rel.gnu.linkonce.sb2.*)
 *(.rela.sbss2 .rela.sbss2.* .rela.gnu.linkonce.sb2.*)
 *(.rel.bss .rel.bss.* .rel.gnu.linkonce.b.*)
 *(.rela.bss .rela.bss.* .rela.gnu.linkonce.b.*)
 *(.rel.plt)
 *(.rela.plt)
 *(.rel.dyn)
 *(.init)
 *(.plt)
 *(.text .stub .text.* .gnu.linkonce.t.*)
 .text          0x0000000008000224       0x3c ../lab72_bsp//obj/HAL/src/crt0.o
                0x0000000008000224                _start
 .text          0x0000000008000260       0xec ../lab72_bsp//libhal_bsp.a(alt_load.o)
                0x00000000080002c8                alt_load
 .text          0x000000000800034c       0x7c ../lab72_bsp//libhal_bsp.a(alt_main.o)
                0x000000000800034c                alt_main
 .text          0x00000000080003c8       0xd0 ../lab72_bsp//libhal_bsp.a(alt_sys_init.o)
                0x00000000080003fc                alt_irq_init
                0x0000000008000434                alt_sys_init
 .text          0x0000000008000498      0x164 ../lab72_bsp//libhal_bsp.a(altera_avalon_jtag_uart_fd.o)
                0x0000000008000498                altera_avalon_jtag_uart_read_fd
                0x00000000080004f8                altera_avalon_jtag_uart_write_fd
                0x0000000008000558                altera_avalon_jtag_uart_close_fd
                0x00000000080005a8                altera_avalon_jtag_uart_ioctl_fd
 .text          0x00000000080005fc      0x3cc ../lab72_bsp//libhal_bsp.a(altera_avalon_jtag_uart_init.o)
                0x00000000080005fc                altera_avalon_jtag_uart_init
                0x0000000008000960                altera_avalon_jtag_uart_close
 .text          0x00000000080009c8       0xf4 ../lab72_bsp//libhal_bsp.a(altera_avalon_jtag_uart_ioctl.o)
                0x00000000080009c8                altera_avalon_jtag_uart_ioctl
 .text          0x0000000008000abc      0x21c ../lab72_bsp//libhal_bsp.a(altera_avalon_jtag_uart_read.o)
                0x0000000008000abc                altera_avalon_jtag_uart_read
 .text          0x0000000008000cd8      0x224 ../lab72_bsp//libhal_bsp.a(altera_avalon_jtag_uart_write.o)
                0x0000000008000cd8                altera_avalon_jtag_uart_write
 .text          0x0000000008000efc       0xf4 ../lab72_bsp//libhal_bsp.a(altera_avalon_timer_sc.o)
                0x0000000008000f74                alt_avalon_timer_sc_init
 .text          0x0000000008000ff0      0x12c ../lab72_bsp//libhal_bsp.a(alt_alarm_start.o)
                0x0000000008000ff0                alt_alarm_start
 .text          0x000000000800111c      0x118 ../lab72_bsp//libhal_bsp.a(alt_close.o)
                0x0000000008001158                close
 .text          0x0000000008001234       0x20 ../lab72_bsp//libhal_bsp.a(alt_dcache_flush_all.o)
                0x0000000008001234                alt_dcache_flush_all
 .text          0x0000000008001254       0x2c ../lab72_bsp//libhal_bsp.a(alt_dev.o)
 .text          0x0000000008001280       0xe0 ../lab72_bsp//libhal_bsp.a(alt_dev_llist_insert.o)
                0x00000000080012bc                alt_dev_llist_insert
 .text          0x0000000008001360       0x60 ../lab72_bsp//libhal_bsp.a(alt_do_ctors.o)
                0x0000000008001360                _do_ctors
 .text          0x00000000080013c0       0x60 ../lab72_bsp//libhal_bsp.a(alt_do_dtors.o)
                0x00000000080013c0                _do_dtors
 .text          0x0000000008001420        0x0 ../lab72_bsp//libhal_bsp.a(alt_errno.o)
 .text          0x0000000008001420       0x20 ../lab72_bsp//libhal_bsp.a(alt_icache_flush_all.o)
                0x0000000008001420                alt_icache_flush_all
 .text          0x0000000008001440      0x1b0 ../lab72_bsp//libhal_bsp.a(alt_iic.o)
                0x0000000008001440                alt_ic_isr_register
                0x0000000008001490                alt_ic_irq_enable
                0x0000000008001518                alt_ic_irq_disable
                0x00000000080015a4                alt_ic_irq_enabled
 .text          0x00000000080015f0       0xe4 ../lab72_bsp//libhal_bsp.a(alt_iic_isr_register.o)
                0x00000000080015f0                alt_iic_isr_register
 .text          0x00000000080016d4      0x150 ../lab72_bsp//libhal_bsp.a(alt_io_redirect.o)
                0x00000000080017a8                alt_io_redirect
 .text          0x0000000008001824        0x0 ../lab72_bsp//libhal_bsp.a(alt_irq_entry.o)
 .text          0x0000000008001824        0x0 ../lab72_bsp//libhal_bsp.a(alt_irq_handler.o)
 .text          0x0000000008001824        0x0 ../lab72_bsp//libhal_bsp.a(alt_irq_vars.o)
 .text          0x0000000008001824      0x278 ../lab72_bsp//libhal_bsp.a(alt_open.o)
                0x000000000800193c                open
 .text          0x0000000008001a9c       0x70 ../lab72_bsp//libhal_bsp.a(alt_release_fd.o)
                0x0000000008001a9c                alt_release_fd
 .text          0x0000000008001b0c      0x1a4 ../lab72_bsp//libhal_bsp.a(alt_tick.o)
                0x0000000008001b0c                alt_alarm_stop
                0x0000000008001ba8                alt_tick
 .text          0x0000000008001cb0       0x24 ../lab72_bsp//libhal_bsp.a(altera_nios2_gen2_irq.o)
                0x0000000008001cb0                altera_nios2_gen2_irq_init
 .text          0x0000000008001cd4        0x0 ../lab72_bsp//libhal_bsp.a(alt_exception_entry.o)
 .text          0x0000000008001cd4       0x90 ../lab72_bsp//libhal_bsp.a(alt_find_dev.o)
                0x0000000008001cd4                alt_find_dev
 .text          0x0000000008001d64      0x108 ../lab72_bsp//libhal_bsp.a(alt_find_file.o)
                0x0000000008001d64                alt_find_file
 .text          0x0000000008001e6c       0xb8 ../lab72_bsp//libhal_bsp.a(alt_get_fd.o)
                0x0000000008001e6c                alt_get_fd
 .text          0x0000000008001f24       0x98 ../lab72_bsp//libhal_bsp.a(alt_instruction_exception_entry.o)
                0x0000000008001f24                alt_exception_cause_generated_bad_addr
 .text          0x0000000008001fbc        0x0 /home/ajinusnlch/intelFPGA/19.1/nios2eds/bin/gnu/H-x86_64-pc-linux-gnu/bin/../lib/gcc/nios2-elf/8.3.1/../../../../../H-x86_64-pc-linux-gnu/nios2-elf/lib/mno-hw-mul/libc.a(lib_a-atexit.o)
 .text.atexit   0x0000000008001fbc       0x14 /home/ajinusnlch/intelFPGA/19.1/nios2eds/bin/gnu/H-x86_64-pc-linux-gnu/bin/../lib/gcc/nios2-elf/8.3.1/../../../../../H-x86_64-pc-linux-gnu/nios2-elf/lib/mno-hw-mul/libc.a(lib_a-atexit.o)
                0x0000000008001fbc                atexit
 .text          0x0000000008001fd0        0x0 /home/ajinusnlch/intelFPGA/19.1/nios2eds/bin/gnu/H-x86_64-pc-linux-gnu/bin/../lib/gcc/nios2-elf/8.3.1/../../../../../H-x86_64-pc-linux-gnu/nios2-elf/lib/mno-hw-mul/libc.a(lib_a-exit.o)
 .text.exit     0x0000000008001fd0       0x34 /home/ajinusnlch/intelFPGA/19.1/nios2eds/bin/gnu/H-x86_64-pc-linux-gnu/bin/../lib/gcc/nios2-elf/8.3.1/../../../../../H-x86_64-pc-linux-gnu/nios2-elf/lib/mno-hw-mul/libc.a(lib_a-exit.o)
                0x0000000008001fd0                exit
 .text          0x0000000008002004        0x0 /home/ajinusnlch/intelFPGA/19.1/nios2eds/bin/gnu/H-x86_64-pc-linux-gnu/bin/../lib/gcc/nios2-elf/8.3.1/../../../../../H-x86_64-pc-linux-gnu/nios2-elf/lib/mno-hw-mul/libc.a(lib_a-impure.o)
 .text          0x0000000008002004        0x0 /home/ajinusnlch/intelFPGA/19.1/nios2eds/bin/gnu/H-x86_64-pc-linux-gnu/bin/../lib/gcc/nios2-elf/8.3.1/../../../../../H-x86_64-pc-linux-gnu/nios2-elf/lib/mno-hw-mul/libc.a(lib_a-int_errno.o)
 .text          0x0000000008002004        0x0 /home/ajinusnlch/intelFPGA/19.1/nios2eds/bin/gnu/H-x86_64-pc-linux-gnu/bin/../lib/gcc/nios2-elf/8.3.1/../../../../../H-x86_64-pc-linux-gnu/nios2-elf/lib/mno-hw-mul/libc.a(lib_a-memcmp.o)
 .text.memcmp   0x0000000008002004       0x8c /home/ajinusnlch/intelFPGA/19.1/nios2eds/bin/gnu/H-x86_64-pc-linux-gnu/bin/../lib/gcc/nios2-elf/8.3.1/../../../../../H-x86_64-pc-linux-gnu/nios2-elf/lib/mno-hw-mul/libc.a(lib_a-memcmp.o)
                0x0000000008002004                memcmp
 .text          0x0000000008002090        0x0 /home/ajinusnlch/intelFPGA/19.1/nios2eds/bin/gnu/H-x86_64-pc-linux-gnu/bin/../lib/gcc/nios2-elf/8.3.1/../../../../../H-x86_64-pc-linux-gnu/nios2-elf/lib/mno-hw-mul/libc.a(lib_a-memcpy.o)
 .text.memcpy   0x0000000008002090      0x100 /home/ajinusnlch/intelFPGA/19.1/nios2eds/bin/gnu/H-x86_64-pc-linux-gnu/bin/../lib/gcc/nios2-elf/8.3.1/../../../../../H-x86_64-pc-linux-gnu/nios2-elf/lib/mno-hw-mul/libc.a(lib_a-memcpy.o)
                0x0000000008002090                memcpy
 .text          0x0000000008002190        0x0 /home/ajinusnlch/intelFPGA/19.1/nios2eds/bin/gnu/H-x86_64-pc-linux-gnu/bin/../lib/gcc/nios2-elf/8.3.1/../../../../../H-x86_64-pc-linux-gnu/nios2-elf/lib/mno-hw-mul/libc.a(lib_a-strlen.o)
 .text.strlen   0x0000000008002190       0x98 /home/ajinusnlch/intelFPGA/19.1/nios2eds/bin/gnu/H-x86_64-pc-linux-gnu/bin/../lib/gcc/nios2-elf/8.3.1/../../../../../H-x86_64-pc-linux-gnu/nios2-elf/lib/mno-hw-mul/libc.a(lib_a-strlen.o)
                0x0000000008002190                strlen
 .text          0x0000000008002228        0x0 /home/ajinusnlch/intelFPGA/19.1/nios2eds/bin/gnu/H-x86_64-pc-linux-gnu/bin/../lib/gcc/nios2-elf/8.3.1/../../../../../H-x86_64-pc-linux-gnu/nios2-elf/lib/mno-hw-mul/libc.a(lib_a-__atexit.o)
 .text.__register_exitproc
                0x0000000008002228       0x90 /home/ajinusnlch/intelFPGA/19.1/nios2eds/bin/gnu/H-x86_64-pc-linux-gnu/bin/../lib/gcc/nios2-elf/8.3.1/../../../../../H-x86_64-pc-linux-gnu/nios2-elf/lib/mno-hw-mul/libc.a(lib_a-__atexit.o)
                0x0000000008002228                __register_exitproc
 .text          0x00000000080022b8        0x0 /home/ajinusnlch/intelFPGA/19.1/nios2eds/bin/gnu/H-x86_64-pc-linux-gnu/bin/../lib/gcc/nios2-elf/8.3.1/../../../../../H-x86_64-pc-linux-gnu/nios2-elf/lib/mno-hw-mul/libc.a(lib_a-__call_atexit.o)
 .text.__call_exitprocs
                0x00000000080022b8      0x118 /home/ajinusnlch/intelFPGA/19.1/nios2eds/bin/gnu/H-x86_64-pc-linux-gnu/bin/../lib/gcc/nios2-elf/8.3.1/../../../../../H-x86_64-pc-linux-gnu/nios2-elf/lib/mno-hw-mul/libc.a(lib_a-__call_atexit.o)
                0x00000000080022b8                __call_exitprocs
 .text          0x00000000080023d0       0x34 ../lab72_bsp//libhal_bsp.a(alt_exit.o)
                0x00000000080023d0                _exit
 *(.gnu.warning.*)
 *(.fini)
                [!provide]                        PROVIDE (__etext = ABSOLUTE (.))
                [!provide]                        PROVIDE (_etext = ABSOLUTE (.))
                [!provide]                        PROVIDE (etext = ABSOLUTE (.))
 *(.eh_frame_hdr)
                0x0000000008002404                . = ALIGN (0x4)
                [!provide]                        PROVIDE (__preinit_array_start = ABSOLUTE (.))
 *(.preinit_array)
                [!provide]                        PROVIDE (__preinit_array_end = ABSOLUTE (.))
                [!provide]                        PROVIDE (__init_array_start = ABSOLUTE (.))
 *(.init_array)
                [!provide]                        PROVIDE (__init_array_end = ABSOLUTE (.))
                [!provide]                        PROVIDE (__fini_array_start = ABSOLUTE (.))
 *(.fini_array)
                [!provide]                        PROVIDE (__fini_array_end = ABSOLUTE (.))
 *(.eh_frame)
 *(.gcc_except_table .gcc_except_table.*)
 *(.dynamic)
                0x0000000008002404                PROVIDE (__CTOR_LIST__ = ABSOLUTE (.))
 *(.ctors)
 *(SORT_BY_NAME(.ctors.*))
                0x0000000008002404                PROVIDE (__CTOR_END__ = ABSOLUTE (.))
                0x0000000008002404                PROVIDE (__DTOR_LIST__ = ABSOLUTE (.))
 *(.dtors)
 *(SORT_BY_NAME(.dtors.*))
                0x0000000008002404                PROVIDE (__DTOR_END__ = ABSOLUTE (.))
 *(.jcr)
                0x0000000008002404                . = ALIGN (0x4)

.rodata         0x0000000008002404       0x34
                0x0000000008002404                PROVIDE (__ram_rodata_start = ABSOLUTE (.))
                0x0000000008002404                . = ALIGN (0x4)
 *(.rodata .rodata.* .gnu.linkonce.r.*)
 .rodata        0x0000000008002404       0x11 ../lab72_bsp//libhal_bsp.a(alt_main.o)
 *fill*         0x0000000008002415        0x3 
 .rodata        0x0000000008002418       0x11 ../lab72_bsp//libhal_bsp.a(alt_sys_init.o)
 *fill*         0x0000000008002429        0x3 
 .rodata        0x000000000800242c        0xa ../lab72_bsp//libhal_bsp.a(alt_dev.o)
 *(.rodata1)
                0x0000000008002438                . = ALIGN (0x4)
 *fill*         0x0000000008002436        0x2 
                0x0000000008002438                PROVIDE (__ram_rodata_end = ABSOLUTE (.))
                0x0000000008002404                PROVIDE (__flash_rodata_start = LOADADDR (.rodata))

.rwdata         0x0000000008002438     0x1658 load address 0x0000000008003a90
                0x0000000008002438                PROVIDE (__ram_rwdata_start = ABSOLUTE (.))
                0x0000000008002438                . = ALIGN (0x4)
 *(.got.plt)
 *(.got)
 *(.data1)
 *(.data .data.* .gnu.linkonce.d.*)
 .data          0x0000000008002438        0x0 ../lab72_bsp//obj/HAL/src/crt0.o
 .data          0x0000000008002438        0x0 ../lab72_bsp//libhal_bsp.a(alt_load.o)
 .data          0x0000000008002438        0x0 ../lab72_bsp//libhal_bsp.a(alt_main.o)
 .data          0x0000000008002438     0x1060 ../lab72_bsp//libhal_bsp.a(alt_sys_init.o)
 .data          0x0000000008003498        0x0 ../lab72_bsp//libhal_bsp.a(altera_avalon_jtag_uart_fd.o)
 .data          0x0000000008003498        0x0 ../lab72_bsp//libhal_bsp.a(altera_avalon_jtag_uart_init.o)
 .data          0x0000000008003498        0x0 ../lab72_bsp//libhal_bsp.a(altera_avalon_jtag_uart_ioctl.o)
 .data          0x0000000008003498        0x0 ../lab72_bsp//libhal_bsp.a(altera_avalon_jtag_uart_read.o)
 .data          0x0000000008003498        0x0 ../lab72_bsp//libhal_bsp.a(altera_avalon_jtag_uart_write.o)
 .data          0x0000000008003498        0x0 ../lab72_bsp//libhal_bsp.a(altera_avalon_timer_sc.o)
 .data          0x0000000008003498        0x0 ../lab72_bsp//libhal_bsp.a(alt_alarm_start.o)
 .data          0x0000000008003498        0x0 ../lab72_bsp//libhal_bsp.a(alt_close.o)
 .data          0x0000000008003498        0x0 ../lab72_bsp//libhal_bsp.a(alt_dcache_flush_all.o)
 .data          0x0000000008003498      0x1a8 ../lab72_bsp//libhal_bsp.a(alt_dev.o)
                0x0000000008003498                alt_dev_null
                0x00000000080034c0                alt_fd_list
 .data          0x0000000008003640        0x0 ../lab72_bsp//libhal_bsp.a(alt_dev_llist_insert.o)
 .data          0x0000000008003640        0x0 ../lab72_bsp//libhal_bsp.a(alt_do_ctors.o)
 .data          0x0000000008003640        0x0 ../lab72_bsp//libhal_bsp.a(alt_do_dtors.o)
 .data          0x0000000008003640        0x0 ../lab72_bsp//libhal_bsp.a(alt_errno.o)
 .data          0x0000000008003640        0x0 ../lab72_bsp//libhal_bsp.a(alt_icache_flush_all.o)
 .data          0x0000000008003640        0x0 ../lab72_bsp//libhal_bsp.a(alt_iic.o)
 .data          0x0000000008003640        0x0 ../lab72_bsp//libhal_bsp.a(alt_iic_isr_register.o)
 .data          0x0000000008003640        0x0 ../lab72_bsp//libhal_bsp.a(alt_io_redirect.o)
 .data          0x0000000008003640        0x0 ../lab72_bsp//libhal_bsp.a(alt_irq_entry.o)
 .data          0x0000000008003640        0x0 ../lab72_bsp//libhal_bsp.a(alt_irq_handler.o)
 .data          0x0000000008003640        0x0 ../lab72_bsp//libhal_bsp.a(alt_irq_vars.o)
 .data          0x0000000008003640        0x0 ../lab72_bsp//libhal_bsp.a(alt_open.o)
 .data          0x0000000008003640        0x0 ../lab72_bsp//libhal_bsp.a(alt_release_fd.o)
 .data          0x0000000008003640        0x0 ../lab72_bsp//libhal_bsp.a(alt_tick.o)
 .data          0x0000000008003640        0x0 ../lab72_bsp//libhal_bsp.a(altera_nios2_gen2_irq.o)
 .data          0x0000000008003640        0x0 ../lab72_bsp//libhal_bsp.a(alt_exception_entry.o)
 .data          0x0000000008003640        0x0 ../lab72_bsp//libhal_bsp.a(alt_find_dev.o)
 .data          0x0000000008003640        0x0 ../lab72_bsp//libhal_bsp.a(alt_find_file.o)
 .data          0x0000000008003640        0x0 ../lab72_bsp//libhal_bsp.a(alt_get_fd.o)
 .data          0x0000000008003640        0x0 ../lab72_bsp//libhal_bsp.a(alt_instruction_exception_entry.o)
 .data          0x0000000008003640        0x0 /home/ajinusnlch/intelFPGA/19.1/nios2eds/bin/gnu/H-x86_64-pc-linux-gnu/bin/../lib/gcc/nios2-elf/8.3.1/../../../../../H-x86_64-pc-linux-gnu/nios2-elf/lib/mno-hw-mul/libc.a(lib_a-atexit.o)
 .data          0x0000000008003640        0x0 /home/ajinusnlch/intelFPGA/19.1/nios2eds/bin/gnu/H-x86_64-pc-linux-gnu/bin/../lib/gcc/nios2-elf/8.3.1/../../../../../H-x86_64-pc-linux-gnu/nios2-elf/lib/mno-hw-mul/libc.a(lib_a-exit.o)
 .data          0x0000000008003640        0x0 /home/ajinusnlch/intelFPGA/19.1/nios2eds/bin/gnu/H-x86_64-pc-linux-gnu/bin/../lib/gcc/nios2-elf/8.3.1/../../../../../H-x86_64-pc-linux-gnu/nios2-elf/lib/mno-hw-mul/libc.a(lib_a-impure.o)
 .data.impure_data
                0x0000000008003640      0x424 /home/ajinusnlch/intelFPGA/19.1/nios2eds/bin/gnu/H-x86_64-pc-linux-gnu/bin/../lib/gcc/nios2-elf/8.3.1/../../../../../H-x86_64-pc-linux-gnu/nios2-elf/lib/mno-hw-mul/libc.a(lib_a-impure.o)
 .data          0x0000000008003a64        0x0 /home/ajinusnlch/intelFPGA/19.1/nios2eds/bin/gnu/H-x86_64-pc-linux-gnu/bin/../lib/gcc/nios2-elf/8.3.1/../../../../../H-x86_64-pc-linux-gnu/nios2-elf/lib/mno-hw-mul/libc.a(lib_a-int_errno.o)
 .data          0x0000000008003a64        0x0 /home/ajinusnlch/intelFPGA/19.1/nios2eds/bin/gnu/H-x86_64-pc-linux-gnu/bin/../lib/gcc/nios2-elf/8.3.1/../../../../../H-x86_64-pc-linux-gnu/nios2-elf/lib/mno-hw-mul/libc.a(lib_a-memcmp.o)
 .data          0x0000000008003a64        0x0 /home/ajinusnlch/intelFPGA/19.1/nios2eds/bin/gnu/H-x86_64-pc-linux-gnu/bin/../lib/gcc/nios2-elf/8.3.1/../../../../../H-x86_64-pc-linux-gnu/nios2-elf/lib/mno-hw-mul/libc.a(lib_a-memcpy.o)
 .data          0x0000000008003a64        0x0 /home/ajinusnlch/intelFPGA/19.1/nios2eds/bin/gnu/H-x86_64-pc-linux-gnu/bin/../lib/gcc/nios2-elf/8.3.1/../../../../../H-x86_64-pc-linux-gnu/nios2-elf/lib/mno-hw-mul/libc.a(lib_a-strlen.o)
 .data          0x0000000008003a64        0x0 /home/ajinusnlch/intelFPGA/19.1/nios2eds/bin/gnu/H-x86_64-pc-linux-gnu/bin/../lib/gcc/nios2-elf/8.3.1/../../../../../H-x86_64-pc-linux-gnu/nios2-elf/lib/mno-hw-mul/libc.a(lib_a-__atexit.o)
 .data          0x0000000008003a64        0x0 /home/ajinusnlch/intelFPGA/19.1/nios2eds/bin/gnu/H-x86_64-pc-linux-gnu/bin/../lib/gcc/nios2-elf/8.3.1/../../../../../H-x86_64-pc-linux-gnu/nios2-elf/lib/mno-hw-mul/libc.a(lib_a-__call_atexit.o)
 .data          0x0000000008003a64        0x0 ../lab72_bsp//libhal_bsp.a(alt_exit.o)
                0x000000000800ba64                _gp = ABSOLUTE ((. + 0x8000))
                [!provide]                        PROVIDE (gp = _gp)
 *(.rwdata .rwdata.*)
 *(.sdata .sdata.* .gnu.linkonce.s.*)
 .sdata         0x0000000008003a64       0x14 ../lab72_bsp//libhal_bsp.a(alt_dev.o)
                0x0000000008003a64                alt_fs_list
                0x0000000008003a6c                alt_dev_list
                0x0000000008003a74                alt_max_fd
 .sdata         0x0000000008003a78        0x4 ../lab72_bsp//libhal_bsp.a(alt_errno.o)
                0x0000000008003a78                alt_errno
 .sdata         0x0000000008003a7c        0x4 ../lab72_bsp//libhal_bsp.a(alt_irq_vars.o)
                0x0000000008003a7c                alt_priority_mask
 .sdata         0x0000000008003a80        0x8 ../lab72_bsp//libhal_bsp.a(alt_tick.o)
                0x0000000008003a80                alt_alarm_list
 .sdata._global_impure_ptr
                0x0000000008003a88        0x4 /home/ajinusnlch/intelFPGA/19.1/nios2eds/bin/gnu/H-x86_64-pc-linux-gnu/bin/../lib/gcc/nios2-elf/8.3.1/../../../../../H-x86_64-pc-linux-gnu/nios2-elf/lib/mno-hw-mul/libc.a(lib_a-impure.o)
                0x0000000008003a88                _global_impure_ptr
 .sdata._impure_ptr
                0x0000000008003a8c        0x4 /home/ajinusnlch/intelFPGA/19.1/nios2eds/bin/gnu/H-x86_64-pc-linux-gnu/bin/../lib/gcc/nios2-elf/8.3.1/../../../../../H-x86_64-pc-linux-gnu/nios2-elf/lib/mno-hw-mul/libc.a(lib_a-impure.o)
                0x0000000008003a8c                _impure_ptr
 *(.sdata2 .sdata2.* .gnu.linkonce.s2.*)
                0x0000000008003a90                . = ALIGN (0x4)
                0x0000000008003a90                _edata = ABSOLUTE (.)
                [!provide]                        PROVIDE (edata = ABSOLUTE (.))
                0x0000000008003a90                PROVIDE (__ram_rwdata_end = ABSOLUTE (.))
                0x0000000008003a90                PROVIDE (__flash_rwdata_start = LOADADDR (.rwdata))

.bss            0x00000000080050e8      0x120
                0x00000000080050e8                __bss_start = ABSOLUTE (.)
                [!provide]                        PROVIDE (__sbss_start = ABSOLUTE (.))
                [!provide]                        PROVIDE (___sbss_start = ABSOLUTE (.))
 *(.dynsbss)
 *(.sbss .sbss.* .gnu.linkonce.sb.*)
 .sbss          0x00000000080050e8        0xc ../lab72_bsp//libhal_bsp.a(alt_main.o)
                0x00000000080050e8                alt_argc
                0x00000000080050ec                alt_argv
                0x00000000080050f0                alt_envp
 .sbss          0x00000000080050f4        0x4 ../lab72_bsp//libhal_bsp.a(alt_irq_vars.o)
                0x00000000080050f4                alt_irq_active
 .sbss          0x00000000080050f8        0x8 ../lab72_bsp//libhal_bsp.a(alt_tick.o)
                0x00000000080050f8                _alt_tick_rate
                0x00000000080050fc                _alt_nticks
 .sbss          0x0000000008005100        0x4 ../lab72_bsp//libhal_bsp.a(alt_instruction_exception_entry.o)
                0x0000000008005100                alt_instruction_exception_handler
 .sbss          0x0000000008005104        0x4 /home/ajinusnlch/intelFPGA/19.1/nios2eds/bin/gnu/H-x86_64-pc-linux-gnu/bin/../lib/gcc/nios2-elf/8.3.1/../../../../../H-x86_64-pc-linux-gnu/nios2-elf/lib/mno-hw-mul/libc.a(lib_a-int_errno.o)
                0x0000000008005104                errno
 *(.sbss2 .sbss2.* .gnu.linkonce.sb2.*)
 *(.scommon)
                [!provide]                        PROVIDE (__sbss_end = ABSOLUTE (.))
                [!provide]                        PROVIDE (___sbss_end = ABSOLUTE (.))
 *(.dynbss)
 *(.bss .bss.* .gnu.linkonce.b.*)
 .bss           0x0000000008005108        0x0 ../lab72_bsp//obj/HAL/src/crt0.o
 .bss           0x0000000008005108        0x0 ../lab72_bsp//libhal_bsp.a(alt_load.o)
 .bss           0x0000000008005108        0x0 ../lab72_bsp//libhal_bsp.a(alt_main.o)
 .bss           0x0000000008005108        0x0 ../lab72_bsp//libhal_bsp.a(alt_sys_init.o)
 .bss           0x0000000008005108        0x0 ../lab72_bsp//libhal_bsp.a(altera_avalon_jtag_uart_fd.o)
 .bss           0x0000000008005108        0x0 ../lab72_bsp//libhal_bsp.a(altera_avalon_jtag_uart_init.o)
 .bss           0x0000000008005108        0x0 ../lab72_bsp//libhal_bsp.a(altera_avalon_jtag_uart_ioctl.o)
 .bss           0x0000000008005108        0x0 ../lab72_bsp//libhal_bsp.a(altera_avalon_jtag_uart_read.o)
 .bss           0x0000000008005108        0x0 ../lab72_bsp//libhal_bsp.a(altera_avalon_jtag_uart_write.o)
 .bss           0x0000000008005108        0x0 ../lab72_bsp//libhal_bsp.a(altera_avalon_timer_sc.o)
 .bss           0x0000000008005108        0x0 ../lab72_bsp//libhal_bsp.a(alt_alarm_start.o)
 .bss           0x0000000008005108        0x0 ../lab72_bsp//libhal_bsp.a(alt_close.o)
 .bss           0x0000000008005108        0x0 ../lab72_bsp//libhal_bsp.a(alt_dcache_flush_all.o)
 .bss           0x0000000008005108        0x0 ../lab72_bsp//libhal_bsp.a(alt_dev.o)
 .bss           0x0000000008005108        0x0 ../lab72_bsp//libhal_bsp.a(alt_dev_llist_insert.o)
 .bss           0x0000000008005108        0x0 ../lab72_bsp//libhal_bsp.a(alt_do_ctors.o)
 .bss           0x0000000008005108        0x0 ../lab72_bsp//libhal_bsp.a(alt_do_dtors.o)
 .bss           0x0000000008005108        0x0 ../lab72_bsp//libhal_bsp.a(alt_errno.o)
 .bss           0x0000000008005108        0x0 ../lab72_bsp//libhal_bsp.a(alt_icache_flush_all.o)
 .bss           0x0000000008005108        0x0 ../lab72_bsp//libhal_bsp.a(alt_iic.o)
 .bss           0x0000000008005108        0x0 ../lab72_bsp//libhal_bsp.a(alt_iic_isr_register.o)
 .bss           0x0000000008005108        0x0 ../lab72_bsp//libhal_bsp.a(alt_io_redirect.o)
 .bss           0x0000000008005108        0x0 ../lab72_bsp//libhal_bsp.a(alt_irq_entry.o)
 .bss           0x0000000008005108        0x0 ../lab72_bsp//libhal_bsp.a(alt_irq_handler.o)
 .bss           0x0000000008005108        0x0 ../lab72_bsp//libhal_bsp.a(alt_irq_vars.o)
 .bss           0x0000000008005108        0x0 ../lab72_bsp//libhal_bsp.a(alt_open.o)
 .bss           0x0000000008005108        0x0 ../lab72_bsp//libhal_bsp.a(alt_release_fd.o)
 .bss           0x0000000008005108        0x0 ../lab72_bsp//libhal_bsp.a(alt_tick.o)
 .bss           0x0000000008005108        0x0 ../lab72_bsp//libhal_bsp.a(altera_nios2_gen2_irq.o)
 .bss           0x0000000008005108        0x0 ../lab72_bsp//libhal_bsp.a(alt_exception_entry.o)
 .bss           0x0000000008005108        0x0 ../lab72_bsp//libhal_bsp.a(alt_find_dev.o)
 .bss           0x0000000008005108        0x0 ../lab72_bsp//libhal_bsp.a(alt_find_file.o)
 .bss           0x0000000008005108        0x0 ../lab72_bsp//libhal_bsp.a(alt_get_fd.o)
 .bss           0x0000000008005108        0x0 ../lab72_bsp//libhal_bsp.a(alt_instruction_exception_entry.o)
 .bss           0x0000000008005108        0x0 /home/ajinusnlch/intelFPGA/19.1/nios2eds/bin/gnu/H-x86_64-pc-linux-gnu/bin/../lib/gcc/nios2-elf/8.3.1/../../../../../H-x86_64-pc-linux-gnu/nios2-elf/lib/mno-hw-mul/libc.a(lib_a-atexit.o)
 .bss           0x0000000008005108        0x0 /home/ajinusnlch/intelFPGA/19.1/nios2eds/bin/gnu/H-x86_64-pc-linux-gnu/bin/../lib/gcc/nios2-elf/8.3.1/../../../../../H-x86_64-pc-linux-gnu/nios2-elf/lib/mno-hw-mul/libc.a(lib_a-exit.o)
 .bss           0x0000000008005108        0x0 /home/ajinusnlch/intelFPGA/19.1/nios2eds/bin/gnu/H-x86_64-pc-linux-gnu/bin/../lib/gcc/nios2-elf/8.3.1/../../../../../H-x86_64-pc-linux-gnu/nios2-elf/lib/mno-hw-mul/libc.a(lib_a-impure.o)
 .bss           0x0000000008005108        0x0 /home/ajinusnlch/intelFPGA/19.1/nios2eds/bin/gnu/H-x86_64-pc-linux-gnu/bin/../lib/gcc/nios2-elf/8.3.1/../../../../../H-x86_64-pc-linux-gnu/nios2-elf/lib/mno-hw-mul/libc.a(lib_a-int_errno.o)
 .bss           0x0000000008005108        0x0 /home/ajinusnlch/intelFPGA/19.1/nios2eds/bin/gnu/H-x86_64-pc-linux-gnu/bin/../lib/gcc/nios2-elf/8.3.1/../../../../../H-x86_64-pc-linux-gnu/nios2-elf/lib/mno-hw-mul/libc.a(lib_a-memcmp.o)
 .bss           0x0000000008005108        0x0 /home/ajinusnlch/intelFPGA/19.1/nios2eds/bin/gnu/H-x86_64-pc-linux-gnu/bin/../lib/gcc/nios2-elf/8.3.1/../../../../../H-x86_64-pc-linux-gnu/nios2-elf/lib/mno-hw-mul/libc.a(lib_a-memcpy.o)
 .bss           0x0000000008005108        0x0 /home/ajinusnlch/intelFPGA/19.1/nios2eds/bin/gnu/H-x86_64-pc-linux-gnu/bin/../lib/gcc/nios2-elf/8.3.1/../../../../../H-x86_64-pc-linux-gnu/nios2-elf/lib/mno-hw-mul/libc.a(lib_a-strlen.o)
 .bss           0x0000000008005108        0x0 /home/ajinusnlch/intelFPGA/19.1/nios2eds/bin/gnu/H-x86_64-pc-linux-gnu/bin/../lib/gcc/nios2-elf/8.3.1/../../../../../H-x86_64-pc-linux-gnu/nios2-elf/lib/mno-hw-mul/libc.a(lib_a-__atexit.o)
 .bss           0x0000000008005108        0x0 /home/ajinusnlch/intelFPGA/19.1/nios2eds/bin/gnu/H-x86_64-pc-linux-gnu/bin/../lib/gcc/nios2-elf/8.3.1/../../../../../H-x86_64-pc-linux-gnu/nios2-elf/lib/mno-hw-mul/libc.a(lib_a-__call_atexit.o)
 .bss           0x0000000008005108        0x0 ../lab72_bsp//libhal_bsp.a(alt_exit.o)
 *(COMMON)
 COMMON         0x0000000008005108      0x100 ../lab72_bsp//libhal_bsp.a(alt_irq_handler.o)
                0x0000000008005108                alt_irq
                0x0000000008005208                . = ALIGN (0x4)
                0x0000000008005208                __bss_end = ABSOLUTE (.)

.onchip_memory2_0
                0x0000000000000000        0x0 load address 0x0000000008005208
                [!provide]                        PROVIDE (_alt_partition_onchip_memory2_0_start = ABSOLUTE (.))
 *(.onchip_memory2_0 .onchip_memory2_0. onchip_memory2_0.*)
                0x0000000000000000                . = ALIGN (0x4)
                [!provide]                        PROVIDE (_alt_partition_onchip_memory2_0_end = ABSOLUTE (.))
                [!provide]                        PROVIDE (_alt_partition_onchip_memory2_0_load_addr = LOADADDR (.onchip_memory2_0))

.sdram          0x0000000008005208        0x0
                [!provide]                        PROVIDE (_alt_partition_sdram_start = ABSOLUTE (.))
 *(.sdram .sdram. sdram.*)
                0x0000000008005208                . = ALIGN (0x4)
                [!provide]                        PROVIDE (_alt_partition_sdram_end = ABSOLUTE (.))
                0x0000000008005208                _end = ABSOLUTE (.)
                0x0000000008005208                end = ABSOLUTE (.)
                0x0000000008005208                __alt_stack_base = ABSOLUTE (.)
                [!provide]                        PROVIDE (_alt_partition_sdram_load_addr = LOADADDR (.sdram))

.stab
 *(.stab)

.stabstr
 *(.stabstr)

.stab.excl
 *(.stab.excl)

.stab.exclstr
 *(.stab.exclstr)

.stab.index
 *(.stab.index)

.stab.indexstr
 *(.stab.indexstr)

.comment        0x0000000000000000       0x2c
 *(.comment)
 .comment       0x0000000000000000       0x2c ../lab72_bsp//libhal_bsp.a(alt_load.o)
                                         0x2d (size before relaxing)
 .comment       0x000000000000002c       0x2d ../lab72_bsp//libhal_bsp.a(alt_main.o)
 .comment       0x000000000000002c       0x2d ../lab72_bsp//libhal_bsp.a(alt_sys_init.o)
 .comment       0x000000000000002c       0x2d ../lab72_bsp//libhal_bsp.a(altera_avalon_jtag_uart_fd.o)
 .comment       0x000000000000002c       0x2d ../lab72_bsp//libhal_bsp.a(altera_avalon_jtag_uart_init.o)
 .comment       0x000000000000002c       0x2d ../lab72_bsp//libhal_bsp.a(altera_avalon_jtag_uart_ioctl.o)
 .comment       0x000000000000002c       0x2d ../lab72_bsp//libhal_bsp.a(altera_avalon_jtag_uart_read.o)
 .comment       0x000000000000002c       0x2d ../lab72_bsp//libhal_bsp.a(altera_avalon_jtag_uart_write.o)
 .comment       0x000000000000002c       0x2d ../lab72_bsp//libhal_bsp.a(altera_avalon_timer_sc.o)
 .comment       0x000000000000002c       0x2d ../lab72_bsp//libhal_bsp.a(alt_alarm_start.o)
 .comment       0x000000000000002c       0x2d ../lab72_bsp//libhal_bsp.a(alt_close.o)
 .comment       0x000000000000002c       0x2d ../lab72_bsp//libhal_bsp.a(alt_dcache_flush_all.o)
 .comment       0x000000000000002c       0x2d ../lab72_bsp//libhal_bsp.a(alt_dev.o)
 .comment       0x000000000000002c       0x2d ../lab72_bsp//libhal_bsp.a(alt_dev_llist_insert.o)
 .comment       0x000000000000002c       0x2d ../lab72_bsp//libhal_bsp.a(alt_do_ctors.o)
 .comment       0x000000000000002c       0x2d ../lab72_bsp//libhal_bsp.a(alt_do_dtors.o)
 .comment       0x000000000000002c       0x2d ../lab72_bsp//libhal_bsp.a(alt_errno.o)
 .comment       0x000000000000002c       0x2d ../lab72_bsp//libhal_bsp.a(alt_icache_flush_all.o)
 .comment       0x000000000000002c       0x2d ../lab72_bsp//libhal_bsp.a(alt_iic.o)
 .comment       0x000000000000002c       0x2d ../lab72_bsp//libhal_bsp.a(alt_iic_isr_register.o)
 .comment       0x000000000000002c       0x2d ../lab72_bsp//libhal_bsp.a(alt_io_redirect.o)
 .comment       0x000000000000002c       0x2d ../lab72_bsp//libhal_bsp.a(alt_irq_handler.o)
 .comment       0x000000000000002c       0x2d ../lab72_bsp//libhal_bsp.a(alt_irq_vars.o)
 .comment       0x000000000000002c       0x2d ../lab72_bsp//libhal_bsp.a(alt_open.o)
 .comment       0x000000000000002c       0x2d ../lab72_bsp//libhal_bsp.a(alt_release_fd.o)
 .comment       0x000000000000002c       0x2d ../lab72_bsp//libhal_bsp.a(alt_tick.o)
 .comment       0x000000000000002c       0x2d ../lab72_bsp//libhal_bsp.a(altera_nios2_gen2_irq.o)
 .comment       0x000000000000002c       0x2d ../lab72_bsp//libhal_bsp.a(alt_find_dev.o)
 .comment       0x000000000000002c       0x2d ../lab72_bsp//libhal_bsp.a(alt_find_file.o)
 .comment       0x000000000000002c       0x2d ../lab72_bsp//libhal_bsp.a(alt_get_fd.o)
 .comment       0x000000000000002c       0x2d ../lab72_bsp//libhal_bsp.a(alt_instruction_exception_entry.o)
 .comment       0x000000000000002c       0x2d /home/ajinusnlch/intelFPGA/19.1/nios2eds/bin/gnu/H-x86_64-pc-linux-gnu/bin/../lib/gcc/nios2-elf/8.3.1/../../../../../H-x86_64-pc-linux-gnu/nios2-elf/lib/mno-hw-mul/libc.a(lib_a-atexit.o)
 .comment       0x000000000000002c       0x2d /home/ajinusnlch/intelFPGA/19.1/nios2eds/bin/gnu/H-x86_64-pc-linux-gnu/bin/../lib/gcc/nios2-elf/8.3.1/../../../../../H-x86_64-pc-linux-gnu/nios2-elf/lib/mno-hw-mul/libc.a(lib_a-exit.o)
 .comment       0x000000000000002c       0x2d /home/ajinusnlch/intelFPGA/19.1/nios2eds/bin/gnu/H-x86_64-pc-linux-gnu/bin/../lib/gcc/nios2-elf/8.3.1/../../../../../H-x86_64-pc-linux-gnu/nios2-elf/lib/mno-hw-mul/libc.a(lib_a-impure.o)
 .comment       0x000000000000002c       0x2d /home/ajinusnlch/intelFPGA/19.1/nios2eds/bin/gnu/H-x86_64-pc-linux-gnu/bin/../lib/gcc/nios2-elf/8.3.1/../../../../../H-x86_64-pc-linux-gnu/nios2-elf/lib/mno-hw-mul/libc.a(lib_a-int_errno.o)
 .comment       0x000000000000002c       0x2d /home/ajinusnlch/intelFPGA/19.1/nios2eds/bin/gnu/H-x86_64-pc-linux-gnu/bin/../lib/gcc/nios2-elf/8.3.1/../../../../../H-x86_64-pc-linux-gnu/nios2-elf/lib/mno-hw-mul/libc.a(lib_a-memcmp.o)
 .comment       0x000000000000002c       0x2d /home/ajinusnlch/intelFPGA/19.1/nios2eds/bin/gnu/H-x86_64-pc-linux-gnu/bin/../lib/gcc/nios2-elf/8.3.1/../../../../../H-x86_64-pc-linux-gnu/nios2-elf/lib/mno-hw-mul/libc.a(lib_a-memcpy.o)
 .comment       0x000000000000002c       0x2d /home/ajinusnlch/intelFPGA/19.1/nios2eds/bin/gnu/H-x86_64-pc-linux-gnu/bin/../lib/gcc/nios2-elf/8.3.1/../../../../../H-x86_64-pc-linux-gnu/nios2-elf/lib/mno-hw-mul/libc.a(lib_a-strlen.o)
 .comment       0x000000000000002c       0x2d /home/ajinusnlch/intelFPGA/19.1/nios2eds/bin/gnu/H-x86_64-pc-linux-gnu/bin/../lib/gcc/nios2-elf/8.3.1/../../../../../H-x86_64-pc-linux-gnu/nios2-elf/lib/mno-hw-mul/libc.a(lib_a-__atexit.o)
 .comment       0x000000000000002c       0x2d /home/ajinusnlch/intelFPGA/19.1/nios2eds/bin/gnu/H-x86_64-pc-linux-gnu/bin/../lib/gcc/nios2-elf/8.3.1/../../../../../H-x86_64-pc-linux-gnu/nios2-elf/lib/mno-hw-mul/libc.a(lib_a-__call_atexit.o)
 .comment       0x000000000000002c       0x2d ../lab72_bsp//libhal_bsp.a(alt_exit.o)

.debug
 *(.debug)

.line
 *(.line)

.debug_srcinfo
 *(.debug_srcinfo)

.debug_sfnames
 *(.debug_sfnames)

.debug_aranges  0x0000000000000000      0x598
 *(.debug_aranges)
 .debug_aranges
                0x0000000000000000       0x28 ../lab72_bsp//obj/HAL/src/crt0.o
 .debug_aranges
                0x0000000000000028       0x20 ../lab72_bsp//libhal_bsp.a(alt_load.o)
 .debug_aranges
                0x0000000000000048       0x20 ../lab72_bsp//libhal_bsp.a(alt_main.o)
 .debug_aranges
                0x0000000000000068       0x20 ../lab72_bsp//libhal_bsp.a(alt_sys_init.o)
 .debug_aranges
                0x0000000000000088       0x20 ../lab72_bsp//libhal_bsp.a(altera_avalon_jtag_uart_fd.o)
 .debug_aranges
                0x00000000000000a8       0x20 ../lab72_bsp//libhal_bsp.a(altera_avalon_jtag_uart_init.o)
 .debug_aranges
                0x00000000000000c8       0x20 ../lab72_bsp//libhal_bsp.a(altera_avalon_jtag_uart_ioctl.o)
 .debug_aranges
                0x00000000000000e8       0x20 ../lab72_bsp//libhal_bsp.a(altera_avalon_jtag_uart_read.o)
 .debug_aranges
                0x0000000000000108       0x20 ../lab72_bsp//libhal_bsp.a(altera_avalon_jtag_uart_write.o)
 .debug_aranges
                0x0000000000000128       0x20 ../lab72_bsp//libhal_bsp.a(altera_avalon_timer_sc.o)
 .debug_aranges
                0x0000000000000148       0x20 ../lab72_bsp//libhal_bsp.a(alt_alarm_start.o)
 .debug_aranges
                0x0000000000000168       0x20 ../lab72_bsp//libhal_bsp.a(alt_close.o)
 .debug_aranges
                0x0000000000000188       0x20 ../lab72_bsp//libhal_bsp.a(alt_dcache_flush_all.o)
 .debug_aranges
                0x00000000000001a8       0x20 ../lab72_bsp//libhal_bsp.a(alt_dev.o)
 .debug_aranges
                0x00000000000001c8       0x20 ../lab72_bsp//libhal_bsp.a(alt_dev_llist_insert.o)
 .debug_aranges
                0x00000000000001e8       0x20 ../lab72_bsp//libhal_bsp.a(alt_do_ctors.o)
 .debug_aranges
                0x0000000000000208       0x20 ../lab72_bsp//libhal_bsp.a(alt_do_dtors.o)
 .debug_aranges
                0x0000000000000228       0x18 ../lab72_bsp//libhal_bsp.a(alt_errno.o)
 .debug_aranges
                0x0000000000000240       0x20 ../lab72_bsp//libhal_bsp.a(alt_icache_flush_all.o)
 .debug_aranges
                0x0000000000000260       0x20 ../lab72_bsp//libhal_bsp.a(alt_iic.o)
 .debug_aranges
                0x0000000000000280       0x20 ../lab72_bsp//libhal_bsp.a(alt_iic_isr_register.o)
 .debug_aranges
                0x00000000000002a0       0x20 ../lab72_bsp//libhal_bsp.a(alt_io_redirect.o)
 .debug_aranges
                0x00000000000002c0       0x30 ../lab72_bsp//libhal_bsp.a(alt_irq_entry.o)
 .debug_aranges
                0x00000000000002f0       0x20 ../lab72_bsp//libhal_bsp.a(alt_irq_handler.o)
 .debug_aranges
                0x0000000000000310       0x18 ../lab72_bsp//libhal_bsp.a(alt_irq_vars.o)
 .debug_aranges
                0x0000000000000328       0x20 ../lab72_bsp//libhal_bsp.a(alt_open.o)
 .debug_aranges
                0x0000000000000348       0x20 ../lab72_bsp//libhal_bsp.a(alt_release_fd.o)
 .debug_aranges
                0x0000000000000368       0x20 ../lab72_bsp//libhal_bsp.a(alt_tick.o)
 .debug_aranges
                0x0000000000000388       0x20 ../lab72_bsp//libhal_bsp.a(altera_nios2_gen2_irq.o)
 .debug_aranges
                0x00000000000003a8       0x38 ../lab72_bsp//libhal_bsp.a(alt_exception_entry.o)
 .debug_aranges
                0x00000000000003e0       0x20 ../lab72_bsp//libhal_bsp.a(alt_find_dev.o)
 .debug_aranges
                0x0000000000000400       0x20 ../lab72_bsp//libhal_bsp.a(alt_find_file.o)
 .debug_aranges
                0x0000000000000420       0x20 ../lab72_bsp//libhal_bsp.a(alt_get_fd.o)
 .debug_aranges
                0x0000000000000440       0x28 ../lab72_bsp//libhal_bsp.a(alt_instruction_exception_entry.o)
 .debug_aranges
                0x0000000000000468       0x20 /home/ajinusnlch/intelFPGA/19.1/nios2eds/bin/gnu/H-x86_64-pc-linux-gnu/bin/../lib/gcc/nios2-elf/8.3.1/../../../../../H-x86_64-pc-linux-gnu/nios2-elf/lib/mno-hw-mul/libc.a(lib_a-atexit.o)
 .debug_aranges
                0x0000000000000488       0x20 /home/ajinusnlch/intelFPGA/19.1/nios2eds/bin/gnu/H-x86_64-pc-linux-gnu/bin/../lib/gcc/nios2-elf/8.3.1/../../../../../H-x86_64-pc-linux-gnu/nios2-elf/lib/mno-hw-mul/libc.a(lib_a-exit.o)
 .debug_aranges
                0x00000000000004a8       0x18 /home/ajinusnlch/intelFPGA/19.1/nios2eds/bin/gnu/H-x86_64-pc-linux-gnu/bin/../lib/gcc/nios2-elf/8.3.1/../../../../../H-x86_64-pc-linux-gnu/nios2-elf/lib/mno-hw-mul/libc.a(lib_a-impure.o)
 .debug_aranges
                0x00000000000004c0       0x18 /home/ajinusnlch/intelFPGA/19.1/nios2eds/bin/gnu/H-x86_64-pc-linux-gnu/bin/../lib/gcc/nios2-elf/8.3.1/../../../../../H-x86_64-pc-linux-gnu/nios2-elf/lib/mno-hw-mul/libc.a(lib_a-int_errno.o)
 .debug_aranges
                0x00000000000004d8       0x20 /home/ajinusnlch/intelFPGA/19.1/nios2eds/bin/gnu/H-x86_64-pc-linux-gnu/bin/../lib/gcc/nios2-elf/8.3.1/../../../../../H-x86_64-pc-linux-gnu/nios2-elf/lib/mno-hw-mul/libc.a(lib_a-memcmp.o)
 .debug_aranges
                0x00000000000004f8       0x20 /home/ajinusnlch/intelFPGA/19.1/nios2eds/bin/gnu/H-x86_64-pc-linux-gnu/bin/../lib/gcc/nios2-elf/8.3.1/../../../../../H-x86_64-pc-linux-gnu/nios2-elf/lib/mno-hw-mul/libc.a(lib_a-memcpy.o)
 .debug_aranges
                0x0000000000000518       0x20 /home/ajinusnlch/intelFPGA/19.1/nios2eds/bin/gnu/H-x86_64-pc-linux-gnu/bin/../lib/gcc/nios2-elf/8.3.1/../../../../../H-x86_64-pc-linux-gnu/nios2-elf/lib/mno-hw-mul/libc.a(lib_a-strlen.o)
 .debug_aranges
                0x0000000000000538       0x20 /home/ajinusnlch/intelFPGA/19.1/nios2eds/bin/gnu/H-x86_64-pc-linux-gnu/bin/../lib/gcc/nios2-elf/8.3.1/../../../../../H-x86_64-pc-linux-gnu/nios2-elf/lib/mno-hw-mul/libc.a(lib_a-__atexit.o)
 .debug_aranges
                0x0000000000000558       0x20 /home/ajinusnlch/intelFPGA/19.1/nios2eds/bin/gnu/H-x86_64-pc-linux-gnu/bin/../lib/gcc/nios2-elf/8.3.1/../../../../../H-x86_64-pc-linux-gnu/nios2-elf/lib/mno-hw-mul/libc.a(lib_a-__call_atexit.o)
 .debug_aranges
                0x0000000000000578       0x20 ../lab72_bsp//libhal_bsp.a(alt_exit.o)

.debug_pubnames
 *(.debug_pubnames)

.debug_info     0x0000000000000000    0x195a0
 *(.debug_info .gnu.linkonce.wi.*)
 .debug_info    0x0000000000000000       0x22 ../lab72_bsp//obj/HAL/src/crt0.o
 .debug_info    0x0000000000000022      0x9f2 ../lab72_bsp//libhal_bsp.a(alt_load.o)
 .debug_info    0x0000000000000a14      0xe72 ../lab72_bsp//libhal_bsp.a(alt_main.o)
 .debug_info    0x0000000000001886      0xdd1 ../lab72_bsp//libhal_bsp.a(alt_sys_init.o)
 .debug_info    0x0000000000002657      0x566 ../lab72_bsp//libhal_bsp.a(altera_avalon_jtag_uart_fd.o)
 .debug_info    0x0000000000002bbd      0xcc5 ../lab72_bsp//libhal_bsp.a(altera_avalon_jtag_uart_init.o)
 .debug_info    0x0000000000003882      0xb94 ../lab72_bsp//libhal_bsp.a(altera_avalon_jtag_uart_ioctl.o)
 .debug_info    0x0000000000004416      0xc5b ../lab72_bsp//libhal_bsp.a(altera_avalon_jtag_uart_read.o)
 .debug_info    0x0000000000005071      0xc51 ../lab72_bsp//libhal_bsp.a(altera_avalon_jtag_uart_write.o)
 .debug_info    0x0000000000005cc2      0xb12 ../lab72_bsp//libhal_bsp.a(altera_avalon_timer_sc.o)
 .debug_info    0x00000000000067d4      0xbab ../lab72_bsp//libhal_bsp.a(alt_alarm_start.o)
 .debug_info    0x000000000000737f      0xc5d ../lab72_bsp//libhal_bsp.a(alt_close.o)
 .debug_info    0x0000000000007fdc      0x931 ../lab72_bsp//libhal_bsp.a(alt_dcache_flush_all.o)
 .debug_info    0x000000000000890d      0xe91 ../lab72_bsp//libhal_bsp.a(alt_dev.o)
 .debug_info    0x000000000000979e      0xa6b ../lab72_bsp//libhal_bsp.a(alt_dev_llist_insert.o)
 .debug_info    0x000000000000a209       0x88 ../lab72_bsp//libhal_bsp.a(alt_do_ctors.o)
 .debug_info    0x000000000000a291       0x88 ../lab72_bsp//libhal_bsp.a(alt_do_dtors.o)
 .debug_info    0x000000000000a319      0x96f ../lab72_bsp//libhal_bsp.a(alt_errno.o)
 .debug_info    0x000000000000ac88      0x931 ../lab72_bsp//libhal_bsp.a(alt_icache_flush_all.o)
 .debug_info    0x000000000000b5b9      0xc18 ../lab72_bsp//libhal_bsp.a(alt_iic.o)
 .debug_info    0x000000000000c1d1      0xabe ../lab72_bsp//libhal_bsp.a(alt_iic_isr_register.o)
 .debug_info    0x000000000000cc8f      0xe71 ../lab72_bsp//libhal_bsp.a(alt_io_redirect.o)
 .debug_info    0x000000000000db00       0x22 ../lab72_bsp//libhal_bsp.a(alt_irq_entry.o)
 .debug_info    0x000000000000db22      0xa4d ../lab72_bsp//libhal_bsp.a(alt_irq_handler.o)
 .debug_info    0x000000000000e56f       0x8b ../lab72_bsp//libhal_bsp.a(alt_irq_vars.o)
 .debug_info    0x000000000000e5fa      0xc9c ../lab72_bsp//libhal_bsp.a(alt_open.o)
 .debug_info    0x000000000000f296      0x2e9 ../lab72_bsp//libhal_bsp.a(alt_release_fd.o)
 .debug_info    0x000000000000f57f      0xb8b ../lab72_bsp//libhal_bsp.a(alt_tick.o)
 .debug_info    0x000000000001010a      0x952 ../lab72_bsp//libhal_bsp.a(altera_nios2_gen2_irq.o)
 .debug_info    0x0000000000010a5c       0x22 ../lab72_bsp//libhal_bsp.a(alt_exception_entry.o)
 .debug_info    0x0000000000010a7e      0xbaf ../lab72_bsp//libhal_bsp.a(alt_find_dev.o)
 .debug_info    0x000000000001162d      0xba0 ../lab72_bsp//libhal_bsp.a(alt_find_file.o)
 .debug_info    0x00000000000121cd      0xbe7 ../lab72_bsp//libhal_bsp.a(alt_get_fd.o)
 .debug_info    0x0000000000012db4      0x1f1 ../lab72_bsp//libhal_bsp.a(alt_instruction_exception_entry.o)
 .debug_info    0x0000000000012fa5      0x99e /home/ajinusnlch/intelFPGA/19.1/nios2eds/bin/gnu/H-x86_64-pc-linux-gnu/bin/../lib/gcc/nios2-elf/8.3.1/../../../../../H-x86_64-pc-linux-gnu/nios2-elf/lib/mno-hw-mul/libc.a(lib_a-atexit.o)
 .debug_info    0x0000000000013943      0x9d9 /home/ajinusnlch/intelFPGA/19.1/nios2eds/bin/gnu/H-x86_64-pc-linux-gnu/bin/../lib/gcc/nios2-elf/8.3.1/../../../../../H-x86_64-pc-linux-gnu/nios2-elf/lib/mno-hw-mul/libc.a(lib_a-exit.o)
 .debug_info    0x000000000001431c      0x933 /home/ajinusnlch/intelFPGA/19.1/nios2eds/bin/gnu/H-x86_64-pc-linux-gnu/bin/../lib/gcc/nios2-elf/8.3.1/../../../../../H-x86_64-pc-linux-gnu/nios2-elf/lib/mno-hw-mul/libc.a(lib_a-impure.o)
 .debug_info    0x0000000000014c4f      0x929 /home/ajinusnlch/intelFPGA/19.1/nios2eds/bin/gnu/H-x86_64-pc-linux-gnu/bin/../lib/gcc/nios2-elf/8.3.1/../../../../../H-x86_64-pc-linux-gnu/nios2-elf/lib/mno-hw-mul/libc.a(lib_a-int_errno.o)
 .debug_info    0x0000000000015578      0x9cb /home/ajinusnlch/intelFPGA/19.1/nios2eds/bin/gnu/H-x86_64-pc-linux-gnu/bin/../lib/gcc/nios2-elf/8.3.1/../../../../../H-x86_64-pc-linux-gnu/nios2-elf/lib/mno-hw-mul/libc.a(lib_a-memcmp.o)
 .debug_info    0x0000000000015f43      0xf44 /home/ajinusnlch/intelFPGA/19.1/nios2eds/bin/gnu/H-x86_64-pc-linux-gnu/bin/../lib/gcc/nios2-elf/8.3.1/../../../../../H-x86_64-pc-linux-gnu/nios2-elf/lib/mno-hw-mul/libc.a(lib_a-memcpy.o)
 .debug_info    0x0000000000016e87      0x97c /home/ajinusnlch/intelFPGA/19.1/nios2eds/bin/gnu/H-x86_64-pc-linux-gnu/bin/../lib/gcc/nios2-elf/8.3.1/../../../../../H-x86_64-pc-linux-gnu/nios2-elf/lib/mno-hw-mul/libc.a(lib_a-strlen.o)
 .debug_info    0x0000000000017803      0x9d8 /home/ajinusnlch/intelFPGA/19.1/nios2eds/bin/gnu/H-x86_64-pc-linux-gnu/bin/../lib/gcc/nios2-elf/8.3.1/../../../../../H-x86_64-pc-linux-gnu/nios2-elf/lib/mno-hw-mul/libc.a(lib_a-__atexit.o)
 .debug_info    0x00000000000181db      0xa14 /home/ajinusnlch/intelFPGA/19.1/nios2eds/bin/gnu/H-x86_64-pc-linux-gnu/bin/../lib/gcc/nios2-elf/8.3.1/../../../../../H-x86_64-pc-linux-gnu/nios2-elf/lib/mno-hw-mul/libc.a(lib_a-__call_atexit.o)
 .debug_info    0x0000000000018bef      0x9b1 ../lab72_bsp//libhal_bsp.a(alt_exit.o)

.debug_abbrev   0x0000000000000000     0x551a
 *(.debug_abbrev)
 .debug_abbrev  0x0000000000000000       0x12 ../lab72_bsp//obj/HAL/src/crt0.o
 .debug_abbrev  0x0000000000000012      0x21c ../lab72_bsp//libhal_bsp.a(alt_load.o)
 .debug_abbrev  0x000000000000022e      0x21e ../lab72_bsp//libhal_bsp.a(alt_main.o)
 .debug_abbrev  0x000000000000044c      0x287 ../lab72_bsp//libhal_bsp.a(alt_sys_init.o)
 .debug_abbrev  0x00000000000006d3      0x159 ../lab72_bsp//libhal_bsp.a(altera_avalon_jtag_uart_fd.o)
 .debug_abbrev  0x000000000000082c      0x2ce ../lab72_bsp//libhal_bsp.a(altera_avalon_jtag_uart_init.o)
 .debug_abbrev  0x0000000000000afa      0x235 ../lab72_bsp//libhal_bsp.a(altera_avalon_jtag_uart_ioctl.o)
 .debug_abbrev  0x0000000000000d2f      0x2dc ../lab72_bsp//libhal_bsp.a(altera_avalon_jtag_uart_read.o)
 .debug_abbrev  0x000000000000100b      0x2d3 ../lab72_bsp//libhal_bsp.a(altera_avalon_jtag_uart_write.o)
 .debug_abbrev  0x00000000000012de      0x2d3 ../lab72_bsp//libhal_bsp.a(altera_avalon_timer_sc.o)
 .debug_abbrev  0x00000000000015b1      0x2cc ../lab72_bsp//libhal_bsp.a(alt_alarm_start.o)
 .debug_abbrev  0x000000000000187d      0x23f ../lab72_bsp//libhal_bsp.a(alt_close.o)
 .debug_abbrev  0x0000000000001abc      0x1e0 ../lab72_bsp//libhal_bsp.a(alt_dcache_flush_all.o)
 .debug_abbrev  0x0000000000001c9c      0x212 ../lab72_bsp//libhal_bsp.a(alt_dev.o)
 .debug_abbrev  0x0000000000001eae      0x268 ../lab72_bsp//libhal_bsp.a(alt_dev_llist_insert.o)
 .debug_abbrev  0x0000000000002116       0x81 ../lab72_bsp//libhal_bsp.a(alt_do_ctors.o)
 .debug_abbrev  0x0000000000002197       0x81 ../lab72_bsp//libhal_bsp.a(alt_do_dtors.o)
 .debug_abbrev  0x0000000000002218      0x1df ../lab72_bsp//libhal_bsp.a(alt_errno.o)
 .debug_abbrev  0x00000000000023f7      0x1e0 ../lab72_bsp//libhal_bsp.a(alt_icache_flush_all.o)
 .debug_abbrev  0x00000000000025d7      0x2f1 ../lab72_bsp//libhal_bsp.a(alt_iic.o)
 .debug_abbrev  0x00000000000028c8      0x2b0 ../lab72_bsp//libhal_bsp.a(alt_iic_isr_register.o)
 .debug_abbrev  0x0000000000002b78      0x232 ../lab72_bsp//libhal_bsp.a(alt_io_redirect.o)
 .debug_abbrev  0x0000000000002daa       0x12 ../lab72_bsp//libhal_bsp.a(alt_irq_entry.o)
 .debug_abbrev  0x0000000000002dbc      0x274 ../lab72_bsp//libhal_bsp.a(alt_irq_handler.o)
 .debug_abbrev  0x0000000000003030       0x44 ../lab72_bsp//libhal_bsp.a(alt_irq_vars.o)
 .debug_abbrev  0x0000000000003074      0x26c ../lab72_bsp//libhal_bsp.a(alt_open.o)
 .debug_abbrev  0x00000000000032e0       0xea ../lab72_bsp//libhal_bsp.a(alt_release_fd.o)
 .debug_abbrev  0x00000000000033ca      0x2be ../lab72_bsp//libhal_bsp.a(alt_tick.o)
 .debug_abbrev  0x0000000000003688      0x1e5 ../lab72_bsp//libhal_bsp.a(altera_nios2_gen2_irq.o)
 .debug_abbrev  0x000000000000386d       0x12 ../lab72_bsp//libhal_bsp.a(alt_exception_entry.o)
 .debug_abbrev  0x000000000000387f      0x21a ../lab72_bsp//libhal_bsp.a(alt_find_dev.o)
 .debug_abbrev  0x0000000000003a99      0x21a ../lab72_bsp//libhal_bsp.a(alt_find_file.o)
 .debug_abbrev  0x0000000000003cb3      0x22d ../lab72_bsp//libhal_bsp.a(alt_get_fd.o)
 .debug_abbrev  0x0000000000003ee0       0xea ../lab72_bsp//libhal_bsp.a(alt_instruction_exception_entry.o)
 .debug_abbrev  0x0000000000003fca      0x243 /home/ajinusnlch/intelFPGA/19.1/nios2eds/bin/gnu/H-x86_64-pc-linux-gnu/bin/../lib/gcc/nios2-elf/8.3.1/../../../../../H-x86_64-pc-linux-gnu/nios2-elf/lib/mno-hw-mul/libc.a(lib_a-atexit.o)
 .debug_abbrev  0x000000000000420d      0x230 /home/ajinusnlch/intelFPGA/19.1/nios2eds/bin/gnu/H-x86_64-pc-linux-gnu/bin/../lib/gcc/nios2-elf/8.3.1/../../../../../H-x86_64-pc-linux-gnu/nios2-elf/lib/mno-hw-mul/libc.a(lib_a-exit.o)
 .debug_abbrev  0x000000000000443d      0x1c9 /home/ajinusnlch/intelFPGA/19.1/nios2eds/bin/gnu/H-x86_64-pc-linux-gnu/bin/../lib/gcc/nios2-elf/8.3.1/../../../../../H-x86_64-pc-linux-gnu/nios2-elf/lib/mno-hw-mul/libc.a(lib_a-impure.o)
 .debug_abbrev  0x0000000000004606      0x1d5 /home/ajinusnlch/intelFPGA/19.1/nios2eds/bin/gnu/H-x86_64-pc-linux-gnu/bin/../lib/gcc/nios2-elf/8.3.1/../../../../../H-x86_64-pc-linux-gnu/nios2-elf/lib/mno-hw-mul/libc.a(lib_a-int_errno.o)
 .debug_abbrev  0x00000000000047db      0x1fe /home/ajinusnlch/intelFPGA/19.1/nios2eds/bin/gnu/H-x86_64-pc-linux-gnu/bin/../lib/gcc/nios2-elf/8.3.1/../../../../../H-x86_64-pc-linux-gnu/nios2-elf/lib/mno-hw-mul/libc.a(lib_a-memcmp.o)
 .debug_abbrev  0x00000000000049d9      0x223 /home/ajinusnlch/intelFPGA/19.1/nios2eds/bin/gnu/H-x86_64-pc-linux-gnu/bin/../lib/gcc/nios2-elf/8.3.1/../../../../../H-x86_64-pc-linux-gnu/nios2-elf/lib/mno-hw-mul/libc.a(lib_a-memcpy.o)
 .debug_abbrev  0x0000000000004bfc      0x1f9 /home/ajinusnlch/intelFPGA/19.1/nios2eds/bin/gnu/H-x86_64-pc-linux-gnu/bin/../lib/gcc/nios2-elf/8.3.1/../../../../../H-x86_64-pc-linux-gnu/nios2-elf/lib/mno-hw-mul/libc.a(lib_a-strlen.o)
 .debug_abbrev  0x0000000000004df5      0x263 /home/ajinusnlch/intelFPGA/19.1/nios2eds/bin/gnu/H-x86_64-pc-linux-gnu/bin/../lib/gcc/nios2-elf/8.3.1/../../../../../H-x86_64-pc-linux-gnu/nios2-elf/lib/mno-hw-mul/libc.a(lib_a-__atexit.o)
 .debug_abbrev  0x0000000000005058      0x26c /home/ajinusnlch/intelFPGA/19.1/nios2eds/bin/gnu/H-x86_64-pc-linux-gnu/bin/../lib/gcc/nios2-elf/8.3.1/../../../../../H-x86_64-pc-linux-gnu/nios2-elf/lib/mno-hw-mul/libc.a(lib_a-__call_atexit.o)
 .debug_abbrev  0x00000000000052c4      0x256 ../lab72_bsp//libhal_bsp.a(alt_exit.o)

.debug_line     0x0000000000000000     0x53fa
 *(.debug_line)
 .debug_line    0x0000000000000000       0x66 ../lab72_bsp//obj/HAL/src/crt0.o
 .debug_line    0x0000000000000066      0x1fc ../lab72_bsp//libhal_bsp.a(alt_load.o)
 .debug_line    0x0000000000000262      0x2e5 ../lab72_bsp//libhal_bsp.a(alt_main.o)
 .debug_line    0x0000000000000547      0x25d ../lab72_bsp//libhal_bsp.a(alt_sys_init.o)
 .debug_line    0x00000000000007a4      0x149 ../lab72_bsp//libhal_bsp.a(altera_avalon_jtag_uart_fd.o)
 .debug_line    0x00000000000008ed      0x3a3 ../lab72_bsp//libhal_bsp.a(altera_avalon_jtag_uart_init.o)
 .debug_line    0x0000000000000c90      0x2b3 ../lab72_bsp//libhal_bsp.a(altera_avalon_jtag_uart_ioctl.o)
 .debug_line    0x0000000000000f43      0x32d ../lab72_bsp//libhal_bsp.a(altera_avalon_jtag_uart_read.o)
 .debug_line    0x0000000000001270      0x332 ../lab72_bsp//libhal_bsp.a(altera_avalon_jtag_uart_write.o)
 .debug_line    0x00000000000015a2      0x22a ../lab72_bsp//libhal_bsp.a(altera_avalon_timer_sc.o)
 .debug_line    0x00000000000017cc      0x22f ../lab72_bsp//libhal_bsp.a(alt_alarm_start.o)
 .debug_line    0x00000000000019fb      0x25a ../lab72_bsp//libhal_bsp.a(alt_close.o)
 .debug_line    0x0000000000001c55      0x1a9 ../lab72_bsp//libhal_bsp.a(alt_dcache_flush_all.o)
 .debug_line    0x0000000000001dfe      0x2ae ../lab72_bsp//libhal_bsp.a(alt_dev.o)
 .debug_line    0x00000000000020ac      0x1ff ../lab72_bsp//libhal_bsp.a(alt_dev_llist_insert.o)
 .debug_line    0x00000000000022ab       0x66 ../lab72_bsp//libhal_bsp.a(alt_do_ctors.o)
 .debug_line    0x0000000000002311       0x66 ../lab72_bsp//libhal_bsp.a(alt_do_dtors.o)
 .debug_line    0x0000000000002377      0x14d ../lab72_bsp//libhal_bsp.a(alt_errno.o)
 .debug_line    0x00000000000024c4      0x1a7 ../lab72_bsp//libhal_bsp.a(alt_icache_flush_all.o)
 .debug_line    0x000000000000266b      0x21f ../lab72_bsp//libhal_bsp.a(alt_iic.o)
 .debug_line    0x000000000000288a      0x1f1 ../lab72_bsp//libhal_bsp.a(alt_iic_isr_register.o)
 .debug_line    0x0000000000002a7b      0x2d6 ../lab72_bsp//libhal_bsp.a(alt_io_redirect.o)
 .debug_line    0x0000000000002d51       0x6b ../lab72_bsp//libhal_bsp.a(alt_irq_entry.o)
 .debug_line    0x0000000000002dbc      0x1d0 ../lab72_bsp//libhal_bsp.a(alt_irq_handler.o)
 .debug_line    0x0000000000002f8c       0x50 ../lab72_bsp//libhal_bsp.a(alt_irq_vars.o)
 .debug_line    0x0000000000002fdc      0x29d ../lab72_bsp//libhal_bsp.a(alt_open.o)
 .debug_line    0x0000000000003279       0xb6 ../lab72_bsp//libhal_bsp.a(alt_release_fd.o)
 .debug_line    0x000000000000332f      0x259 ../lab72_bsp//libhal_bsp.a(alt_tick.o)
 .debug_line    0x0000000000003588      0x153 ../lab72_bsp//libhal_bsp.a(altera_nios2_gen2_irq.o)
 .debug_line    0x00000000000036db       0xb3 ../lab72_bsp//libhal_bsp.a(alt_exception_entry.o)
 .debug_line    0x000000000000378e      0x1c6 ../lab72_bsp//libhal_bsp.a(alt_find_dev.o)
 .debug_line    0x0000000000003954      0x1f4 ../lab72_bsp//libhal_bsp.a(alt_find_file.o)
 .debug_line    0x0000000000003b48      0x1f7 ../lab72_bsp//libhal_bsp.a(alt_get_fd.o)
 .debug_line    0x0000000000003d3f       0xd4 ../lab72_bsp//libhal_bsp.a(alt_instruction_exception_entry.o)
 .debug_line    0x0000000000003e13      0x1fe /home/ajinusnlch/intelFPGA/19.1/nios2eds/bin/gnu/H-x86_64-pc-linux-gnu/bin/../lib/gcc/nios2-elf/8.3.1/../../../../../H-x86_64-pc-linux-gnu/nios2-elf/lib/mno-hw-mul/libc.a(lib_a-atexit.o)
 .debug_line    0x0000000000004011      0x226 /home/ajinusnlch/intelFPGA/19.1/nios2eds/bin/gnu/H-x86_64-pc-linux-gnu/bin/../lib/gcc/nios2-elf/8.3.1/../../../../../H-x86_64-pc-linux-gnu/nios2-elf/lib/mno-hw-mul/libc.a(lib_a-exit.o)
 .debug_line    0x0000000000004237      0x164 /home/ajinusnlch/intelFPGA/19.1/nios2eds/bin/gnu/H-x86_64-pc-linux-gnu/bin/../lib/gcc/nios2-elf/8.3.1/../../../../../H-x86_64-pc-linux-gnu/nios2-elf/lib/mno-hw-mul/libc.a(lib_a-impure.o)
 .debug_line    0x000000000000439b      0x1d5 /home/ajinusnlch/intelFPGA/19.1/nios2eds/bin/gnu/H-x86_64-pc-linux-gnu/bin/../lib/gcc/nios2-elf/8.3.1/../../../../../H-x86_64-pc-linux-gnu/nios2-elf/lib/mno-hw-mul/libc.a(lib_a-int_errno.o)
 .debug_line    0x0000000000004570      0x262 /home/ajinusnlch/intelFPGA/19.1/nios2eds/bin/gnu/H-x86_64-pc-linux-gnu/bin/../lib/gcc/nios2-elf/8.3.1/../../../../../H-x86_64-pc-linux-gnu/nios2-elf/lib/mno-hw-mul/libc.a(lib_a-memcmp.o)
 .debug_line    0x00000000000047d2      0x31b /home/ajinusnlch/intelFPGA/19.1/nios2eds/bin/gnu/H-x86_64-pc-linux-gnu/bin/../lib/gcc/nios2-elf/8.3.1/../../../../../H-x86_64-pc-linux-gnu/nios2-elf/lib/mno-hw-mul/libc.a(lib_a-memcpy.o)
 .debug_line    0x0000000000004aed      0x247 /home/ajinusnlch/intelFPGA/19.1/nios2eds/bin/gnu/H-x86_64-pc-linux-gnu/bin/../lib/gcc/nios2-elf/8.3.1/../../../../../H-x86_64-pc-linux-gnu/nios2-elf/lib/mno-hw-mul/libc.a(lib_a-strlen.o)
 .debug_line    0x0000000000004d34      0x286 /home/ajinusnlch/intelFPGA/19.1/nios2eds/bin/gnu/H-x86_64-pc-linux-gnu/bin/../lib/gcc/nios2-elf/8.3.1/../../../../../H-x86_64-pc-linux-gnu/nios2-elf/lib/mno-hw-mul/libc.a(lib_a-__atexit.o)
 .debug_line    0x0000000000004fba      0x2c7 /home/ajinusnlch/intelFPGA/19.1/nios2eds/bin/gnu/H-x86_64-pc-linux-gnu/bin/../lib/gcc/nios2-elf/8.3.1/../../../../../H-x86_64-pc-linux-gnu/nios2-elf/lib/mno-hw-mul/libc.a(lib_a-__call_atexit.o)
 .debug_line    0x0000000000005281      0x179 ../lab72_bsp//libhal_bsp.a(alt_exit.o)

.debug_frame    0x0000000000000000      0xa68
 *(.debug_frame)
 .debug_frame   0x0000000000000000       0x5c ../lab72_bsp//libhal_bsp.a(alt_load.o)
 .debug_frame   0x000000000000005c       0x2c ../lab72_bsp//libhal_bsp.a(alt_main.o)
 .debug_frame   0x0000000000000088       0x88 ../lab72_bsp//libhal_bsp.a(alt_sys_init.o)
 .debug_frame   0x0000000000000110       0xb0 ../lab72_bsp//libhal_bsp.a(altera_avalon_jtag_uart_fd.o)
 .debug_frame   0x00000000000001c0       0xa4 ../lab72_bsp//libhal_bsp.a(altera_avalon_jtag_uart_init.o)
 .debug_frame   0x0000000000000264       0x34 ../lab72_bsp//libhal_bsp.a(altera_avalon_jtag_uart_ioctl.o)
 .debug_frame   0x0000000000000298       0x38 ../lab72_bsp//libhal_bsp.a(altera_avalon_jtag_uart_read.o)
 .debug_frame   0x00000000000002d0       0x38 ../lab72_bsp//libhal_bsp.a(altera_avalon_jtag_uart_write.o)
 .debug_frame   0x0000000000000308       0x60 ../lab72_bsp//libhal_bsp.a(altera_avalon_timer_sc.o)
 .debug_frame   0x0000000000000368       0x34 ../lab72_bsp//libhal_bsp.a(alt_alarm_start.o)
 .debug_frame   0x000000000000039c       0x60 ../lab72_bsp//libhal_bsp.a(alt_close.o)
 .debug_frame   0x00000000000003fc       0x34 ../lab72_bsp//libhal_bsp.a(alt_dcache_flush_all.o)
 .debug_frame   0x0000000000000430       0x34 ../lab72_bsp//libhal_bsp.a(alt_dev.o)
 .debug_frame   0x0000000000000464       0x60 ../lab72_bsp//libhal_bsp.a(alt_dev_llist_insert.o)
 .debug_frame   0x00000000000004c4       0x38 ../lab72_bsp//libhal_bsp.a(alt_do_ctors.o)
 .debug_frame   0x00000000000004fc       0x38 ../lab72_bsp//libhal_bsp.a(alt_do_dtors.o)
 .debug_frame   0x0000000000000534       0x34 ../lab72_bsp//libhal_bsp.a(alt_icache_flush_all.o)
 .debug_frame   0x0000000000000568       0xa4 ../lab72_bsp//libhal_bsp.a(alt_iic.o)
 .debug_frame   0x000000000000060c       0x38 ../lab72_bsp//libhal_bsp.a(alt_iic_isr_register.o)
 .debug_frame   0x0000000000000644       0x60 ../lab72_bsp//libhal_bsp.a(alt_io_redirect.o)
 .debug_frame   0x00000000000006a4       0x38 ../lab72_bsp//libhal_bsp.a(alt_irq_handler.o)
 .debug_frame   0x00000000000006dc       0x84 ../lab72_bsp//libhal_bsp.a(alt_open.o)
 .debug_frame   0x0000000000000760       0x34 ../lab72_bsp//libhal_bsp.a(alt_release_fd.o)
 .debug_frame   0x0000000000000794       0x5c ../lab72_bsp//libhal_bsp.a(alt_tick.o)
 .debug_frame   0x00000000000007f0       0x34 ../lab72_bsp//libhal_bsp.a(altera_nios2_gen2_irq.o)
 .debug_frame   0x0000000000000824       0x38 ../lab72_bsp//libhal_bsp.a(alt_find_dev.o)
 .debug_frame   0x000000000000085c       0x38 ../lab72_bsp//libhal_bsp.a(alt_find_file.o)
 .debug_frame   0x0000000000000894       0x34 ../lab72_bsp//libhal_bsp.a(alt_get_fd.o)
 .debug_frame   0x00000000000008c8       0x5c ../lab72_bsp//libhal_bsp.a(alt_instruction_exception_entry.o)
 .debug_frame   0x0000000000000924       0x20 /home/ajinusnlch/intelFPGA/19.1/nios2eds/bin/gnu/H-x86_64-pc-linux-gnu/bin/../lib/gcc/nios2-elf/8.3.1/../../../../../H-x86_64-pc-linux-gnu/nios2-elf/lib/mno-hw-mul/libc.a(lib_a-atexit.o)
 .debug_frame   0x0000000000000944       0x28 /home/ajinusnlch/intelFPGA/19.1/nios2eds/bin/gnu/H-x86_64-pc-linux-gnu/bin/../lib/gcc/nios2-elf/8.3.1/../../../../../H-x86_64-pc-linux-gnu/nios2-elf/lib/mno-hw-mul/libc.a(lib_a-exit.o)
 .debug_frame   0x000000000000096c       0x20 /home/ajinusnlch/intelFPGA/19.1/nios2eds/bin/gnu/H-x86_64-pc-linux-gnu/bin/../lib/gcc/nios2-elf/8.3.1/../../../../../H-x86_64-pc-linux-gnu/nios2-elf/lib/mno-hw-mul/libc.a(lib_a-memcmp.o)
 .debug_frame   0x000000000000098c       0x20 /home/ajinusnlch/intelFPGA/19.1/nios2eds/bin/gnu/H-x86_64-pc-linux-gnu/bin/../lib/gcc/nios2-elf/8.3.1/../../../../../H-x86_64-pc-linux-gnu/nios2-elf/lib/mno-hw-mul/libc.a(lib_a-memcpy.o)
 .debug_frame   0x00000000000009ac       0x20 /home/ajinusnlch/intelFPGA/19.1/nios2eds/bin/gnu/H-x86_64-pc-linux-gnu/bin/../lib/gcc/nios2-elf/8.3.1/../../../../../H-x86_64-pc-linux-gnu/nios2-elf/lib/mno-hw-mul/libc.a(lib_a-strlen.o)
 .debug_frame   0x00000000000009cc       0x20 /home/ajinusnlch/intelFPGA/19.1/nios2eds/bin/gnu/H-x86_64-pc-linux-gnu/bin/../lib/gcc/nios2-elf/8.3.1/../../../../../H-x86_64-pc-linux-gnu/nios2-elf/lib/mno-hw-mul/libc.a(lib_a-__atexit.o)
 .debug_frame   0x00000000000009ec       0x50 /home/ajinusnlch/intelFPGA/19.1/nios2eds/bin/gnu/H-x86_64-pc-linux-gnu/bin/../lib/gcc/nios2-elf/8.3.1/../../../../../H-x86_64-pc-linux-gnu/nios2-elf/lib/mno-hw-mul/libc.a(lib_a-__call_atexit.o)
 .debug_frame   0x0000000000000a3c       0x2c ../lab72_bsp//libhal_bsp.a(alt_exit.o)

.debug_str      0x0000000000000000     0x1deb
 *(.debug_str)
 .debug_str     0x0000000000000000       0x63 ../lab72_bsp//obj/HAL/src/crt0.o
 .debug_str     0x0000000000000063      0x50e ../lab72_bsp//libhal_bsp.a(alt_load.o)
                                        0x606 (size before relaxing)
 .debug_str     0x0000000000000571      0x244 ../lab72_bsp//libhal_bsp.a(alt_main.o)
                                        0x7d3 (size before relaxing)
 .debug_str     0x00000000000007b5      0x1ab ../lab72_bsp//libhal_bsp.a(alt_sys_init.o)
                                        0x7af (size before relaxing)
 .debug_str     0x0000000000000960       0xb3 ../lab72_bsp//libhal_bsp.a(altera_avalon_jtag_uart_fd.o)
                                        0x3b1 (size before relaxing)
 .debug_str     0x0000000000000a13       0xd1 ../lab72_bsp//libhal_bsp.a(altera_avalon_jtag_uart_init.o)
                                        0x757 (size before relaxing)
 .debug_str     0x0000000000000ae4       0x4a ../lab72_bsp//libhal_bsp.a(altera_avalon_jtag_uart_ioctl.o)
                                        0x6b2 (size before relaxing)
 .debug_str     0x0000000000000b2e       0x7f ../lab72_bsp//libhal_bsp.a(altera_avalon_jtag_uart_read.o)
                                        0x707 (size before relaxing)
 .debug_str     0x0000000000000bad       0x4a ../lab72_bsp//libhal_bsp.a(altera_avalon_jtag_uart_write.o)
                                        0x708 (size before relaxing)
 .debug_str     0x0000000000000bf7       0x6d ../lab72_bsp//libhal_bsp.a(altera_avalon_timer_sc.o)
                                        0x686 (size before relaxing)
 .debug_str     0x0000000000000c64       0x4a ../lab72_bsp//libhal_bsp.a(alt_alarm_start.o)
                                        0x67f (size before relaxing)
 .debug_str     0x0000000000000cae       0x38 ../lab72_bsp//libhal_bsp.a(alt_close.o)
                                        0x657 (size before relaxing)
 .debug_str     0x0000000000000ce6       0x34 ../lab72_bsp//libhal_bsp.a(alt_dcache_flush_all.o)
                                        0x549 (size before relaxing)
 .debug_str     0x0000000000000d1a       0x32 ../lab72_bsp//libhal_bsp.a(alt_dev.o)
                                        0x7b0 (size before relaxing)
 .debug_str     0x0000000000000d4c       0x34 ../lab72_bsp//libhal_bsp.a(alt_dev_llist_insert.o)
                                        0x5cd (size before relaxing)
 .debug_str     0x0000000000000d80       0x48 ../lab72_bsp//libhal_bsp.a(alt_do_ctors.o)
                                         0xe4 (size before relaxing)
 .debug_str     0x0000000000000dc8       0x4c ../lab72_bsp//libhal_bsp.a(alt_do_dtors.o)
                                         0xe3 (size before relaxing)
 .debug_str     0x0000000000000e14       0x14 ../lab72_bsp//libhal_bsp.a(alt_errno.o)
                                        0x546 (size before relaxing)
 .debug_str     0x0000000000000e28       0x34 ../lab72_bsp//libhal_bsp.a(alt_icache_flush_all.o)
                                        0x549 (size before relaxing)
 .debug_str     0x0000000000000e5c       0xb2 ../lab72_bsp//libhal_bsp.a(alt_iic.o)
                                        0x62d (size before relaxing)
 .debug_str     0x0000000000000f0e       0x4c ../lab72_bsp//libhal_bsp.a(alt_iic_isr_register.o)
                                        0x5e9 (size before relaxing)
 .debug_str     0x0000000000000f5a       0x56 ../lab72_bsp//libhal_bsp.a(alt_io_redirect.o)
                                        0x7c8 (size before relaxing)
 .debug_str     0x0000000000000fb0       0x18 ../lab72_bsp//libhal_bsp.a(alt_irq_entry.o)
                                         0x6c (size before relaxing)
 .debug_str     0x0000000000000fc8       0x3a ../lab72_bsp//libhal_bsp.a(alt_irq_handler.o)
                                        0x598 (size before relaxing)
 .debug_str     0x0000000000001002       0x29 ../lab72_bsp//libhal_bsp.a(alt_irq_vars.o)
                                        0x14e (size before relaxing)
 .debug_str     0x000000000000102b       0x2f ../lab72_bsp//libhal_bsp.a(alt_open.o)
                                        0x658 (size before relaxing)
 .debug_str     0x000000000000105a       0x28 ../lab72_bsp//libhal_bsp.a(alt_release_fd.o)
                                        0x205 (size before relaxing)
 .debug_str     0x0000000000001082       0x4a ../lab72_bsp//libhal_bsp.a(alt_tick.o)
                                        0x653 (size before relaxing)
 .debug_str     0x00000000000010cc       0x3b ../lab72_bsp//libhal_bsp.a(altera_nios2_gen2_irq.o)
                                        0x55d (size before relaxing)
 .debug_str     0x0000000000001107       0x1e ../lab72_bsp//libhal_bsp.a(alt_exception_entry.o)
                                         0x72 (size before relaxing)
 .debug_str     0x0000000000001125       0x24 ../lab72_bsp//libhal_bsp.a(alt_find_dev.o)
                                        0x5f9 (size before relaxing)
 .debug_str     0x0000000000001149       0x26 ../lab72_bsp//libhal_bsp.a(alt_find_file.o)
                                        0x5fb (size before relaxing)
 .debug_str     0x000000000000116f       0x30 ../lab72_bsp//libhal_bsp.a(alt_get_fd.o)
                                        0x629 (size before relaxing)
 .debug_str     0x000000000000119f      0x48b ../lab72_bsp//libhal_bsp.a(alt_instruction_exception_entry.o)
                                        0x5b4 (size before relaxing)
 .debug_str     0x000000000000162a      0x17b /home/ajinusnlch/intelFPGA/19.1/nios2eds/bin/gnu/H-x86_64-pc-linux-gnu/bin/../lib/gcc/nios2-elf/8.3.1/../../../../../H-x86_64-pc-linux-gnu/nios2-elf/lib/mno-hw-mul/libc.a(lib_a-atexit.o)
                                        0x600 (size before relaxing)
 .debug_str     0x00000000000017a5       0x4e /home/ajinusnlch/intelFPGA/19.1/nios2eds/bin/gnu/H-x86_64-pc-linux-gnu/bin/../lib/gcc/nios2-elf/8.3.1/../../../../../H-x86_64-pc-linux-gnu/nios2-elf/lib/mno-hw-mul/libc.a(lib_a-exit.o)
                                        0x601 (size before relaxing)
 .debug_str     0x00000000000017f3       0xd9 /home/ajinusnlch/intelFPGA/19.1/nios2eds/bin/gnu/H-x86_64-pc-linux-gnu/bin/../lib/gcc/nios2-elf/8.3.1/../../../../../H-x86_64-pc-linux-gnu/nios2-elf/lib/mno-hw-mul/libc.a(lib_a-impure.o)
                                        0x5b5 (size before relaxing)
 .debug_str     0x00000000000018cc       0x41 /home/ajinusnlch/intelFPGA/19.1/nios2eds/bin/gnu/H-x86_64-pc-linux-gnu/bin/../lib/gcc/nios2-elf/8.3.1/../../../../../H-x86_64-pc-linux-gnu/nios2-elf/lib/mno-hw-mul/libc.a(lib_a-int_errno.o)
                                        0x5bc (size before relaxing)
 .debug_str     0x000000000000190d       0xd6 /home/ajinusnlch/intelFPGA/19.1/nios2eds/bin/gnu/H-x86_64-pc-linux-gnu/bin/../lib/gcc/nios2-elf/8.3.1/../../../../../H-x86_64-pc-linux-gnu/nios2-elf/lib/mno-hw-mul/libc.a(lib_a-memcmp.o)
                                        0x5b9 (size before relaxing)
 .debug_str     0x00000000000019e3      0x2d8 /home/ajinusnlch/intelFPGA/19.1/nios2eds/bin/gnu/H-x86_64-pc-linux-gnu/bin/../lib/gcc/nios2-elf/8.3.1/../../../../../H-x86_64-pc-linux-gnu/nios2-elf/lib/mno-hw-mul/libc.a(lib_a-memcpy.o)
                                        0x8f5 (size before relaxing)
 .debug_str     0x0000000000001cbb       0x53 /home/ajinusnlch/intelFPGA/19.1/nios2eds/bin/gnu/H-x86_64-pc-linux-gnu/bin/../lib/gcc/nios2-elf/8.3.1/../../../../../H-x86_64-pc-linux-gnu/nios2-elf/lib/mno-hw-mul/libc.a(lib_a-strlen.o)
                                        0x5cc (size before relaxing)
 .debug_str     0x0000000000001d0e       0x5f /home/ajinusnlch/intelFPGA/19.1/nios2eds/bin/gnu/H-x86_64-pc-linux-gnu/bin/../lib/gcc/nios2-elf/8.3.1/../../../../../H-x86_64-pc-linux-gnu/nios2-elf/lib/mno-hw-mul/libc.a(lib_a-__atexit.o)
                                        0x61e (size before relaxing)
 .debug_str     0x0000000000001d6d       0x54 /home/ajinusnlch/intelFPGA/19.1/nios2eds/bin/gnu/H-x86_64-pc-linux-gnu/bin/../lib/gcc/nios2-elf/8.3.1/../../../../../H-x86_64-pc-linux-gnu/nios2-elf/lib/mno-hw-mul/libc.a(lib_a-__call_atexit.o)
                                        0x5fe (size before relaxing)
 .debug_str     0x0000000000001dc1       0x2a ../lab72_bsp//libhal_bsp.a(alt_exit.o)
                                        0x552 (size before relaxing)

.debug_loc      0x0000000000000000      0x7ff
 *(.debug_loc)
 .debug_loc     0x0000000000000000       0x32 /home/ajinusnlch/intelFPGA/19.1/nios2eds/bin/gnu/H-x86_64-pc-linux-gnu/bin/../lib/gcc/nios2-elf/8.3.1/../../../../../H-x86_64-pc-linux-gnu/nios2-elf/lib/mno-hw-mul/libc.a(lib_a-atexit.o)
 .debug_loc     0x0000000000000032       0x22 /home/ajinusnlch/intelFPGA/19.1/nios2eds/bin/gnu/H-x86_64-pc-linux-gnu/bin/../lib/gcc/nios2-elf/8.3.1/../../../../../H-x86_64-pc-linux-gnu/nios2-elf/lib/mno-hw-mul/libc.a(lib_a-exit.o)
 .debug_loc     0x0000000000000054      0x192 /home/ajinusnlch/intelFPGA/19.1/nios2eds/bin/gnu/H-x86_64-pc-linux-gnu/bin/../lib/gcc/nios2-elf/8.3.1/../../../../../H-x86_64-pc-linux-gnu/nios2-elf/lib/mno-hw-mul/libc.a(lib_a-memcmp.o)
 .debug_loc     0x00000000000001e6      0x31e /home/ajinusnlch/intelFPGA/19.1/nios2eds/bin/gnu/H-x86_64-pc-linux-gnu/bin/../lib/gcc/nios2-elf/8.3.1/../../../../../H-x86_64-pc-linux-gnu/nios2-elf/lib/mno-hw-mul/libc.a(lib_a-memcpy.o)
 .debug_loc     0x0000000000000504       0x66 /home/ajinusnlch/intelFPGA/19.1/nios2eds/bin/gnu/H-x86_64-pc-linux-gnu/bin/../lib/gcc/nios2-elf/8.3.1/../../../../../H-x86_64-pc-linux-gnu/nios2-elf/lib/mno-hw-mul/libc.a(lib_a-strlen.o)
 .debug_loc     0x000000000000056a       0xf7 /home/ajinusnlch/intelFPGA/19.1/nios2eds/bin/gnu/H-x86_64-pc-linux-gnu/bin/../lib/gcc/nios2-elf/8.3.1/../../../../../H-x86_64-pc-linux-gnu/nios2-elf/lib/mno-hw-mul/libc.a(lib_a-__atexit.o)
 .debug_loc     0x0000000000000661      0x19e /home/ajinusnlch/intelFPGA/19.1/nios2eds/bin/gnu/H-x86_64-pc-linux-gnu/bin/../lib/gcc/nios2-elf/8.3.1/../../../../../H-x86_64-pc-linux-gnu/nios2-elf/lib/mno-hw-mul/libc.a(lib_a-__call_atexit.o)

.debug_macinfo
 *(.debug_macinfo)

.debug_weaknames
 *(.debug_weaknames)

.debug_funcnames
 *(.debug_funcnames)

.debug_typenames
 *(.debug_typenames)

.debug_varnames
 *(.debug_varnames)

.debug_alt_sim_info
                0x0000000000000000       0x10
 *(.debug_alt_sim_info)
 .debug_alt_sim_info
                0x0000000000000000       0x10 ../lab72_bsp//obj/HAL/src/crt0.o
                0x000000000c000000                __alt_data_end = 0xc000000
                0x000000000c000000                PROVIDE (__alt_stack_pointer = __alt_data_end)
                [!provide]                        PROVIDE (__alt_stack_limit = __alt_stack_base)
                [!provide]                        PROVIDE (__alt_heap_start = end)
                [!provide]                        PROVIDE (__alt_heap_limit = 0xc000000)
OUTPUT(lab72.elf elf32-littlenios2)

.debug_ranges   0x0000000000000000      0x178
 .debug_ranges  0x0000000000000000       0x20 ../lab72_bsp//obj/HAL/src/crt0.o
 .debug_ranges  0x0000000000000020       0x30 ../lab72_bsp//libhal_bsp.a(altera_avalon_jtag_uart_init.o)
 .debug_ranges  0x0000000000000050       0x18 ../lab72_bsp//libhal_bsp.a(altera_avalon_jtag_uart_read.o)
 .debug_ranges  0x0000000000000068       0x28 ../lab72_bsp//libhal_bsp.a(alt_irq_entry.o)
 .debug_ranges  0x0000000000000090       0x10 ../lab72_bsp//libhal_bsp.a(alt_irq_handler.o)
 .debug_ranges  0x00000000000000a0       0x30 ../lab72_bsp//libhal_bsp.a(alt_exception_entry.o)
 .debug_ranges  0x00000000000000d0       0x18 ../lab72_bsp//libhal_bsp.a(alt_instruction_exception_entry.o)
 .debug_ranges  0x00000000000000e8       0x10 /home/ajinusnlch/intelFPGA/19.1/nios2eds/bin/gnu/H-x86_64-pc-linux-gnu/bin/../lib/gcc/nios2-elf/8.3.1/../../../../../H-x86_64-pc-linux-gnu/nios2-elf/lib/mno-hw-mul/libc.a(lib_a-atexit.o)
 .debug_ranges  0x00000000000000f8       0x10 /home/ajinusnlch/intelFPGA/19.1/nios2eds/bin/gnu/H-x86_64-pc-linux-gnu/bin/../lib/gcc/nios2-elf/8.3.1/../../../../../H-x86_64-pc-linux-gnu/nios2-elf/lib/mno-hw-mul/libc.a(lib_a-exit.o)
 .debug_ranges  0x0000000000000108       0x10 /home/ajinusnlch/intelFPGA/19.1/nios2eds/bin/gnu/H-x86_64-pc-linux-gnu/bin/../lib/gcc/nios2-elf/8.3.1/../../../../../H-x86_64-pc-linux-gnu/nios2-elf/lib/mno-hw-mul/libc.a(lib_a-memcmp.o)
 .debug_ranges  0x0000000000000118       0x10 /home/ajinusnlch/intelFPGA/19.1/nios2eds/bin/gnu/H-x86_64-pc-linux-gnu/bin/../lib/gcc/nios2-elf/8.3.1/../../../../../H-x86_64-pc-linux-gnu/nios2-elf/lib/mno-hw-mul/libc.a(lib_a-memcpy.o)
 .debug_ranges  0x0000000000000128       0x10 /home/ajinusnlch/intelFPGA/19.1/nios2eds/bin/gnu/H-x86_64-pc-linux-gnu/bin/../lib/gcc/nios2-elf/8.3.1/../../../../../H-x86_64-pc-linux-gnu/nios2-elf/lib/mno-hw-mul/libc.a(lib_a-strlen.o)
 .debug_ranges  0x0000000000000138       0x10 /home/ajinusnlch/intelFPGA/19.1/nios2eds/bin/gnu/H-x86_64-pc-linux-gnu/bin/../lib/gcc/nios2-elf/8.3.1/../../../../../H-x86_64-pc-linux-gnu/nios2-elf/lib/mno-hw-mul/libc.a(lib_a-__atexit.o)
 .debug_ranges  0x0000000000000148       0x30 /home/ajinusnlch/intelFPGA/19.1/nios2eds/bin/gnu/H-x86_64-pc-linux-gnu/bin/../lib/gcc/nios2-elf/8.3.1/../../../../../H-x86_64-pc-linux-gnu/nios2-elf/lib/mno-hw-mul/libc.a(lib_a-__call_atexit.o)
