Archive member included to satisfy reference by file (symbol)

/home/ajinusnlch/intelFPGA/19.1/nios2eds/bin/gnu/H-x86_64-pc-linux-gnu/bin/../lib/gcc/nios2-elf/8.3.1/mno-hw-mul/libgcc.a(lib2-mul.o)
                              obj/default/text_mode_vga.o (__mulsi3)
/home/ajinusnlch/intelFPGA/19.1/nios2eds/bin/gnu/H-x86_64-pc-linux-gnu/bin/../lib/gcc/nios2-elf/8.3.1/../../../../../H-x86_64-pc-linux-gnu/nios2-elf/lib/mno-hw-mul/libc.a(lib_a-memcpy.o)
                              obj/default/text_mode_vga.o (memcpy)
/home/ajinusnlch/intelFPGA/19.1/nios2eds/bin/gnu/H-x86_64-pc-linux-gnu/bin/../lib/gcc/nios2-elf/8.3.1/../../../../../H-x86_64-pc-linux-gnu/nios2-elf/lib/mno-hw-mul/libc.a(lib_a-printf.o)
                              obj/default/text_mode_vga.o (printf)
/home/ajinusnlch/intelFPGA/19.1/nios2eds/bin/gnu/H-x86_64-pc-linux-gnu/bin/../lib/gcc/nios2-elf/8.3.1/../../../../../H-x86_64-pc-linux-gnu/nios2-elf/lib/mno-hw-mul/libc.a(lib_a-vfprintf.o)
                              /home/ajinusnlch/intelFPGA/19.1/nios2eds/bin/gnu/H-x86_64-pc-linux-gnu/bin/../lib/gcc/nios2-elf/8.3.1/../../../../../H-x86_64-pc-linux-gnu/nios2-elf/lib/mno-hw-mul/libc.a(lib_a-printf.o) (___vfprintf_internal_r)
/home/ajinusnlch/intelFPGA/19.1/nios2eds/bin/gnu/H-x86_64-pc-linux-gnu/bin/../lib/gcc/nios2-elf/8.3.1/../../../../../H-x86_64-pc-linux-gnu/nios2-elf/lib/mno-hw-mul/libc.a(lib_a-wsetup.o)
                              /home/ajinusnlch/intelFPGA/19.1/nios2eds/bin/gnu/H-x86_64-pc-linux-gnu/bin/../lib/gcc/nios2-elf/8.3.1/../../../../../H-x86_64-pc-linux-gnu/nios2-elf/lib/mno-hw-mul/libc.a(lib_a-vfprintf.o) (__swsetup_r)
/home/ajinusnlch/intelFPGA/19.1/nios2eds/bin/gnu/H-x86_64-pc-linux-gnu/bin/../lib/gcc/nios2-elf/8.3.1/../../../../../H-x86_64-pc-linux-gnu/nios2-elf/lib/mno-hw-mul/libc.a(lib_a-dtoa.o)
                              /home/ajinusnlch/intelFPGA/19.1/nios2eds/bin/gnu/H-x86_64-pc-linux-gnu/bin/../lib/gcc/nios2-elf/8.3.1/../../../../../H-x86_64-pc-linux-gnu/nios2-elf/lib/mno-hw-mul/libc.a(lib_a-vfprintf.o) (_dtoa_r)
/home/ajinusnlch/intelFPGA/19.1/nios2eds/bin/gnu/H-x86_64-pc-linux-gnu/bin/../lib/gcc/nios2-elf/8.3.1/../../../../../H-x86_64-pc-linux-gnu/nios2-elf/lib/mno-hw-mul/libc.a(lib_a-fflush.o)
                              /home/ajinusnlch/intelFPGA/19.1/nios2eds/bin/gnu/H-x86_64-pc-linux-gnu/bin/../lib/gcc/nios2-elf/8.3.1/../../../../../H-x86_64-pc-linux-gnu/nios2-elf/lib/mno-hw-mul/libc.a(lib_a-vfprintf.o) (_fflush_r)
/home/ajinusnlch/intelFPGA/19.1/nios2eds/bin/gnu/H-x86_64-pc-linux-gnu/bin/../lib/gcc/nios2-elf/8.3.1/../../../../../H-x86_64-pc-linux-gnu/nios2-elf/lib/mno-hw-mul/libc.a(lib_a-findfp.o)
                              /home/ajinusnlch/intelFPGA/19.1/nios2eds/bin/gnu/H-x86_64-pc-linux-gnu/bin/../lib/gcc/nios2-elf/8.3.1/../../../../../H-x86_64-pc-linux-gnu/nios2-elf/lib/mno-hw-mul/libc.a(lib_a-vfprintf.o) (__sinit)
/home/ajinusnlch/intelFPGA/19.1/nios2eds/bin/gnu/H-x86_64-pc-linux-gnu/bin/../lib/gcc/nios2-elf/8.3.1/../../../../../H-x86_64-pc-linux-gnu/nios2-elf/lib/mno-hw-mul/libc.a(lib_a-freer.o)
                              /home/ajinusnlch/intelFPGA/19.1/nios2eds/bin/gnu/H-x86_64-pc-linux-gnu/bin/../lib/gcc/nios2-elf/8.3.1/../../../../../H-x86_64-pc-linux-gnu/nios2-elf/lib/mno-hw-mul/libc.a(lib_a-wsetup.o) (_free_r)
/home/ajinusnlch/intelFPGA/19.1/nios2eds/bin/gnu/H-x86_64-pc-linux-gnu/bin/../lib/gcc/nios2-elf/8.3.1/../../../../../H-x86_64-pc-linux-gnu/nios2-elf/lib/mno-hw-mul/libc.a(lib_a-fwalk.o)
                              /home/ajinusnlch/intelFPGA/19.1/nios2eds/bin/gnu/H-x86_64-pc-linux-gnu/bin/../lib/gcc/nios2-elf/8.3.1/../../../../../H-x86_64-pc-linux-gnu/nios2-elf/lib/mno-hw-mul/libc.a(lib_a-findfp.o) (_fwalk)
/home/ajinusnlch/intelFPGA/19.1/nios2eds/bin/gnu/H-x86_64-pc-linux-gnu/bin/../lib/gcc/nios2-elf/8.3.1/../../../../../H-x86_64-pc-linux-gnu/nios2-elf/lib/mno-hw-mul/libc.a(lib_a-impure.o)
                              /home/ajinusnlch/intelFPGA/19.1/nios2eds/bin/gnu/H-x86_64-pc-linux-gnu/bin/../lib/gcc/nios2-elf/8.3.1/../../../../../H-x86_64-pc-linux-gnu/nios2-elf/lib/mno-hw-mul/libc.a(lib_a-fflush.o) (_global_impure_ptr)
/home/ajinusnlch/intelFPGA/19.1/nios2eds/bin/gnu/H-x86_64-pc-linux-gnu/bin/../lib/gcc/nios2-elf/8.3.1/../../../../../H-x86_64-pc-linux-gnu/nios2-elf/lib/mno-hw-mul/libc.a(lib_a-localeconv.o)
                              /home/ajinusnlch/intelFPGA/19.1/nios2eds/bin/gnu/H-x86_64-pc-linux-gnu/bin/../lib/gcc/nios2-elf/8.3.1/../../../../../H-x86_64-pc-linux-gnu/nios2-elf/lib/mno-hw-mul/libc.a(lib_a-vfprintf.o) (_localeconv_r)
/home/ajinusnlch/intelFPGA/19.1/nios2eds/bin/gnu/H-x86_64-pc-linux-gnu/bin/../lib/gcc/nios2-elf/8.3.1/../../../../../H-x86_64-pc-linux-gnu/nios2-elf/lib/mno-hw-mul/libc.a(lib_a-makebuf.o)
                              /home/ajinusnlch/intelFPGA/19.1/nios2eds/bin/gnu/H-x86_64-pc-linux-gnu/bin/../lib/gcc/nios2-elf/8.3.1/../../../../../H-x86_64-pc-linux-gnu/nios2-elf/lib/mno-hw-mul/libc.a(lib_a-wsetup.o) (__smakebuf_r)
[...]
Memory Configuration

Name             Origin             Length             Attributes
onchip_memory2_0 0x0000000000000000 0x0000000000000010
reset            0x0000000008000000 0x0000000000000020
sdram            0x0000000008000020 0x0000000003ffffe0
*default*        0x0000000000000000 0xffffffffffffffff

Linker script and memory map

LOAD ../lab71_bsp//obj/HAL/src/crt0.o
LOAD obj/default/text_mode_vga.o
LOAD /home/ajinusnlch/intelFPGA/19.1/nios2eds/bin/gnu/H-x86_64-pc-linux-gnu/bin/../lib/gcc/nios2-elf/8.3.1/../../../../../H-x86_64-pc-linux-gnu/nios2-elf/lib/mno-hw-mul/libstdc++.a
LOAD /home/ajinusnlch/intelFPGA/19.1/nios2eds/bin/gnu/H-x86_64-pc-linux-gnu/bin/../lib/gcc/nios2-elf/8.3.1/../../../../../H-x86_64-pc-linux-gnu/nios2-elf/lib/mno-hw-mul/libm.a
LOAD /home/ajinusnlch/intelFPGA/19.1/nios2eds/bin/gnu/H-x86_64-pc-linux-gnu/bin/../lib/gcc/nios2-elf/8.3.1/mno-hw-mul/libgcc.a
START GROUP
LOAD /home/ajinusnlch/intelFPGA/19.1/nios2eds/bin/gnu/H-x86_64-pc-linux-gnu/bin/../lib/gcc/nios2-elf/8.3.1/../../../../../H-x86_64-pc-linux-gnu/nios2-elf/lib/mno-hw-mul/libc.a
LOAD /home/ajinusnlch/intelFPGA/19.1/nios2eds/bin/gnu/H-x86_64-pc-linux-gnu/bin/../lib/gcc/nios2-elf/8.3.1/mno-hw-mul/libgcc.a
LOAD ../lab71_bsp//libhal_bsp.a
LOAD /home/ajinusnlch/intelFPGA/19.1/nios2eds/bin/gnu/H-x86_64-pc-linux-gnu/bin/../lib/gcc/nios2-elf/8.3.1/../../../../../H-x86_64-pc-linux-gnu/nios2-elf/lib/mno-hw-mul/libm.a
END GROUP
LOAD /home/ajinusnlch/intelFPGA/19.1/nios2eds/bin/gnu/H-x86_64-pc-linux-gnu/bin/../lib/gcc/nios2-elf/8.3.1/mno-hw-mul/libgcc.a
                0x0000000000000000                __alt_mem_onchip_memory2_0 = 0x0
                0x0000000008000000                __alt_mem_sdram = 0x8000000

.entry          0x0000000008000000       0x20
 *(.entry)
 .entry         0x0000000008000000       0x20 ../lab71_bsp//obj/HAL/src/crt0.o
                0x0000000008000000                __reset

.exceptions     0x0000000008000020      0x204
                0x0000000008000020                PROVIDE (__ram_exceptions_start = ABSOLUTE (.))
                0x0000000008000020                . = ALIGN (0x20)
 *(.irq)
 *(.exceptions.entry.label)
 .exceptions.entry.label
                0x0000000008000020        0x0 ../lab71_bsp//libhal_bsp.a(alt_irq_entry.o)
                0x0000000008000020                alt_irq_entry
 .exceptions.entry.label
                0x0000000008000020        0x0 ../lab71_bsp//libhal_bsp.a(alt_exception_entry.o)
                0x0000000008000020                alt_exception
 *(.exceptions.entry.user)
 *(.exceptions.entry.ecc_fatal)
 *(.exceptions.entry)
 .exceptions.entry
                0x0000000008000020       0x54 ../lab71_bsp//libhal_bsp.a(alt_exception_entry.o)
 *(.exceptions.irqtest.user)
 *(.exceptions.irqtest)
 .exceptions.irqtest
                0x0000000008000074       0x10 ../lab71_bsp//libhal_bsp.a(alt_irq_entry.o)
 *(.exceptions.irqhandler.user)
 *(.exceptions.irqhandler)
 .exceptions.irqhandler
                0x0000000008000084        0x4 ../lab71_bsp//libhal_bsp.a(alt_irq_entry.o)
 *(.exceptions.irqreturn.user)
 *(.exceptions.irqreturn)
 .exceptions.irqreturn
                0x0000000008000088        0x4 ../lab71_bsp//libhal_bsp.a(alt_irq_entry.o)
 *(.exceptions.notirq.label)
 .exceptions.notirq.label
                0x000000000800008c        0x0 ../lab71_bsp//libhal_bsp.a(alt_irq_entry.o)
 *(.exceptions.notirq.user)
 *(.exceptions.notirq)
 .exceptions.notirq
                0x000000000800008c        0x8 ../lab71_bsp//libhal_bsp.a(alt_exception_entry.o)
 *(.exceptions.soft.user)
 *(.exceptions.soft)
 *(.exceptions.unknown.user)
 *(.exceptions.unknown)
 .exceptions.unknown
                0x0000000008000094       0x14 ../lab71_bsp//libhal_bsp.a(alt_exception_entry.o)
 *(.exceptions.exit.label)
 .exceptions.exit.label
                0x00000000080000a8        0x0 ../lab71_bsp//libhal_bsp.a(alt_irq_entry.o)
 .exceptions.exit.label
                0x00000000080000a8        0x0 ../lab71_bsp//libhal_bsp.a(alt_exception_entry.o)
 *(.exceptions.exit.user)
 *(.exceptions.exit)
 .exceptions.exit
                0x00000000080000a8       0x54 ../lab71_bsp//libhal_bsp.a(alt_exception_entry.o)
 *(.exceptions)
 .exceptions    0x00000000080000fc       0xc8 ../lab71_bsp//libhal_bsp.a(alt_irq_handler.o)
                0x00000000080000fc                alt_irq_handler
 .exceptions    0x00000000080001c4       0x60 ../lab71_bsp//libhal_bsp.a(alt_instruction_exception_entry.o)
                0x00000000080001c4                alt_instruction_exception_entry
                0x0000000008000224                PROVIDE (__ram_exceptions_end = ABSOLUTE (.))
                0x0000000008000020                PROVIDE (__flash_exceptions_start = LOADADDR (.exceptions))

.text           0x0000000008000224     0xf86c
                [!provide]                        PROVIDE (stext = ABSOLUTE (.))
 *(.interp)
 *(.hash)
 *(.dynsym)
 *(.dynstr)
 *(.gnu.version)
 *(.gnu.version_d)
 *(.gnu.version_r)
 *(.rel.init)
 *(.rela.init)
 *(.rel.text .rel.text.* .rel.gnu.linkonce.t.*)
 *(.rela.text .rela.text.* .rela.gnu.linkonce.t.*)
 *(.rel.fini)
 *(.rela.fini)
 *(.rel.rodata .rel.rodata.* .rel.gnu.linkonce.r.*)
 *(.rela.rodata .rela.rodata.* .rela.gnu.linkonce.r.*)
 *(.rel.data .rel.data.* .rel.gnu.linkonce.d.*)
 *(.rela.data .rela.data.* .rela.gnu.linkonce.d.*)
 *(.rel.tdata .rel.tdata.* .rel.gnu.linkonce.td.*)
 *(.rela.tdata .rela.tdata.* .rela.gnu.linkonce.td.*)
 *(.rel.tbss .rel.tbss.* .rel.gnu.linkonce.tb.*)
 *(.rela.tbss .rela.tbss.* .rela.gnu.linkonce.tb.*)
 *(.rel.ctors)
 *(.rela.ctors)
 *(.rel.dtors)
 *(.rela.dtors)
 *(.rel.got)
 *(.rela.got)
 *(.rel.sdata .rel.sdata.* .rel.gnu.linkonce.s.*)
 *(.rela.sdata .rela.sdata.* .rela.gnu.linkonce.s.*)
 *(.rel.sbss .rel.sbss.* .rel.gnu.linkonce.sb.*)
 *(.rela.sbss .rela.sbss.* .rela.gnu.linkonce.sb.*)
 *(.rel.sdata2 .rel.sdata2.* .rel.gnu.linkonce.s2.*)
 *(.rela.sdata2 .rela.sdata2.* .rela.gnu.linkonce.s2.*)
 *(.rel.sbss2 .rel.sbss2.* .rel.gnu.linkonce.sb2.*)
 *(.rela.sbss2 .rela.sbss2.* .rela.gnu.linkonce.sb2.*)
 *(.rel.bss .rel.bss.* .rel.gnu.linkonce.b.*)
 *(.rela.bss .rela.bss.* .rela.gnu.linkonce.b.*)
 *(.rel.plt)
 *(.rela.plt)
 *(.rel.dyn)
 *(.init)
 *(.plt)
 *(.text .stub .text.* .gnu.linkonce.t.*)
 .text          0x0000000008000224       0x3c ../lab71_bsp//obj/HAL/src/crt0.o
                0x0000000008000224                _start
 .text          0x0000000008000260      0x658 obj/default/text_mode_vga.o
                0x0000000008000260                textVGASetColor
                0x00000000080002a4                textVGAClr
                0x00000000080002f4                main
 .text          0x00000000080008b8       0x28 /home/ajinusnlch/intelFPGA/19.1/nios2eds/bin/gnu/H-x86_64-pc-linux-gnu/bin/../lib/gcc/nios2-elf/8.3.1/mno-hw-mul/libgcc.a(lib2-mul.o)
                0x00000000080008b8                __mulsi3
 .text          0x00000000080008e0        0x0 /home/ajinusnlch/intelFPGA/19.1/nios2eds/bin/gnu/H-x86_64-pc-linux-gnu/bin/../lib/gcc/nios2-elf/8.3.1/../../../../../H-x86_64-pc-linux-gnu/nios2-elf/lib/mno-hw-mul/libc.a(lib_a-memcpy.o)
 .text.memcpy   0x00000000080008e0      0x100 /home/ajinusnlch/intelFPGA/19.1/nios2eds/bin/gnu/H-x86_64-pc-linux-gnu/bin/../lib/gcc/nios2-elf/8.3.1/../../../../../H-x86_64-pc-linux-gnu/nios2-elf/lib/mno-hw-mul/libc.a(lib_a-memcpy.o)
                0x00000000080008e0                memcpy
 .text          0x00000000080009e0        0x0 /home/ajinusnlch/intelFPGA/19.1/nios2eds/bin/gnu/H-x86_64-pc-linux-gnu/bin/../lib/gcc/nios2-elf/8.3.1/../../../../../H-x86_64-pc-linux-gnu/nios2-elf/lib/mno-hw-mul/libc.a(lib_a-printf.o)
 .text._printf_r
                0x00000000080009e0       0x30 /home/ajinusnlch/intelFPGA/19.1/nios2eds/bin/gnu/H-x86_64-pc-linux-gnu/bin/../lib/gcc/nios2-elf/8.3.1/../../../../../H-x86_64-pc-linux-gnu/nios2-elf/lib/mno-hw-mul/libc.a(lib_a-printf.o)
                0x00000000080009e0                _printf_r
 .text.printf   0x0000000008000a10       0x38 /home/ajinusnlch/intelFPGA/19.1/nios2eds/bin/gnu/H-x86_64-pc-linux-gnu/bin/../lib/gcc/nios2-elf/8.3.1/../../../../../H-x86_64-pc-linux-gnu/nios2-elf/lib/mno-hw-mul/libc.a(lib_a-printf.o)
                0x0000000008000a10                printf
 .text          0x0000000008000a48        0x0 /home/ajinusnlch/intelFPGA/19.1/nios2eds/bin/gnu/H-x86_64-pc-linux-gnu/bin/../lib/gcc/nios2-elf/8.3.1/../../../../../H-x86_64-pc-linux-gnu/nios2-elf/lib/mno-hw-mul/libc.a(lib_a-vfprintf.o)
 .text.___vfprintf_internal_r
                0x0000000008000a48     0x2188 /home/ajinusnlch/intelFPGA/19.1/nios2eds/bin/gnu/H-x86_64-pc-linux-gnu/bin/../lib/gcc/nios2-elf/8.3.1/../../../../../H-x86_64-pc-linux-gnu/nios2-elf/lib/mno-hw-mul/libc.a(lib_a-vfprintf.o)
                0x0000000008000a48                ___vfprintf_internal_r
 .text.__vfprintf_internal
                0x0000000008002bd0       0x18 /home/ajinusnlch/intelFPGA/19.1/nios2eds/bin/gnu/H-x86_64-pc-linux-gnu/bin/../lib/gcc/nios2-elf/8.3.1/../../../../../H-x86_64-pc-linux-gnu/nios2-elf/lib/mno-hw-mul/libc.a(lib_a-vfprintf.o)
                0x0000000008002bd0                __vfprintf_internal
 .text.__sbprintf
                0x0000000008002be8       0xc0 /home/ajinusnlch/intelFPGA/19.1/nios2eds/bin/gnu/H-x86_64-pc-linux-gnu/bin/../lib/gcc/nios2-elf/8.3.1/../../../../../H-x86_64-pc-linux-gnu/nios2-elf/lib/mno-hw-mul/libc.a(lib_a-vfprintf.o)
 .text          0x0000000008002ca8        0x0 /home/ajinusnlch/intelFPGA/19.1/nios2eds/bin/gnu/H-x86_64-pc-linux-gnu/bin/../lib/gcc/nios2-elf/8.3.1/../../../../../H-x86_64-pc-linux-gnu/nios2-elf/lib/mno-hw-mul/libc.a(lib_a-wsetup.o)
 .text.__swsetup_r
                0x0000000008002ca8      0x160 /home/ajinusnlch/intelFPGA/19.1/nios2eds/bin/gnu/H-x86_64-pc-linux-gnu/bin/../lib/gcc/nios2-elf/8.3.1/../../../../../H-x86_64-pc-linux-gnu/nios2-elf/lib/mno-hw-mul/libc.a(lib_a-wsetup.o)
                0x0000000008002ca8                __swsetup_r
 .text          0x0000000008002e08        0x0 /home/ajinusnlch/intelFPGA/19.1/nios2eds/bin/gnu/H-x86_64-pc-linux-gnu/bin/../lib/gcc/nios2-elf/8.3.1/../../../../../H-x86_64-pc-linux-gnu/nios2-elf/lib/mno-hw-mul/libc.a(lib_a-dtoa.o)
 .text.quorem   0x0000000008002e08      0x234 /home/ajinusnlch/intelFPGA/19.1/nios2eds/bin/gnu/H-x86_64-pc-linux-gnu/bin/../lib/gcc/nios2-elf/8.3.1/../../../../../H-x86_64-pc-linux-gnu/nios2-elf/lib/mno-hw-mul/libc.a(lib_a-dtoa.o)
 .text._dtoa_r  0x000000000800303c     0x16c8 /home/ajinusnlch/intelFPGA/19.1/nios2eds/bin/gnu/H-x86_64-pc-linux-gnu/bin/../lib/gcc/nios2-elf/8.3.1/../../../../../H-x86_64-pc-linux-gnu/nios2-elf/lib/mno-hw-mul/libc.a(lib_a-dtoa.o)
                0x000000000800303c                _dtoa_r
 .text          0x0000000008004704        0x0 /home/ajinusnlch/intelFPGA/19.1/nios2eds/bin/gnu/H-x86_64-pc-linux-gnu/bin/../lib/gcc/nios2-elf/8.3.1/../../../../../H-x86_64-pc-linux-gnu/nios2-elf/lib/mno-hw-mul/libc.a(lib_a-fflush.o)
 .text.__sflush_r
                0x0000000008004704      0x228 /home/ajinusnlch/intelFPGA/19.1/nios2eds/bin/gnu/H-x86_64-pc-linux-gnu/bin/../lib/gcc/nios2-elf/8.3.1/../../../../../H-x86_64-pc-linux-gnu/nios2-elf/lib/mno-hw-mul/libc.a(lib_a-fflush.o)
                0x0000000008004704                __sflush_r
 .text._fflush_r
                0x000000000800492c       0x60 /home/ajinusnlch/intelFPGA/19.1/nios2eds/bin/gnu/H-x86_64-pc-linux-gnu/bin/../lib/gcc/nios2-elf/8.3.1/../../../../../H-x86_64-pc-linux-gnu/nios2-elf/lib/mno-hw-mul/libc.a(lib_a-fflush.o)
                0x000000000800492c                _fflush_r
 .text.fflush   0x000000000800498c       0x28 /home/ajinusnlch/intelFPGA/19.1/nios2eds/bin/gnu/H-x86_64-pc-linux-gnu/bin/../lib/gcc/nios2-elf/8.3.1/../../../../../H-x86_64-pc-linux-gnu/nios2-elf/lib/mno-hw-mul/libc.a(lib_a-fflush.o)
                0x000000000800498c                fflush
 .text          0x00000000080049b4        0x0 /home/ajinusnlch/intelFPGA/19.1/nios2eds/bin/gnu/H-x86_64-pc-linux-gnu/bin/../lib/gcc/nios2-elf/8.3.1/../../../../../H-x86_64-pc-linux-gnu/nios2-elf/lib/mno-hw-mul/libc.a(lib_a-findfp.o)
 .text.__fp_lock
                0x00000000080049b4        0x8 /home/ajinusnlch/intelFPGA/19.1/nios2eds/bin/gnu/H-x86_64-pc-linux-gnu/bin/../lib/gcc/nios2-elf/8.3.1/../../../../../H-x86_64-pc-linux-gnu/nios2-elf/lib/mno-hw-mul/libc.a(lib_a-findfp.o)
 .text._cleanup_r
                0x00000000080049bc        0xc /home/ajinusnlch/intelFPGA/19.1/nios2eds/bin/gnu/H-x86_64-pc-linux-gnu/bin/../lib/gcc/nios2-elf/8.3.1/../../../../../H-x86_64-pc-linux-gnu/nios2-elf/lib/mno-hw-mul/libc.a(lib_a-findfp.o)
                0x00000000080049bc                _cleanup_r
 .text.__sinit.part.0
                0x00000000080049c8      0x168 /home/ajinusnlch/intelFPGA/19.1/nios2eds/bin/gnu/H-x86_64-pc-linux-gnu/bin/../lib/gcc/nios2-elf/8.3.1/../../../../../H-x86_64-pc-linux-gnu/nios2-elf/lib/mno-hw-mul/libc.a(lib_a-findfp.o)
 .text.__fp_unlock
                0x0000000008004b30        0x8 /home/ajinusnlch/intelFPGA/19.1/nios2eds/bin/gnu/H-x86_64-pc-linux-gnu/bin/../lib/gcc/nios2-elf/8.3.1/../../../../../H-x86_64-pc-linux-gnu/nios2-elf/lib/mno-hw-mul/libc.a(lib_a-findfp.o)
 .text.__sfmoreglue
                0x0000000008004b38       0x78 /home/ajinusnlch/intelFPGA/19.1/nios2eds/bin/gnu/H-x86_64-pc-linux-gnu/bin/../lib/gcc/nios2-elf/8.3.1/../../../../../H-x86_64-pc-linux-gnu/nios2-elf/lib/mno-hw-mul/libc.a(lib_a-findfp.o)
                0x0000000008004b38                __sfmoreglue
 .text.__sfp    0x0000000008004bb0       0xfc /home/ajinusnlch/intelFPGA/19.1/nios2eds/bin/gnu/H-x86_64-pc-linux-gnu/bin/../lib/gcc/nios2-elf/8.3.1/../../../../../H-x86_64-pc-linux-gnu/nios2-elf/lib/mno-hw-mul/libc.a(lib_a-findfp.o)
                0x0000000008004bb0                __sfp
 .text._cleanup
                0x0000000008004cac       0x14 /home/ajinusnlch/intelFPGA/19.1/nios2eds/bin/gnu/H-x86_64-pc-linux-gnu/bin/../lib/gcc/nios2-elf/8.3.1/../../../../../H-x86_64-pc-linux-gnu/nios2-elf/lib/mno-hw-mul/libc.a(lib_a-findfp.o)
                0x0000000008004cac                _cleanup
 .text.__sinit  0x0000000008004cc0       0x10 /home/ajinusnlch/intelFPGA/19.1/nios2eds/bin/gnu/H-x86_64-pc-linux-gnu/bin/../lib/gcc/nios2-elf/8.3.1/../../../../../H-x86_64-pc-linux-gnu/nios2-elf/lib/mno-hw-mul/libc.a(lib_a-findfp.o)
                0x0000000008004cc0                __sinit
 .text.__sfp_lock_acquire
                0x0000000008004cd0        0x4 /home/ajinusnlch/intelFPGA/19.1/nios2eds/bin/gnu/H-x86_64-pc-linux-gnu/bin/../lib/gcc/nios2-elf/8.3.1/../../../../../H-x86_64-pc-linux-gnu/nios2-elf/lib/mno-hw-mul/libc.a(lib_a-findfp.o)
                0x0000000008004cd0                __sfp_lock_acquire
 .text.__sfp_lock_release
                0x0000000008004cd4        0x4 /home/ajinusnlch/intelFPGA/19.1/nios2eds/bin/gnu/H-x86_64-pc-linux-gnu/bin/../lib/gcc/nios2-elf/8.3.1/../../../../../H-x86_64-pc-linux-gnu/nios2-elf/lib/mno-hw-mul/libc.a(lib_a-findfp.o)
                0x0000000008004cd4                __sfp_lock_release
 .text.__sinit_lock_acquire
                0x0000000008004cd8        0x4 /home/ajinusnlch/intelFPGA/19.1/nios2eds/bin/gnu/H-x86_64-pc-linux-gnu/bin/../lib/gcc/nios2-elf/8.3.1/../../../../../H-x86_64-pc-linux-gnu/nios2-elf/lib/mno-hw-mul/libc.a(lib_a-findfp.o)
                0x0000000008004cd8                __sinit_lock_acquire
 .text.__sinit_lock_release
                0x0000000008004cdc        0x4 /home/ajinusnlch/intelFPGA/19.1/nios2eds/bin/gnu/H-x86_64-pc-linux-gnu/bin/../lib/gcc/nios2-elf/8.3.1/../../../../../H-x86_64-pc-linux-gnu/nios2-elf/lib/mno-hw-mul/libc.a(lib_a-findfp.o)
                0x0000000008004cdc                __sinit_lock_release
 .text.__fp_lock_all
                0x0000000008004ce0       0x14 /home/ajinusnlch/intelFPGA/19.1/nios2eds/bin/gnu/H-x86_64-pc-linux-gnu/bin/../lib/gcc/nios2-elf/8.3.1/../../../../../H-x86_64-pc-linux-gnu/nios2-elf/lib/mno-hw-mul/libc.a(lib_a-findfp.o)
                0x0000000008004ce0                __fp_lock_all
 .text.__fp_unlock_all
                0x0000000008004cf4       0x14 /home/ajinusnlch/intelFPGA/19.1/nios2eds/bin/gnu/H-x86_64-pc-linux-gnu/bin/../lib/gcc/nios2-elf/8.3.1/../../../../../H-x86_64-pc-linux-gnu/nios2-elf/lib/mno-hw-mul/libc.a(lib_a-findfp.o)
                0x0000000008004cf4                __fp_unlock_all
 .text          0x0000000008004d08        0x0 /home/ajinusnlch/intelFPGA/19.1/nios2eds/bin/gnu/H-x86_64-pc-linux-gnu/bin/../lib/gcc/nios2-elf/8.3.1/../../../../../H-x86_64-pc-linux-gnu/nios2-elf/lib/mno-hw-mul/libc.a(lib_a-freer.o)
 .text._malloc_trim_r
                0x0000000008004d08      0x11c /home/ajinusnlch/intelFPGA/19.1/nios2eds/bin/gnu/H-x86_64-pc-linux-gnu/bin/../lib/gcc/nios2-elf/8.3.1/../../../../../H-x86_64-pc-linux-gnu/nios2-elf/lib/mno-hw-mul/libc.a(lib_a-freer.o)
                0x0000000008004d08                _malloc_trim_r
 .text._free_r  0x0000000008004e24      0x2fc /home/ajinusnlch/intelFPGA/19.1/nios2eds/bin/gnu/H-x86_64-pc-linux-gnu/bin/../lib/gcc/nios2-elf/8.3.1/../../../../../H-x86_64-pc-linux-gnu/nios2-elf/lib/mno-hw-mul/libc.a(lib_a-freer.o)
                0x0000000008004e24                _free_r
 .text          0x0000000008005120        0x0 /home/ajinusnlch/intelFPGA/19.1/nios2eds/bin/gnu/H-x86_64-pc-linux-gnu/bin/../lib/gcc/nios2-elf/8.3.1/../../../../../H-x86_64-pc-linux-gnu/nios2-elf/lib/mno-hw-mul/libc.a(lib_a-fwalk.o)
 .text._fwalk   0x0000000008005120       0xa4 /home/ajinusnlch/intelFPGA/19.1/nios2eds/bin/gnu/H-x86_64-pc-linux-gnu/bin/../lib/gcc/nios2-elf/8.3.1/../../../../../H-x86_64-pc-linux-gnu/nios2-elf/lib/mno-hw-mul/libc.a(lib_a-fwalk.o)
                0x0000000008005120                _fwalk
 .text._fwalk_reent
                0x00000000080051c4       0xb4 /home/ajinusnlch/intelFPGA/19.1/nios2eds/bin/gnu/H-x86_64-pc-linux-gnu/bin/../lib/gcc/nios2-elf/8.3.1/../../../../../H-x86_64-pc-linux-gnu/nios2-elf/lib/mno-hw-mul/libc.a(lib_a-fwalk.o)
                0x00000000080051c4                _fwalk_reent
 .text          0x0000000008005278        0x0 /home/ajinusnlch/intelFPGA/19.1/nios2eds/bin/gnu/H-x86_64-pc-linux-gnu/bin/../lib/gcc/nios2-elf/8.3.1/../../../../../H-x86_64-pc-linux-gnu/nios2-elf/lib/mno-hw-mul/libc.a(lib_a-impure.o)
 .text          0x0000000008005278        0x0 /home/ajinusnlch/intelFPGA/19.1/nios2eds/bin/gnu/H-x86_64-pc-linux-gnu/bin/../lib/gcc/nios2-elf/8.3.1/../../../../../H-x86_64-pc-linux-gnu/nios2-elf/lib/mno-hw-mul/libc.a(lib_a-localeconv.o)
 .text.__localeconv_l
                0x0000000008005278        0x8 /home/ajinusnlch/intelFPGA/19.1/nios2eds/bin/gnu/H-x86_64-pc-linux-gnu/bin/../lib/gcc/nios2-elf/8.3.1/../../../../../H-x86_64-pc-linux-gnu/nios2-elf/lib/mno-hw-mul/libc.a(lib_a-localeconv.o)
                0x0000000008005278                __localeconv_l
 .text._localeconv_r
                0x0000000008005280        0xc /home/ajinusnlch/intelFPGA/19.1/nios2eds/bin/gnu/H-x86_64-pc-linux-gnu/bin/../lib/gcc/nios2-elf/8.3.1/../../../../../H-x86_64-pc-linux-gnu/nios2-elf/lib/mno-hw-mul/libc.a(lib_a-localeconv.o)
                0x0000000008005280                _localeconv_r
 .text.localeconv
                0x000000000800528c        0xc /home/ajinusnlch/intelFPGA/19.1/nios2eds/bin/gnu/H-x86_64-pc-linux-gnu/bin/../lib/gcc/nios2-elf/8.3.1/../../../../../H-x86_64-pc-linux-gnu/nios2-elf/lib/mno-hw-mul/libc.a(lib_a-localeconv.o)
                0x000000000800528c                localeconv
 .text          0x0000000008005298        0x0 /home/ajinusnlch/intelFPGA/19.1/nios2eds/bin/gnu/H-x86_64-pc-linux-gnu/bin/../lib/gcc/nios2-elf/8.3.1/../../../../../H-x86_64-pc-linux-gnu/nios2-elf/lib/mno-hw-mul/libc.a(lib_a-makebuf.o)
 .text.__swhatbuf_r
                0x0000000008005298       0x98 /home/ajinusnlch/intelFPGA/19.1/nios2eds/bin/gnu/H-x86_64-pc-linux-gnu/bin/../lib/gcc/nios2-elf/8.3.1/../../../../../H-x86_64-pc-linux-gnu/nios2-elf/lib/mno-hw-mul/libc.a(lib_a-makebuf.o)
                0x0000000008005298                __swhatbuf_r
 .text.__smakebuf_r
                0x0000000008005330      0x13c /home/ajinusnlch/intelFPGA/19.1/nios2eds/bin/gnu/H-x86_64-pc-linux-gnu/bin/../lib/gcc/nios2-elf/8.3.1/../../../../../H-x86_64-pc-linux-gnu/nios2-elf/lib/mno-hw-mul/libc.a(lib_a-makebuf.o)
                0x0000000008005330                __smakebuf_r
 .text          0x000000000800546c        0x0 /home/ajinusnlch/intelFPGA/19.1/nios2eds/bin/gnu/H-x86_64-pc-linux-gnu/bin/../lib/gcc/nios2-elf/8.3.1/../../../../../H-x86_64-pc-linux-gnu/nios2-elf/lib/mno-hw-mul/libc.a(lib_a-mallocr.o)
 .text._malloc_r
                0x000000000800546c      0x7f4 /home/ajinusnlch/intelFPGA/19.1/nios2eds/bin/gnu/H-x86_64-pc-linux-gnu/bin/../lib/gcc/nios2-elf/8.3.1/../../../../../H-x86_64-pc-linux-gnu/nios2-elf/lib/mno-hw-mul/libc.a(lib_a-mallocr.o)
                0x000000000800546c                _malloc_r
 .text          0x0000000008005c60        0x0 /home/ajinusnlch/intelFPGA/19.1/nios2eds/bin/gnu/H-x86_64-pc-linux-gnu/bin/../lib/gcc/nios2-elf/8.3.1/../../../../../H-x86_64-pc-linux-gnu/nios2-elf/lib/mno-hw-mul/libc.a(lib_a-memchr.o)
 .text.memchr   0x0000000008005c60       0xe8 /home/ajinusnlch/intelFPGA/19.1/nios2eds/bin/gnu/H-x86_64-pc-linux-gnu/bin/../lib/gcc/nios2-elf/8.3.1/../../../../../H-x86_64-pc-linux-gnu/nios2-elf/lib/mno-hw-mul/libc.a(lib_a-memchr.o)
                0x0000000008005c60                memchr
 .text          0x0000000008005d48        0x0 /home/ajinusnlch/intelFPGA/19.1/nios2eds/bin/gnu/H-x86_64-pc-linux-gnu/bin/../lib/gcc/nios2-elf/8.3.1/../../../../../H-x86_64-pc-linux-gnu/nios2-elf/lib/mno-hw-mul/libc.a(lib_a-memset.o)
 .text.memset   0x0000000008005d48       0xf0 /home/ajinusnlch/intelFPGA/19.1/nios2eds/bin/gnu/H-x86_64-pc-linux-gnu/bin/../lib/gcc/nios2-elf/8.3.1/../../../../../H-x86_64-pc-linux-gnu/nios2-elf/lib/mno-hw-mul/libc.a(lib_a-memset.o)
                0x0000000008005d48                memset
 .text          0x0000000008005e38        0x0 /home/ajinusnlch/intelFPGA/19.1/nios2eds/bin/gnu/H-x86_64-pc-linux-gnu/bin/../lib/gcc/nios2-elf/8.3.1/../../../../../H-x86_64-pc-linux-gnu/nios2-elf/lib/mno-hw-mul/libc.a(lib_a-mprec.o)
 .text._Balloc  0x0000000008005e38       0xa4 /home/ajinusnlch/intelFPGA/19.1/nios2eds/bin/gnu/H-x86_64-pc-linux-gnu/bin/../lib/gcc/nios2-elf/8.3.1/../../../../../H-x86_64-pc-linux-gnu/nios2-elf/lib/mno-hw-mul/libc.a(lib_a-mprec.o)
                0x0000000008005e38                _Balloc
 .text._Bfree   0x0000000008005edc       0x24 /home/ajinusnlch/intelFPGA/19.1/nios2eds/bin/gnu/H-x86_64-pc-linux-gnu/bin/../lib/gcc/nios2-elf/8.3.1/../../../../../H-x86_64-pc-linux-gnu/nios2-elf/lib/mno-hw-mul/libc.a(lib_a-mprec.o)
                0x0000000008005edc                _Bfree
 .text.__multadd
                0x0000000008005f00      0x13c /home/ajinusnlch/intelFPGA/19.1/nios2eds/bin/gnu/H-x86_64-pc-linux-gnu/bin/../lib/gcc/nios2-elf/8.3.1/../../../../../H-x86_64-pc-linux-gnu/nios2-elf/lib/mno-hw-mul/libc.a(lib_a-mprec.o)
                0x0000000008005f00                __multadd
 .text.__s2b    0x000000000800603c      0x110 /home/ajinusnlch/intelFPGA/19.1/nios2eds/bin/gnu/H-x86_64-pc-linux-gnu/bin/../lib/gcc/nios2-elf/8.3.1/../../../../../H-x86_64-pc-linux-gnu/nios2-elf/lib/mno-hw-mul/libc.a(lib_a-mprec.o)
                0x000000000800603c                __s2b
 .text.__hi0bits
                0x000000000800614c       0x64 /home/ajinusnlch/intelFPGA/19.1/nios2eds/bin/gnu/H-x86_64-pc-linux-gnu/bin/../lib/gcc/nios2-elf/8.3.1/../../../../../H-x86_64-pc-linux-gnu/nios2-elf/lib/mno-hw-mul/libc.a(lib_a-mprec.o)
                0x000000000800614c                __hi0bits
 .text.__lo0bits
                0x00000000080061b0       0xb0 /home/ajinusnlch/intelFPGA/19.1/nios2eds/bin/gnu/H-x86_64-pc-linux-gnu/bin/../lib/gcc/nios2-elf/8.3.1/../../../../../H-x86_64-pc-linux-gnu/nios2-elf/lib/mno-hw-mul/libc.a(lib_a-mprec.o)
                0x00000000080061b0                __lo0bits
 .text.__i2b    0x0000000008006260       0x34 /home/ajinusnlch/intelFPGA/19.1/nios2eds/bin/gnu/H-x86_64-pc-linux-gnu/bin/../lib/gcc/nios2-elf/8.3.1/../../../../../H-x86_64-pc-linux-gnu/nios2-elf/lib/mno-hw-mul/libc.a(lib_a-mprec.o)
                0x0000000008006260                __i2b
 .text.__multiply
                0x0000000008006294      0x240 /home/ajinusnlch/intelFPGA/19.1/nios2eds/bin/gnu/H-x86_64-pc-linux-gnu/bin/../lib/gcc/nios2-elf/8.3.1/../../../../../H-x86_64-pc-linux-gnu/nios2-elf/lib/mno-hw-mul/libc.a(lib_a-mprec.o)
                0x0000000008006294                __multiply
 .text.__pow5mult
                0x00000000080064d4      0x128 /home/ajinusnlch/intelFPGA/19.1/nios2eds/bin/gnu/H-x86_64-pc-linux-gnu/bin/../lib/gcc/nios2-elf/8.3.1/../../../../../H-x86_64-pc-linux-gnu/nios2-elf/lib/mno-hw-mul/libc.a(lib_a-mprec.o)
                0x00000000080064d4                __pow5mult
 .text.__lshift
                0x00000000080065fc      0x13c /home/ajinusnlch/intelFPGA/19.1/nios2eds/bin/gnu/H-x86_64-pc-linux-gnu/bin/../lib/gcc/nios2-elf/8.3.1/../../../../../H-x86_64-pc-linux-gnu/nios2-elf/lib/mno-hw-mul/libc.a(lib_a-mprec.o)
                0x00000000080065fc                __lshift
 .text.__mcmp   0x0000000008006738       0x58 /home/ajinusnlch/intelFPGA/19.1/nios2eds/bin/gnu/H-x86_64-pc-linux-gnu/bin/../lib/gcc/nios2-elf/8.3.1/../../../../../H-x86_64-pc-linux-gnu/nios2-elf/lib/mno-hw-mul/libc.a(lib_a-mprec.o)
                0x0000000008006738                __mcmp
 .text.__mdiff  0x0000000008006790      0x1bc /home/ajinusnlch/intelFPGA/19.1/nios2eds/bin/gnu/H-x86_64-pc-linux-gnu/bin/../lib/gcc/nios2-elf/8.3.1/../../../../../H-x86_64-pc-linux-gnu/nios2-elf/lib/mno-hw-mul/libc.a(lib_a-mprec.o)
                0x0000000008006790                __mdiff
 .text.__ulp    0x000000000800694c       0x5c /home/ajinusnlch/intelFPGA/19.1/nios2eds/bin/gnu/H-x86_64-pc-linux-gnu/bin/../lib/gcc/nios2-elf/8.3.1/../../../../../H-x86_64-pc-linux-gnu/nios2-elf/lib/mno-hw-mul/libc.a(lib_a-mprec.o)
                0x000000000800694c                __ulp
 .text.__b2d    0x00000000080069a8      0x104 /home/ajinusnlch/intelFPGA/19.1/nios2eds/bin/gnu/H-x86_64-pc-linux-gnu/bin/../lib/gcc/nios2-elf/8.3.1/../../../../../H-x86_64-pc-linux-gnu/nios2-elf/lib/mno-hw-mul/libc.a(lib_a-mprec.o)
                0x00000000080069a8                __b2d
 .text.__d2b    0x0000000008006aac      0x148 /home/ajinusnlch/intelFPGA/19.1/nios2eds/bin/gnu/H-x86_64-pc-linux-gnu/bin/../lib/gcc/nios2-elf/8.3.1/../../../../../H-x86_64-pc-linux-gnu/nios2-elf/lib/mno-hw-mul/libc.a(lib_a-mprec.o)
                0x0000000008006aac                __d2b
 .text.__ratio  0x0000000008006bf4       0xa4 /home/ajinusnlch/intelFPGA/19.1/nios2eds/bin/gnu/H-x86_64-pc-linux-gnu/bin/../lib/gcc/nios2-elf/8.3.1/../../../../../H-x86_64-pc-linux-gnu/nios2-elf/lib/mno-hw-mul/libc.a(lib_a-mprec.o)
                0x0000000008006bf4                __ratio
 .text._mprec_log10
                0x0000000008006c98       0x74 /home/ajinusnlch/intelFPGA/19.1/nios2eds/bin/gnu/H-x86_64-pc-linux-gnu/bin/../lib/gcc/nios2-elf/8.3.1/../../../../../H-x86_64-pc-linux-gnu/nios2-elf/lib/mno-hw-mul/libc.a(lib_a-mprec.o)
                0x0000000008006c98                _mprec_log10
 .text.__copybits
                0x0000000008006d0c       0x6c /home/ajinusnlch/intelFPGA/19.1/nios2eds/bin/gnu/H-x86_64-pc-linux-gnu/bin/../lib/gcc/nios2-elf/8.3.1/../../../../../H-x86_64-pc-linux-gnu/nios2-elf/lib/mno-hw-mul/libc.a(lib_a-mprec.o)
                0x0000000008006d0c                __copybits
 .text.__any_on
                0x0000000008006d78       0x74 /home/ajinusnlch/intelFPGA/19.1/nios2eds/bin/gnu/H-x86_64-pc-linux-gnu/bin/../lib/gcc/nios2-elf/8.3.1/../../../../../H-x86_64-pc-linux-gnu/nios2-elf/lib/mno-hw-mul/libc.a(lib_a-mprec.o)
                0x0000000008006d78                __any_on
 .text          0x0000000008006dec        0x0 /home/ajinusnlch/intelFPGA/19.1/nios2eds/bin/gnu/H-x86_64-pc-linux-gnu/bin/../lib/gcc/nios2-elf/8.3.1/../../../../../H-x86_64-pc-linux-gnu/nios2-elf/lib/mno-hw-mul/libc.a(lib_a-sbrkr.o)
 .text._sbrk_r  0x0000000008006dec       0x58 /home/ajinusnlch/intelFPGA/19.1/nios2eds/bin/gnu/H-x86_64-pc-linux-gnu/bin/../lib/gcc/nios2-elf/8.3.1/../../../../../H-x86_64-pc-linux-gnu/nios2-elf/lib/mno-hw-mul/libc.a(lib_a-sbrkr.o)
                0x0000000008006dec                _sbrk_r
 .text          0x0000000008006e44        0x0 /home/ajinusnlch/intelFPGA/19.1/nios2eds/bin/gnu/H-x86_64-pc-linux-gnu/bin/../lib/gcc/nios2-elf/8.3.1/../../../../../H-x86_64-pc-linux-gnu/nios2-elf/lib/mno-hw-mul/libc.a(lib_a-stdio.o)
 .text.__sread  0x0000000008006e44       0x54 /home/ajinusnlch/intelFPGA/19.1/nios2eds/bin/gnu/H-x86_64-pc-linux-gnu/bin/../lib/gcc/nios2-elf/8.3.1/../../../../../H-x86_64-pc-linux-gnu/nios2-elf/lib/mno-hw-mul/libc.a(lib_a-stdio.o)
                0x0000000008006e44                __sread
 .text.__seofread
                0x0000000008006e98        0x8 /home/ajinusnlch/intelFPGA/19.1/nios2eds/bin/gnu/H-x86_64-pc-linux-gnu/bin/../lib/gcc/nios2-elf/8.3.1/../../../../../H-x86_64-pc-linux-gnu/nios2-elf/lib/mno-hw-mul/libc.a(lib_a-stdio.o)
                0x0000000008006e98                __seofread
 .text.__swrite
                0x0000000008006ea0       0x80 /home/ajinusnlch/intelFPGA/19.1/nios2eds/bin/gnu/H-x86_64-pc-linux-gnu/bin/../lib/gcc/nios2-elf/8.3.1/../../../../../H-x86_64-pc-linux-gnu/nios2-elf/lib/mno-hw-mul/libc.a(lib_a-stdio.o)
                0x0000000008006ea0                __swrite
 .text.__sseek  0x0000000008006f20       0x5c /home/ajinusnlch/intelFPGA/19.1/nios2eds/bin/gnu/H-x86_64-pc-linux-gnu/bin/../lib/gcc/nios2-elf/8.3.1/../../../../../H-x86_64-pc-linux-gnu/nios2-elf/lib/mno-hw-mul/libc.a(lib_a-stdio.o)
                0x0000000008006f20                __sseek
 .text.__sclose
                0x0000000008006f7c        0x8 /home/ajinusnlch/intelFPGA/19.1/nios2eds/bin/gnu/H-x86_64-pc-linux-gnu/bin/../lib/gcc/nios2-elf/8.3.1/../../../../../H-x86_64-pc-linux-gnu/nios2-elf/lib/mno-hw-mul/libc.a(lib_a-stdio.o)
                0x0000000008006f7c                __sclose
 .text          0x0000000008006f84        0x0 /home/ajinusnlch/intelFPGA/19.1/nios2eds/bin/gnu/H-x86_64-pc-linux-gnu/bin/../lib/gcc/nios2-elf/8.3.1/../../../../../H-x86_64-pc-linux-gnu/nios2-elf/lib/mno-hw-mul/libc.a(lib_a-strlen.o)
 .text.strlen   0x0000000008006f84       0x98 /home/ajinusnlch/intelFPGA/19.1/nios2eds/bin/gnu/H-x86_64-pc-linux-gnu/bin/../lib/gcc/nios2-elf/8.3.1/../../../../../H-x86_64-pc-linux-gnu/nios2-elf/lib/mno-hw-mul/libc.a(lib_a-strlen.o)
                0x0000000008006f84                strlen
 .text          0x000000000800701c        0x0 /home/ajinusnlch/intelFPGA/19.1/nios2eds/bin/gnu/H-x86_64-pc-linux-gnu/bin/../lib/gcc/nios2-elf/8.3.1/../../../../../H-x86_64-pc-linux-gnu/nios2-elf/lib/mno-hw-mul/libc.a(lib_a-vfiprintf.o)
 .text.__sprint_r.part.0
                0x000000000800701c       0xf4 /home/ajinusnlch/intelFPGA/19.1/nios2eds/bin/gnu/H-x86_64-pc-linux-gnu/bin/../lib/gcc/nios2-elf/8.3.1/../../../../../H-x86_64-pc-linux-gnu/nios2-elf/lib/mno-hw-mul/libc.a(lib_a-vfiprintf.o)
 .text.__sprint_r
                0x0000000008007110       0x18 /home/ajinusnlch/intelFPGA/19.1/nios2eds/bin/gnu/H-x86_64-pc-linux-gnu/bin/../lib/gcc/nios2-elf/8.3.1/../../../../../H-x86_64-pc-linux-gnu/nios2-elf/lib/mno-hw-mul/libc.a(lib_a-vfiprintf.o)
                0x0000000008007110                __sprint_r
 .text.___vfiprintf_internal_r
                0x0000000008007128     0x133c /home/ajinusnlch/intelFPGA/19.1/nios2eds/bin/gnu/H-x86_64-pc-linux-gnu/bin/../lib/gcc/nios2-elf/8.3.1/../../../../../H-x86_64-pc-linux-gnu/nios2-elf/lib/mno-hw-mul/libc.a(lib_a-vfiprintf.o)
                0x0000000008007128                ___vfiprintf_internal_r
 .text.__vfiprintf_internal
                0x0000000008008464       0x18 /home/ajinusnlch/intelFPGA/19.1/nios2eds/bin/gnu/H-x86_64-pc-linux-gnu/bin/../lib/gcc/nios2-elf/8.3.1/../../../../../H-x86_64-pc-linux-gnu/nios2-elf/lib/mno-hw-mul/libc.a(lib_a-vfiprintf.o)
                0x0000000008008464                __vfiprintf_internal
 .text.__sbprintf
                0x000000000800847c       0xc0 /home/ajinusnlch/intelFPGA/19.1/nios2eds/bin/gnu/H-x86_64-pc-linux-gnu/bin/../lib/gcc/nios2-elf/8.3.1/../../../../../H-x86_64-pc-linux-gnu/nios2-elf/lib/mno-hw-mul/libc.a(lib_a-vfiprintf.o)
 .text          0x000000000800853c        0x0 /home/ajinusnlch/intelFPGA/19.1/nios2eds/bin/gnu/H-x86_64-pc-linux-gnu/bin/../lib/gcc/nios2-elf/8.3.1/../../../../../H-x86_64-pc-linux-gnu/nios2-elf/lib/mno-hw-mul/libc.a(lib_a-writer.o)
 .text._write_r
                0x000000000800853c       0x64 /home/ajinusnlch/intelFPGA/19.1/nios2eds/bin/gnu/H-x86_64-pc-linux-gnu/bin/../lib/gcc/nios2-elf/8.3.1/../../../../../H-x86_64-pc-linux-gnu/nios2-elf/lib/mno-hw-mul/libc.a(lib_a-writer.o)
                0x000000000800853c                _write_r
 .text          0x00000000080085a0        0x0 /home/ajinusnlch/intelFPGA/19.1/nios2eds/bin/gnu/H-x86_64-pc-linux-gnu/bin/../lib/gcc/nios2-elf/8.3.1/../../../../../H-x86_64-pc-linux-gnu/nios2-elf/lib/mno-hw-mul/libc.a(closer.o)
 .text._close_r
                0x00000000080085a0       0x58 /home/ajinusnlch/intelFPGA/19.1/nios2eds/bin/gnu/H-x86_64-pc-linux-gnu/bin/../lib/gcc/nios2-elf/8.3.1/../../../../../H-x86_64-pc-linux-gnu/nios2-elf/lib/mno-hw-mul/libc.a(closer.o)
                0x00000000080085a0                _close_r
 .text          0x00000000080085f8        0x0 /home/ajinusnlch/intelFPGA/19.1/nios2eds/bin/gnu/H-x86_64-pc-linux-gnu/bin/../lib/gcc/nios2-elf/8.3.1/../../../../../H-x86_64-pc-linux-gnu/nios2-elf/lib/mno-hw-mul/libc.a(lib_a-callocr.o)
 .text._calloc_r
                0x00000000080085f8       0xcc /home/ajinusnlch/intelFPGA/19.1/nios2eds/bin/gnu/H-x86_64-pc-linux-gnu/bin/../lib/gcc/nios2-elf/8.3.1/../../../../../H-x86_64-pc-linux-gnu/nios2-elf/lib/mno-hw-mul/libc.a(lib_a-callocr.o)
                0x00000000080085f8                _calloc_r
 .text          0x00000000080086c4        0x0 /home/ajinusnlch/intelFPGA/19.1/nios2eds/bin/gnu/H-x86_64-pc-linux-gnu/bin/../lib/gcc/nios2-elf/8.3.1/../../../../../H-x86_64-pc-linux-gnu/nios2-elf/lib/mno-hw-mul/libc.a(lib_a-fclose.o)
 .text._fclose_r
                0x00000000080086c4       0xf8 /home/ajinusnlch/intelFPGA/19.1/nios2eds/bin/gnu/H-x86_64-pc-linux-gnu/bin/../lib/gcc/nios2-elf/8.3.1/../../../../../H-x86_64-pc-linux-gnu/nios2-elf/lib/mno-hw-mul/libc.a(lib_a-fclose.o)
                0x00000000080086c4                _fclose_r
 .text.fclose   0x00000000080087bc       0x10 /home/ajinusnlch/intelFPGA/19.1/nios2eds/bin/gnu/H-x86_64-pc-linux-gnu/bin/../lib/gcc/nios2-elf/8.3.1/../../../../../H-x86_64-pc-linux-gnu/nios2-elf/lib/mno-hw-mul/libc.a(lib_a-fclose.o)
                0x00000000080087bc                fclose
 .text          0x00000000080087cc        0x0 /home/ajinusnlch/intelFPGA/19.1/nios2eds/bin/gnu/H-x86_64-pc-linux-gnu/bin/../lib/gcc/nios2-elf/8.3.1/../../../../../H-x86_64-pc-linux-gnu/nios2-elf/lib/mno-hw-mul/libc.a(lib_a-fputwc.o)
 .text.__fputwc
                0x00000000080087cc      0x150 /home/ajinusnlch/intelFPGA/19.1/nios2eds/bin/gnu/H-x86_64-pc-linux-gnu/bin/../lib/gcc/nios2-elf/8.3.1/../../../../../H-x86_64-pc-linux-gnu/nios2-elf/lib/mno-hw-mul/libc.a(lib_a-fputwc.o)
                0x00000000080087cc                __fputwc
 .text._fputwc_r
                0x000000000800891c       0x24 /home/ajinusnlch/intelFPGA/19.1/nios2eds/bin/gnu/H-x86_64-pc-linux-gnu/bin/../lib/gcc/nios2-elf/8.3.1/../../../../../H-x86_64-pc-linux-gnu/nios2-elf/lib/mno-hw-mul/libc.a(lib_a-fputwc.o)
                0x000000000800891c                _fputwc_r
 .text.fputwc   0x0000000008008940       0x7c /home/ajinusnlch/intelFPGA/19.1/nios2eds/bin/gnu/H-x86_64-pc-linux-gnu/bin/../lib/gcc/nios2-elf/8.3.1/../../../../../H-x86_64-pc-linux-gnu/nios2-elf/lib/mno-hw-mul/libc.a(lib_a-fputwc.o)
                0x0000000008008940                fputwc
 .text          0x00000000080089bc        0x0 /home/ajinusnlch/intelFPGA/19.1/nios2eds/bin/gnu/H-x86_64-pc-linux-gnu/bin/../lib/gcc/nios2-elf/8.3.1/../../../../../H-x86_64-pc-linux-gnu/nios2-elf/lib/mno-hw-mul/libc.a(lib_a-fstatr.o)
 .text._fstat_r
                0x00000000080089bc       0x60 /home/ajinusnlch/intelFPGA/19.1/nios2eds/bin/gnu/H-x86_64-pc-linux-gnu/bin/../lib/gcc/nios2-elf/8.3.1/../../../../../H-x86_64-pc-linux-gnu/nios2-elf/lib/mno-hw-mul/libc.a(lib_a-fstatr.o)
                0x00000000080089bc                _fstat_r
 .text          0x0000000008008a1c        0x0 /home/ajinusnlch/intelFPGA/19.1/nios2eds/bin/gnu/H-x86_64-pc-linux-gnu/bin/../lib/gcc/nios2-elf/8.3.1/../../../../../H-x86_64-pc-linux-gnu/nios2-elf/lib/mno-hw-mul/libc.a(lib_a-fvwrite.o)
 .text.__sfvwrite_r
                0x0000000008008a1c      0x4d4 /home/ajinusnlch/intelFPGA/19.1/nios2eds/bin/gnu/H-x86_64-pc-linux-gnu/bin/../lib/gcc/nios2-elf/8.3.1/../../../../../H-x86_64-pc-linux-gnu/nios2-elf/lib/mno-hw-mul/libc.a(lib_a-fvwrite.o)
                0x0000000008008a1c                __sfvwrite_r
 .text          0x0000000008008ef0        0x0 /home/ajinusnlch/intelFPGA/19.1/nios2eds/bin/gnu/H-x86_64-pc-linux-gnu/bin/../lib/gcc/nios2-elf/8.3.1/../../../../../H-x86_64-pc-linux-gnu/nios2-elf/lib/mno-hw-mul/libc.a(lib_a-int_errno.o)
 .text          0x0000000008008ef0        0x0 /home/ajinusnlch/intelFPGA/19.1/nios2eds/bin/gnu/H-x86_64-pc-linux-gnu/bin/../lib/gcc/nios2-elf/8.3.1/../../../../../H-x86_64-pc-linux-gnu/nios2-elf/lib/mno-hw-mul/libc.a(lib_a-isattyr.o)
 .text._isatty_r
                0x0000000008008ef0       0x58 /home/ajinusnlch/intelFPGA/19.1/nios2eds/bin/gnu/H-x86_64-pc-linux-gnu/bin/../lib/gcc/nios2-elf/8.3.1/../../../../../H-x86_64-pc-linux-gnu/nios2-elf/lib/mno-hw-mul/libc.a(lib_a-isattyr.o)
                0x0000000008008ef0                _isatty_r
 .text          0x0000000008008f48        0x0 /home/ajinusnlch/intelFPGA/19.1/nios2eds/bin/gnu/H-x86_64-pc-linux-gnu/bin/../lib/gcc/nios2-elf/8.3.1/../../../../../H-x86_64-pc-linux-gnu/nios2-elf/lib/mno-hw-mul/libc.a(lib_a-locale.o)
 .text._setlocale_r
                0x0000000008008f48       0x70 /home/ajinusnlch/intelFPGA/19.1/nios2eds/bin/gnu/H-x86_64-pc-linux-gnu/bin/../lib/gcc/nios2-elf/8.3.1/../../../../../H-x86_64-pc-linux-gnu/nios2-elf/lib/mno-hw-mul/libc.a(lib_a-locale.o)
                0x0000000008008f48                _setlocale_r
 .text.__locale_mb_cur_max
                0x0000000008008fb8        0xc /home/ajinusnlch/intelFPGA/19.1/nios2eds/bin/gnu/H-x86_64-pc-linux-gnu/bin/../lib/gcc/nios2-elf/8.3.1/../../../../../H-x86_64-pc-linux-gnu/nios2-elf/lib/mno-hw-mul/libc.a(lib_a-locale.o)
                0x0000000008008fb8                __locale_mb_cur_max
 .text.setlocale
                0x0000000008008fc4       0x14 /home/ajinusnlch/intelFPGA/19.1/nios2eds/bin/gnu/H-x86_64-pc-linux-gnu/bin/../lib/gcc/nios2-elf/8.3.1/../../../../../H-x86_64-pc-linux-gnu/nios2-elf/lib/mno-hw-mul/libc.a(lib_a-locale.o)
                0x0000000008008fc4                setlocale
 .text          0x0000000008008fd8        0x0 /home/ajinusnlch/intelFPGA/19.1/nios2eds/bin/gnu/H-x86_64-pc-linux-gnu/bin/../lib/gcc/nios2-elf/8.3.1/../../../../../H-x86_64-pc-linux-gnu/nios2-elf/lib/mno-hw-mul/libc.a(lib_a-lseekr.o)
 .text._lseek_r
                0x0000000008008fd8       0x64 /home/ajinusnlch/intelFPGA/19.1/nios2eds/bin/gnu/H-x86_64-pc-linux-gnu/bin/../lib/gcc/nios2-elf/8.3.1/../../../../../H-x86_64-pc-linux-gnu/nios2-elf/lib/mno-hw-mul/libc.a(lib_a-lseekr.o)
                0x0000000008008fd8                _lseek_r
 .text          0x000000000800903c        0x0 /home/ajinusnlch/intelFPGA/19.1/nios2eds/bin/gnu/H-x86_64-pc-linux-gnu/bin/../lib/gcc/nios2-elf/8.3.1/../../../../../H-x86_64-pc-linux-gnu/nios2-elf/lib/mno-hw-mul/libc.a(lib_a-mbtowc_r.o)
 .text._mbtowc_r
                0x000000000800903c        0xc /home/ajinusnlch/intelFPGA/19.1/nios2eds/bin/gnu/H-x86_64-pc-linux-gnu/bin/../lib/gcc/nios2-elf/8.3.1/../../../../../H-x86_64-pc-linux-gnu/nios2-elf/lib/mno-hw-mul/libc.a(lib_a-mbtowc_r.o)
                0x000000000800903c                _mbtowc_r
 .text.__ascii_mbtowc
                0x0000000008009048       0x44 /home/ajinusnlch/intelFPGA/19.1/nios2eds/bin/gnu/H-x86_64-pc-linux-gnu/bin/../lib/gcc/nios2-elf/8.3.1/../../../../../H-x86_64-pc-linux-gnu/nios2-elf/lib/mno-hw-mul/libc.a(lib_a-mbtowc_r.o)
                0x0000000008009048                __ascii_mbtowc
 .text          0x000000000800908c        0x0 /home/ajinusnlch/intelFPGA/19.1/nios2eds/bin/gnu/H-x86_64-pc-linux-gnu/bin/../lib/gcc/nios2-elf/8.3.1/../../../../../H-x86_64-pc-linux-gnu/nios2-elf/lib/mno-hw-mul/libc.a(lib_a-memmove.o)
 .text.memmove  0x000000000800908c      0x12c /home/ajinusnlch/intelFPGA/19.1/nios2eds/bin/gnu/H-x86_64-pc-linux-gnu/bin/../lib/gcc/nios2-elf/8.3.1/../../../../../H-x86_64-pc-linux-gnu/nios2-elf/lib/mno-hw-mul/libc.a(lib_a-memmove.o)
                0x000000000800908c                memmove
 .text          0x00000000080091b8        0x0 /home/ajinusnlch/intelFPGA/19.1/nios2eds/bin/gnu/H-x86_64-pc-linux-gnu/bin/../lib/gcc/nios2-elf/8.3.1/../../../../../H-x86_64-pc-linux-gnu/nios2-elf/lib/mno-hw-mul/libc.a(lib_a-readr.o)
 .text._read_r  0x00000000080091b8       0x64 /home/ajinusnlch/intelFPGA/19.1/nios2eds/bin/gnu/H-x86_64-pc-linux-gnu/bin/../lib/gcc/nios2-elf/8.3.1/../../../../../H-x86_64-pc-linux-gnu/nios2-elf/lib/mno-hw-mul/libc.a(lib_a-readr.o)
                0x00000000080091b8                _read_r
 .text          0x000000000800921c        0x0 /home/ajinusnlch/intelFPGA/19.1/nios2eds/bin/gnu/H-x86_64-pc-linux-gnu/bin/../lib/gcc/nios2-elf/8.3.1/../../../../../H-x86_64-pc-linux-gnu/nios2-elf/lib/mno-hw-mul/libc.a(lib_a-reallocr.o)
 .text._realloc_r
                0x000000000800921c      0x62c /home/ajinusnlch/intelFPGA/19.1/nios2eds/bin/gnu/H-x86_64-pc-linux-gnu/bin/../lib/gcc/nios2-elf/8.3.1/../../../../../H-x86_64-pc-linux-gnu/nios2-elf/lib/mno-hw-mul/libc.a(lib_a-reallocr.o)
                0x000000000800921c                _realloc_r
 .text          0x0000000008009848        0x0 /home/ajinusnlch/intelFPGA/19.1/nios2eds/bin/gnu/H-x86_64-pc-linux-gnu/bin/../lib/gcc/nios2-elf/8.3.1/../../../../../H-x86_64-pc-linux-gnu/nios2-elf/lib/mno-hw-mul/libc.a(lib_a-strcmp.o)
 .text.strcmp   0x0000000008009848       0xd8 /home/ajinusnlch/intelFPGA/19.1/nios2eds/bin/gnu/H-x86_64-pc-linux-gnu/bin/../lib/gcc/nios2-elf/8.3.1/../../../../../H-x86_64-pc-linux-gnu/nios2-elf/lib/mno-hw-mul/libc.a(lib_a-strcmp.o)
                0x0000000008009848                strcmp
 .text          0x0000000008009920        0x0 /home/ajinusnlch/intelFPGA/19.1/nios2eds/bin/gnu/H-x86_64-pc-linux-gnu/bin/../lib/gcc/nios2-elf/8.3.1/../../../../../H-x86_64-pc-linux-gnu/nios2-elf/lib/mno-hw-mul/libc.a(lib_a-wbuf.o)
 .text.__swbuf_r
                0x0000000008009920      0x148 /home/ajinusnlch/intelFPGA/19.1/nios2eds/bin/gnu/H-x86_64-pc-linux-gnu/bin/../lib/gcc/nios2-elf/8.3.1/../../../../../H-x86_64-pc-linux-gnu/nios2-elf/lib/mno-hw-mul/libc.a(lib_a-wbuf.o)
                0x0000000008009920                __swbuf_r
 .text.__swbuf  0x0000000008009a68       0x14 /home/ajinusnlch/intelFPGA/19.1/nios2eds/bin/gnu/H-x86_64-pc-linux-gnu/bin/../lib/gcc/nios2-elf/8.3.1/../../../../../H-x86_64-pc-linux-gnu/nios2-elf/lib/mno-hw-mul/libc.a(lib_a-wbuf.o)
                0x0000000008009a68                __swbuf
 .text          0x0000000008009a7c        0x0 /home/ajinusnlch/intelFPGA/19.1/nios2eds/bin/gnu/H-x86_64-pc-linux-gnu/bin/../lib/gcc/nios2-elf/8.3.1/../../../../../H-x86_64-pc-linux-gnu/nios2-elf/lib/mno-hw-mul/libc.a(lib_a-wcrtomb.o)
 .text._wcrtomb_r
                0x0000000008009a7c       0x6c /home/ajinusnlch/intelFPGA/19.1/nios2eds/bin/gnu/H-x86_64-pc-linux-gnu/bin/../lib/gcc/nios2-elf/8.3.1/../../../../../H-x86_64-pc-linux-gnu/nios2-elf/lib/mno-hw-mul/libc.a(lib_a-wcrtomb.o)
                0x0000000008009a7c                _wcrtomb_r
 .text.wcrtomb  0x0000000008009ae8       0x84 /home/ajinusnlch/intelFPGA/19.1/nios2eds/bin/gnu/H-x86_64-pc-linux-gnu/bin/../lib/gcc/nios2-elf/8.3.1/../../../../../H-x86_64-pc-linux-gnu/nios2-elf/lib/mno-hw-mul/libc.a(lib_a-wcrtomb.o)
                0x0000000008009ae8                wcrtomb
 .text          0x0000000008009b6c        0x0 /home/ajinusnlch/intelFPGA/19.1/nios2eds/bin/gnu/H-x86_64-pc-linux-gnu/bin/../lib/gcc/nios2-elf/8.3.1/../../../../../H-x86_64-pc-linux-gnu/nios2-elf/lib/mno-hw-mul/libc.a(lib_a-wctomb_r.o)
 .text._wctomb_r
                0x0000000008009b6c        0xc /home/ajinusnlch/intelFPGA/19.1/nios2eds/bin/gnu/H-x86_64-pc-linux-gnu/bin/../lib/gcc/nios2-elf/8.3.1/../../../../../H-x86_64-pc-linux-gnu/nios2-elf/lib/mno-hw-mul/libc.a(lib_a-wctomb_r.o)
                0x0000000008009b6c                _wctomb_r
 .text.__ascii_wctomb
                0x0000000008009b78       0x30 /home/ajinusnlch/intelFPGA/19.1/nios2eds/bin/gnu/H-x86_64-pc-linux-gnu/bin/../lib/gcc/nios2-elf/8.3.1/../../../../../H-x86_64-pc-linux-gnu/nios2-elf/lib/mno-hw-mul/libc.a(lib_a-wctomb_r.o)
                0x0000000008009b78                __ascii_wctomb
 .text          0x0000000008009ba8        0x0 /home/ajinusnlch/intelFPGA/19.1/nios2eds/bin/gnu/H-x86_64-pc-linux-gnu/bin/../lib/gcc/nios2-elf/8.3.1/../../../../../H-x86_64-pc-linux-gnu/nios2-elf/lib/mno-hw-mul/libc.a(lib_a-ctype_.o)
 .text          0x0000000008009ba8      0x61c /home/ajinusnlch/intelFPGA/19.1/nios2eds/bin/gnu/H-x86_64-pc-linux-gnu/bin/../lib/gcc/nios2-elf/8.3.1/mno-hw-mul/libgcc.a(_udivdi3.o)
                0x0000000008009ba8                __udivdi3
 .text          0x000000000800a1c4      0x5c8 /home/ajinusnlch/intelFPGA/19.1/nios2eds/bin/gnu/H-x86_64-pc-linux-gnu/bin/../lib/gcc/nios2-elf/8.3.1/mno-hw-mul/libgcc.a(_umoddi3.o)
                0x000000000800a1c4                __umoddi3
 .text          0x000000000800a78c      0x1b8 /home/ajinusnlch/intelFPGA/19.1/nios2eds/bin/gnu/H-x86_64-pc-linux-gnu/bin/../lib/gcc/nios2-elf/8.3.1/mno-hw-mul/libgcc.a(lib2-divmod.o)
                0x000000000800a78c                __divsi3
                0x000000000800a80c                __modsi3
                0x000000000800a884                __udivsi3
                0x000000000800a8e8                __umodsi3
 .text          0x000000000800a944      0x9a0 /home/ajinusnlch/intelFPGA/19.1/nios2eds/bin/gnu/H-x86_64-pc-linux-gnu/bin/../lib/gcc/nios2-elf/8.3.1/mno-hw-mul/libgcc.a(adddf3.o)
                0x000000000800a944                __adddf3
 .text          0x000000000800b2e4      0x964 /home/ajinusnlch/intelFPGA/19.1/nios2eds/bin/gnu/H-x86_64-pc-linux-gnu/bin/../lib/gcc/nios2-elf/8.3.1/mno-hw-mul/libgcc.a(divdf3.o)
                0x000000000800b2e4                __divdf3
 .text          0x000000000800bc48       0x80 /home/ajinusnlch/intelFPGA/19.1/nios2eds/bin/gnu/H-x86_64-pc-linux-gnu/bin/../lib/gcc/nios2-elf/8.3.1/mno-hw-mul/libgcc.a(eqdf2.o)
                0x000000000800bc48                __eqdf2
                0x000000000800bc48                __nedf2
 .text          0x000000000800bcc8       0xf0 /home/ajinusnlch/intelFPGA/19.1/nios2eds/bin/gnu/H-x86_64-pc-linux-gnu/bin/../lib/gcc/nios2-elf/8.3.1/mno-hw-mul/libgcc.a(gedf2.o)
                0x000000000800bcc8                __gtdf2
                0x000000000800bcc8                __gedf2
 .text          0x000000000800bdb8       0xf0 /home/ajinusnlch/intelFPGA/19.1/nios2eds/bin/gnu/H-x86_64-pc-linux-gnu/bin/../lib/gcc/nios2-elf/8.3.1/mno-hw-mul/libgcc.a(ledf2.o)
                0x000000000800bdb8                __ltdf2
                0x000000000800bdb8                __ledf2
 .text          0x000000000800bea8      0x7e0 /home/ajinusnlch/intelFPGA/19.1/nios2eds/bin/gnu/H-x86_64-pc-linux-gnu/bin/../lib/gcc/nios2-elf/8.3.1/mno-hw-mul/libgcc.a(muldf3.o)
                0x000000000800bea8                __muldf3
 .text          0x000000000800c688      0x96c /home/ajinusnlch/intelFPGA/19.1/nios2eds/bin/gnu/H-x86_64-pc-linux-gnu/bin/../lib/gcc/nios2-elf/8.3.1/mno-hw-mul/libgcc.a(subdf3.o)
                0x000000000800c688                __subdf3
 .text          0x000000000800cff4       0x54 /home/ajinusnlch/intelFPGA/19.1/nios2eds/bin/gnu/H-x86_64-pc-linux-gnu/bin/../lib/gcc/nios2-elf/8.3.1/mno-hw-mul/libgcc.a(unorddf2.o)
                0x000000000800cff4                __unorddf2
 .text          0x000000000800d048       0x80 /home/ajinusnlch/intelFPGA/19.1/nios2eds/bin/gnu/H-x86_64-pc-linux-gnu/bin/../lib/gcc/nios2-elf/8.3.1/mno-hw-mul/libgcc.a(fixdfsi.o)
                0x000000000800d048                __fixdfsi
 .text          0x000000000800d0c8       0xc8 /home/ajinusnlch/intelFPGA/19.1/nios2eds/bin/gnu/H-x86_64-pc-linux-gnu/bin/../lib/gcc/nios2-elf/8.3.1/mno-hw-mul/libgcc.a(floatsidf.o)
                0x000000000800d0c8                __floatsidf
 .text          0x000000000800d190       0x9c /home/ajinusnlch/intelFPGA/19.1/nios2eds/bin/gnu/H-x86_64-pc-linux-gnu/bin/../lib/gcc/nios2-elf/8.3.1/mno-hw-mul/libgcc.a(floatunsidf.o)
                0x000000000800d190                __floatunsidf
 .text          0x000000000800d22c        0x0 /home/ajinusnlch/intelFPGA/19.1/nios2eds/bin/gnu/H-x86_64-pc-linux-gnu/bin/../lib/gcc/nios2-elf/8.3.1/mno-hw-mul/libgcc.a(_clz.o)
 .text          0x000000000800d22c       0x54 /home/ajinusnlch/intelFPGA/19.1/nios2eds/bin/gnu/H-x86_64-pc-linux-gnu/bin/../lib/gcc/nios2-elf/8.3.1/mno-hw-mul/libgcc.a(_clzsi2.o)
                0x000000000800d22c                __clzsi2
 .text          0x000000000800d280      0x118 ../lab71_bsp//libhal_bsp.a(alt_close.o)
                0x000000000800d2bc                close
 .text          0x000000000800d398       0x2c ../lab71_bsp//libhal_bsp.a(alt_dev.o)
 .text          0x000000000800d3c4        0x0 ../lab71_bsp//libhal_bsp.a(alt_errno.o)
 .text          0x000000000800d3c4       0xf8 ../lab71_bsp//libhal_bsp.a(alt_fstat.o)
                0x000000000800d400                fstat
 .text          0x000000000800d4bc       0xec ../lab71_bsp//libhal_bsp.a(alt_isatty.o)
                0x000000000800d4f8                isatty
 .text          0x000000000800d5a8       0xec ../lab71_bsp//libhal_bsp.a(alt_load.o)
                0x000000000800d610                alt_load
 .text          0x000000000800d694      0x11c ../lab71_bsp//libhal_bsp.a(alt_lseek.o)
                0x000000000800d6d0                lseek
 .text          0x000000000800d7b0       0x7c ../lab71_bsp//libhal_bsp.a(alt_main.o)
                0x000000000800d7b0                alt_main
 .text          0x000000000800d82c       0x48 ../lab71_bsp//libhal_bsp.a(alt_malloc_lock.o)
                0x000000000800d82c                __malloc_lock
                0x000000000800d850                __malloc_unlock
 .text          0x000000000800d874      0x144 ../lab71_bsp//libhal_bsp.a(alt_read.o)
                0x000000000800d8b0                read
 .text          0x000000000800d9b8       0x70 ../lab71_bsp//libhal_bsp.a(alt_release_fd.o)
                0x000000000800d9b8                alt_release_fd
 .text          0x000000000800da28       0xb0 ../lab71_bsp//libhal_bsp.a(alt_sbrk.o)
                0x000000000800da28                sbrk
 .text          0x000000000800dad8       0x30 ../lab71_bsp//libhal_bsp.a(alt_usleep.o)
                0x000000000800dad8                usleep
 .text          0x000000000800db08      0x140 ../lab71_bsp//libhal_bsp.a(alt_write.o)
                0x000000000800db44                write
 .text          0x000000000800dc48       0xd0 ../lab71_bsp//libhal_bsp.a(alt_sys_init.o)
                0x000000000800dc7c                alt_irq_init
                0x000000000800dcb4                alt_sys_init
 .text          0x000000000800dd18      0x164 ../lab71_bsp//libhal_bsp.a(altera_avalon_jtag_uart_fd.o)
                0x000000000800dd18                altera_avalon_jtag_uart_read_fd
                0x000000000800dd78                altera_avalon_jtag_uart_write_fd
                0x000000000800ddd8                altera_avalon_jtag_uart_close_fd
                0x000000000800de28                altera_avalon_jtag_uart_ioctl_fd
 .text          0x000000000800de7c      0x3cc ../lab71_bsp//libhal_bsp.a(altera_avalon_jtag_uart_init.o)
                0x000000000800de7c                altera_avalon_jtag_uart_init
                0x000000000800e1e0                altera_avalon_jtag_uart_close
 .text          0x000000000800e248       0xf4 ../lab71_bsp//libhal_bsp.a(altera_avalon_jtag_uart_ioctl.o)
                0x000000000800e248                altera_avalon_jtag_uart_ioctl
 .text          0x000000000800e33c      0x21c ../lab71_bsp//libhal_bsp.a(altera_avalon_jtag_uart_read.o)
                0x000000000800e33c                altera_avalon_jtag_uart_read
 .text          0x000000000800e558      0x224 ../lab71_bsp//libhal_bsp.a(altera_avalon_jtag_uart_write.o)
                0x000000000800e558                altera_avalon_jtag_uart_write
 .text          0x000000000800e77c       0xf4 ../lab71_bsp//libhal_bsp.a(altera_avalon_timer_sc.o)
                0x000000000800e7f4                alt_avalon_timer_sc_init
 .text          0x000000000800e870      0x12c ../lab71_bsp//libhal_bsp.a(alt_alarm_start.o)
                0x000000000800e870                alt_alarm_start
 .text          0x000000000800e99c      0x158 ../lab71_bsp//libhal_bsp.a(alt_busy_sleep.o)
                0x000000000800e99c                alt_busy_sleep
 .text          0x000000000800eaf4       0x20 ../lab71_bsp//libhal_bsp.a(alt_dcache_flush_all.o)
                0x000000000800eaf4                alt_dcache_flush_all
 .text          0x000000000800eb14       0xe0 ../lab71_bsp//libhal_bsp.a(alt_dev_llist_insert.o)
                0x000000000800eb50                alt_dev_llist_insert
 .text          0x000000000800ebf4       0x60 ../lab71_bsp//libhal_bsp.a(alt_do_ctors.o)
                0x000000000800ebf4                _do_ctors
 .text          0x000000000800ec54       0x60 ../lab71_bsp//libhal_bsp.a(alt_do_dtors.o)
                0x000000000800ec54                _do_dtors
 .text          0x000000000800ecb4       0x20 ../lab71_bsp//libhal_bsp.a(alt_icache_flush_all.o)
                0x000000000800ecb4                alt_icache_flush_all
 .text          0x000000000800ecd4      0x1b0 ../lab71_bsp//libhal_bsp.a(alt_iic.o)
                0x000000000800ecd4                alt_ic_isr_register
                0x000000000800ed24                alt_ic_irq_enable
                0x000000000800edac                alt_ic_irq_disable
                0x000000000800ee38                alt_ic_irq_enabled
 .text          0x000000000800ee84       0xe4 ../lab71_bsp//libhal_bsp.a(alt_iic_isr_register.o)
                0x000000000800ee84                alt_iic_isr_register
 .text          0x000000000800ef68      0x150 ../lab71_bsp//libhal_bsp.a(alt_io_redirect.o)
                0x000000000800f03c                alt_io_redirect
 .text          0x000000000800f0b8        0x0 ../lab71_bsp//libhal_bsp.a(alt_irq_entry.o)
 .text          0x000000000800f0b8        0x0 ../lab71_bsp//libhal_bsp.a(alt_irq_handler.o)
 .text          0x000000000800f0b8        0x0 ../lab71_bsp//libhal_bsp.a(alt_irq_vars.o)
 .text          0x000000000800f0b8      0x278 ../lab71_bsp//libhal_bsp.a(alt_open.o)
                0x000000000800f1d0                open
 .text          0x000000000800f330      0x1a4 ../lab71_bsp//libhal_bsp.a(alt_tick.o)
                0x000000000800f330                alt_alarm_stop
                0x000000000800f3cc                alt_tick
 .text          0x000000000800f4d4       0x24 ../lab71_bsp//libhal_bsp.a(altera_nios2_gen2_irq.o)
                0x000000000800f4d4                altera_nios2_gen2_irq_init
 .text          0x000000000800f4f8        0x0 ../lab71_bsp//libhal_bsp.a(alt_exception_entry.o)
 .text          0x000000000800f4f8       0x90 ../lab71_bsp//libhal_bsp.a(alt_find_dev.o)
                0x000000000800f4f8                alt_find_dev
 .text          0x000000000800f588      0x108 ../lab71_bsp//libhal_bsp.a(alt_find_file.o)
                0x000000000800f588                alt_find_file
 .text          0x000000000800f690       0xb8 ../lab71_bsp//libhal_bsp.a(alt_get_fd.o)
                0x000000000800f690                alt_get_fd
 .text          0x000000000800f748       0x98 ../lab71_bsp//libhal_bsp.a(alt_instruction_exception_entry.o)
                0x000000000800f748                alt_exception_cause_generated_bad_addr
 .text          0x000000000800f7e0        0x0 /home/ajinusnlch/intelFPGA/19.1/nios2eds/bin/gnu/H-x86_64-pc-linux-gnu/bin/../lib/gcc/nios2-elf/8.3.1/../../../../../H-x86_64-pc-linux-gnu/nios2-elf/lib/mno-hw-mul/libc.a(lib_a-atexit.o)
 .text.atexit   0x000000000800f7e0       0x14 /home/ajinusnlch/intelFPGA/19.1/nios2eds/bin/gnu/H-x86_64-pc-linux-gnu/bin/../lib/gcc/nios2-elf/8.3.1/../../../../../H-x86_64-pc-linux-gnu/nios2-elf/lib/mno-hw-mul/libc.a(lib_a-atexit.o)
                0x000000000800f7e0                atexit
 .text          0x000000000800f7f4        0x0 /home/ajinusnlch/intelFPGA/19.1/nios2eds/bin/gnu/H-x86_64-pc-linux-gnu/bin/../lib/gcc/nios2-elf/8.3.1/../../../../../H-x86_64-pc-linux-gnu/nios2-elf/lib/mno-hw-mul/libc.a(lib_a-exit.o)
 .text.exit     0x000000000800f7f4       0x34 /home/ajinusnlch/intelFPGA/19.1/nios2eds/bin/gnu/H-x86_64-pc-linux-gnu/bin/../lib/gcc/nios2-elf/8.3.1/../../../../../H-x86_64-pc-linux-gnu/nios2-elf/lib/mno-hw-mul/libc.a(lib_a-exit.o)
                0x000000000800f7f4                exit
 .text          0x000000000800f828        0x0 /home/ajinusnlch/intelFPGA/19.1/nios2eds/bin/gnu/H-x86_64-pc-linux-gnu/bin/../lib/gcc/nios2-elf/8.3.1/../../../../../H-x86_64-pc-linux-gnu/nios2-elf/lib/mno-hw-mul/libc.a(lib_a-memcmp.o)
 .text.memcmp   0x000000000800f828       0x8c /home/ajinusnlch/intelFPGA/19.1/nios2eds/bin/gnu/H-x86_64-pc-linux-gnu/bin/../lib/gcc/nios2-elf/8.3.1/../../../../../H-x86_64-pc-linux-gnu/nios2-elf/lib/mno-hw-mul/libc.a(lib_a-memcmp.o)
                0x000000000800f828                memcmp
 .text          0x000000000800f8b4        0x0 /home/ajinusnlch/intelFPGA/19.1/nios2eds/bin/gnu/H-x86_64-pc-linux-gnu/bin/../lib/gcc/nios2-elf/8.3.1/../../../../../H-x86_64-pc-linux-gnu/nios2-elf/lib/mno-hw-mul/libc.a(lib_a-__atexit.o)
 .text.__register_exitproc
                0x000000000800f8b4       0x90 /home/ajinusnlch/intelFPGA/19.1/nios2eds/bin/gnu/H-x86_64-pc-linux-gnu/bin/../lib/gcc/nios2-elf/8.3.1/../../../../../H-x86_64-pc-linux-gnu/nios2-elf/lib/mno-hw-mul/libc.a(lib_a-__atexit.o)
                0x000000000800f8b4                __register_exitproc
 .text          0x000000000800f944        0x0 /home/ajinusnlch/intelFPGA/19.1/nios2eds/bin/gnu/H-x86_64-pc-linux-gnu/bin/../lib/gcc/nios2-elf/8.3.1/../../../../../H-x86_64-pc-linux-gnu/nios2-elf/lib/mno-hw-mul/libc.a(lib_a-__call_atexit.o)
 .text.__call_exitprocs
                0x000000000800f944      0x118 /home/ajinusnlch/intelFPGA/19.1/nios2eds/bin/gnu/H-x86_64-pc-linux-gnu/bin/../lib/gcc/nios2-elf/8.3.1/../../../../../H-x86_64-pc-linux-gnu/nios2-elf/lib/mno-hw-mul/libc.a(lib_a-__call_atexit.o)
                0x000000000800f944                __call_exitprocs
 .text          0x000000000800fa5c       0x34 ../lab71_bsp//libhal_bsp.a(alt_exit.o)
                0x000000000800fa5c                _exit
 *(.gnu.warning.*)
 *(.fini)
                [!provide]                        PROVIDE (__etext = ABSOLUTE (.))
                [!provide]                        PROVIDE (_etext = ABSOLUTE (.))
                [!provide]                        PROVIDE (etext = ABSOLUTE (.))
 *(.eh_frame_hdr)
                0x000000000800fa90                . = ALIGN (0x4)
                [!provide]                        PROVIDE (__preinit_array_start = ABSOLUTE (.))
 *(.preinit_array)
                [!provide]                        PROVIDE (__preinit_array_end = ABSOLUTE (.))
                [!provide]                        PROVIDE (__init_array_start = ABSOLUTE (.))
 *(.init_array)
                [!provide]                        PROVIDE (__init_array_end = ABSOLUTE (.))
                [!provide]                        PROVIDE (__fini_array_start = ABSOLUTE (.))
 *(.fini_array)
                [!provide]                        PROVIDE (__fini_array_end = ABSOLUTE (.))
 *(.eh_frame)
 *(.gcc_except_table .gcc_except_table.*)
 *(.dynamic)
                0x000000000800fa90                PROVIDE (__CTOR_LIST__ = ABSOLUTE (.))
 *(.ctors)
 *(SORT_BY_NAME(.ctors.*))
                0x000000000800fa90                PROVIDE (__CTOR_END__ = ABSOLUTE (.))
                0x000000000800fa90                PROVIDE (__DTOR_LIST__ = ABSOLUTE (.))
 *(.dtors)
 *(SORT_BY_NAME(.dtors.*))
                0x000000000800fa90                PROVIDE (__DTOR_END__ = ABSOLUTE (.))
 *(.jcr)
                0x000000000800fa90                . = ALIGN (0x4)

.rodata         0x000000000800fa90      0x6bc
                0x000000000800fa90                PROVIDE (__ram_rodata_start = ABSOLUTE (.))
                0x000000000800fa90                . = ALIGN (0x4)
 *(.rodata .rodata.* .gnu.linkonce.r.*)
 .rodata        0x000000000800fa90      0x13a obj/default/text_mode_vga.o
 *fill*         0x000000000800fbca        0x2 
 .rodata.___vfprintf_internal_r.str1.4
                0x000000000800fbcc       0x42 /home/ajinusnlch/intelFPGA/19.1/nios2eds/bin/gnu/H-x86_64-pc-linux-gnu/bin/../lib/gcc/nios2-elf/8.3.1/../../../../../H-x86_64-pc-linux-gnu/nios2-elf/lib/mno-hw-mul/libc.a(lib_a-vfprintf.o)
 .rodata.zeroes.5227
                0x000000000800fc0e       0x10 /home/ajinusnlch/intelFPGA/19.1/nios2eds/bin/gnu/H-x86_64-pc-linux-gnu/bin/../lib/gcc/nios2-elf/8.3.1/../../../../../H-x86_64-pc-linux-gnu/nios2-elf/lib/mno-hw-mul/libc.a(lib_a-vfprintf.o)
 .rodata.blanks.5226
                0x000000000800fc1e       0x10 /home/ajinusnlch/intelFPGA/19.1/nios2eds/bin/gnu/H-x86_64-pc-linux-gnu/bin/../lib/gcc/nios2-elf/8.3.1/../../../../../H-x86_64-pc-linux-gnu/nios2-elf/lib/mno-hw-mul/libc.a(lib_a-vfprintf.o)
 *fill*         0x000000000800fc2e        0x2 
 .rodata._dtoa_r.str1.4
                0x000000000800fc30        0xd /home/ajinusnlch/intelFPGA/19.1/nios2eds/bin/gnu/H-x86_64-pc-linux-gnu/bin/../lib/gcc/nios2-elf/8.3.1/../../../../../H-x86_64-pc-linux-gnu/nios2-elf/lib/mno-hw-mul/libc.a(lib_a-dtoa.o)
                                         0x12 (size before relaxing)
 *fill*         0x000000000800fc3d        0x3 
 .rodata.p05.4024
                0x000000000800fc40        0xc /home/ajinusnlch/intelFPGA/19.1/nios2eds/bin/gnu/H-x86_64-pc-linux-gnu/bin/../lib/gcc/nios2-elf/8.3.1/../../../../../H-x86_64-pc-linux-gnu/nios2-elf/lib/mno-hw-mul/libc.a(lib_a-mprec.o)
 .rodata.__mprec_tinytens
                0x000000000800fc4c       0x28 /home/ajinusnlch/intelFPGA/19.1/nios2eds/bin/gnu/H-x86_64-pc-linux-gnu/bin/../lib/gcc/nios2-elf/8.3.1/../../../../../H-x86_64-pc-linux-gnu/nios2-elf/lib/mno-hw-mul/libc.a(lib_a-mprec.o)
                0x000000000800fc4c                __mprec_tinytens
 .rodata.__mprec_bigtens
                0x000000000800fc74       0x28 /home/ajinusnlch/intelFPGA/19.1/nios2eds/bin/gnu/H-x86_64-pc-linux-gnu/bin/../lib/gcc/nios2-elf/8.3.1/../../../../../H-x86_64-pc-linux-gnu/nios2-elf/lib/mno-hw-mul/libc.a(lib_a-mprec.o)
                0x000000000800fc74                __mprec_bigtens
 .rodata.__mprec_tens
                0x000000000800fc9c       0xc8 /home/ajinusnlch/intelFPGA/19.1/nios2eds/bin/gnu/H-x86_64-pc-linux-gnu/bin/../lib/gcc/nios2-elf/8.3.1/../../../../../H-x86_64-pc-linux-gnu/nios2-elf/lib/mno-hw-mul/libc.a(lib_a-mprec.o)
                0x000000000800fc9c                __mprec_tens
 .rodata.___vfiprintf_internal_r.str1.4
                0x000000000800fd64       0x2f /home/ajinusnlch/intelFPGA/19.1/nios2eds/bin/gnu/H-x86_64-pc-linux-gnu/bin/../lib/gcc/nios2-elf/8.3.1/../../../../../H-x86_64-pc-linux-gnu/nios2-elf/lib/mno-hw-mul/libc.a(lib_a-vfiprintf.o)
 .rodata.zeroes.5204
                0x000000000800fd64       0x10 /home/ajinusnlch/intelFPGA/19.1/nios2eds/bin/gnu/H-x86_64-pc-linux-gnu/bin/../lib/gcc/nios2-elf/8.3.1/../../../../../H-x86_64-pc-linux-gnu/nios2-elf/lib/mno-hw-mul/libc.a(lib_a-vfiprintf.o)
 .rodata.blanks.5203
                0x000000000800fd74       0x10 /home/ajinusnlch/intelFPGA/19.1/nios2eds/bin/gnu/H-x86_64-pc-linux-gnu/bin/../lib/gcc/nios2-elf/8.3.1/../../../../../H-x86_64-pc-linux-gnu/nios2-elf/lib/mno-hw-mul/libc.a(lib_a-vfiprintf.o)
 .rodata._setlocale_r.str1.4
                0x000000000800fd84        0xa /home/ajinusnlch/intelFPGA/19.1/nios2eds/bin/gnu/H-x86_64-pc-linux-gnu/bin/../lib/gcc/nios2-elf/8.3.1/../../../../../H-x86_64-pc-linux-gnu/nios2-elf/lib/mno-hw-mul/libc.a(lib_a-locale.o)
 *fill*         0x000000000800fd8e        0x2 
 .rodata.str1.4
                0x000000000800fd90        0x4 /home/ajinusnlch/intelFPGA/19.1/nios2eds/bin/gnu/H-x86_64-pc-linux-gnu/bin/../lib/gcc/nios2-elf/8.3.1/../../../../../H-x86_64-pc-linux-gnu/nios2-elf/lib/mno-hw-mul/libc.a(lib_a-locale.o)
                                          0x5 (size before relaxing)
 .rodata._ctype_
                0x000000000800fd94      0x101 /home/ajinusnlch/intelFPGA/19.1/nios2eds/bin/gnu/H-x86_64-pc-linux-gnu/bin/../lib/gcc/nios2-elf/8.3.1/../../../../../H-x86_64-pc-linux-gnu/nios2-elf/lib/mno-hw-mul/libc.a(lib_a-ctype_.o)
                0x000000000800fd94                _ctype_
 .rodata._ctype_b
                0x000000000800fe95      0x180 /home/ajinusnlch/intelFPGA/19.1/nios2eds/bin/gnu/H-x86_64-pc-linux-gnu/bin/../lib/gcc/nios2-elf/8.3.1/../../../../../H-x86_64-pc-linux-gnu/nios2-elf/lib/mno-hw-mul/libc.a(lib_a-ctype_.o)
                0x000000000800fe95                _ctype_b
 .rodata        0x0000000008010015      0x100 /home/ajinusnlch/intelFPGA/19.1/nios2eds/bin/gnu/H-x86_64-pc-linux-gnu/bin/../lib/gcc/nios2-elf/8.3.1/mno-hw-mul/libgcc.a(_clz.o)
                0x0000000008010015                __clz_tab
 *fill*         0x0000000008010115        0x3 
 .rodata        0x0000000008010118        0xa ../lab71_bsp//libhal_bsp.a(alt_dev.o)
 *fill*         0x0000000008010122        0x2 
 .rodata        0x0000000008010124       0x11 ../lab71_bsp//libhal_bsp.a(alt_main.o)
 *fill*         0x0000000008010135        0x3 
 .rodata        0x0000000008010138       0x11 ../lab71_bsp//libhal_bsp.a(alt_sys_init.o)
 *(.rodata1)
                0x000000000801014c                . = ALIGN (0x4)
 *fill*         0x0000000008010149        0x3 
                0x000000000801014c                PROVIDE (__ram_rodata_end = ABSOLUTE (.))
                0x000000000800fa90                PROVIDE (__flash_rodata_start = LOADADDR (.rodata))

.rwdata         0x000000000801014c     0x1bdc load address 0x0000000008011d28
                0x000000000801014c                PROVIDE (__ram_rwdata_start = ABSOLUTE (.))
                0x000000000801014c                . = ALIGN (0x4)
 *(.got.plt)
 *(.got)
 *(.data1)
 *(.data .data.* .gnu.linkonce.d.*)
 .data          0x000000000801014c        0x0 ../lab71_bsp//obj/HAL/src/crt0.o
 .data          0x000000000801014c        0x0 obj/default/text_mode_vga.o
 .data          0x000000000801014c        0x0 /home/ajinusnlch/intelFPGA/19.1/nios2eds/bin/gnu/H-x86_64-pc-linux-gnu/bin/../lib/gcc/nios2-elf/8.3.1/mno-hw-mul/libgcc.a(lib2-mul.o)
 .data          0x000000000801014c        0x0 /home/ajinusnlch/intelFPGA/19.1/nios2eds/bin/gnu/H-x86_64-pc-linux-gnu/bin/../lib/gcc/nios2-elf/8.3.1/../../../../../H-x86_64-pc-linux-gnu/nios2-elf/lib/mno-hw-mul/libc.a(lib_a-memcpy.o)
 .data          0x000000000801014c        0x0 /home/ajinusnlch/intelFPGA/19.1/nios2eds/bin/gnu/H-x86_64-pc-linux-gnu/bin/../lib/gcc/nios2-elf/8.3.1/../../../../../H-x86_64-pc-linux-gnu/nios2-elf/lib/mno-hw-mul/libc.a(lib_a-printf.o)
 .data          0x000000000801014c        0x0 /home/ajinusnlch/intelFPGA/19.1/nios2eds/bin/gnu/H-x86_64-pc-linux-gnu/bin/../lib/gcc/nios2-elf/8.3.1/../../../../../H-x86_64-pc-linux-gnu/nios2-elf/lib/mno-hw-mul/libc.a(lib_a-vfprintf.o)
 .data          0x000000000801014c        0x0 /home/ajinusnlch/intelFPGA/19.1/nios2eds/bin/gnu/H-x86_64-pc-linux-gnu/bin/../lib/gcc/nios2-elf/8.3.1/../../../../../H-x86_64-pc-linux-gnu/nios2-elf/lib/mno-hw-mul/libc.a(lib_a-wsetup.o)
 .data          0x000000000801014c        0x0 /home/ajinusnlch/intelFPGA/19.1/nios2eds/bin/gnu/H-x86_64-pc-linux-gnu/bin/../lib/gcc/nios2-elf/8.3.1/../../../../../H-x86_64-pc-linux-gnu/nios2-elf/lib/mno-hw-mul/libc.a(lib_a-dtoa.o)
 .data          0x000000000801014c        0x0 /home/ajinusnlch/intelFPGA/19.1/nios2eds/bin/gnu/H-x86_64-pc-linux-gnu/bin/../lib/gcc/nios2-elf/8.3.1/../../../../../H-x86_64-pc-linux-gnu/nios2-elf/lib/mno-hw-mul/libc.a(lib_a-fflush.o)
 .data          0x000000000801014c        0x0 /home/ajinusnlch/intelFPGA/19.1/nios2eds/bin/gnu/H-x86_64-pc-linux-gnu/bin/../lib/gcc/nios2-elf/8.3.1/../../../../../H-x86_64-pc-linux-gnu/nios2-elf/lib/mno-hw-mul/libc.a(lib_a-findfp.o)
 .data          0x000000000801014c        0x0 /home/ajinusnlch/intelFPGA/19.1/nios2eds/bin/gnu/H-x86_64-pc-linux-gnu/bin/../lib/gcc/nios2-elf/8.3.1/../../../../../H-x86_64-pc-linux-gnu/nios2-elf/lib/mno-hw-mul/libc.a(lib_a-freer.o)
 .data          0x000000000801014c        0x0 /home/ajinusnlch/intelFPGA/19.1/nios2eds/bin/gnu/H-x86_64-pc-linux-gnu/bin/../lib/gcc/nios2-elf/8.3.1/../../../../../H-x86_64-pc-linux-gnu/nios2-elf/lib/mno-hw-mul/libc.a(lib_a-fwalk.o)
 .data          0x000000000801014c        0x0 /home/ajinusnlch/intelFPGA/19.1/nios2eds/bin/gnu/H-x86_64-pc-linux-gnu/bin/../lib/gcc/nios2-elf/8.3.1/../../../../../H-x86_64-pc-linux-gnu/nios2-elf/lib/mno-hw-mul/libc.a(lib_a-impure.o)
 .data.impure_data
                0x000000000801014c      0x424 /home/ajinusnlch/intelFPGA/19.1/nios2eds/bin/gnu/H-x86_64-pc-linux-gnu/bin/../lib/gcc/nios2-elf/8.3.1/../../../../../H-x86_64-pc-linux-gnu/nios2-elf/lib/mno-hw-mul/libc.a(lib_a-impure.o)
 .data          0x0000000008010570        0x0 /home/ajinusnlch/intelFPGA/19.1/nios2eds/bin/gnu/H-x86_64-pc-linux-gnu/bin/../lib/gcc/nios2-elf/8.3.1/../../../../../H-x86_64-pc-linux-gnu/nios2-elf/lib/mno-hw-mul/libc.a(lib_a-localeconv.o)
 .data          0x0000000008010570        0x0 /home/ajinusnlch/intelFPGA/19.1/nios2eds/bin/gnu/H-x86_64-pc-linux-gnu/bin/../lib/gcc/nios2-elf/8.3.1/../../../../../H-x86_64-pc-linux-gnu/nios2-elf/lib/mno-hw-mul/libc.a(lib_a-makebuf.o)
 .data          0x0000000008010570        0x0 /home/ajinusnlch/intelFPGA/19.1/nios2eds/bin/gnu/H-x86_64-pc-linux-gnu/bin/../lib/gcc/nios2-elf/8.3.1/../../../../../H-x86_64-pc-linux-gnu/nios2-elf/lib/mno-hw-mul/libc.a(lib_a-mallocr.o)
 .data.__malloc_av_
                0x0000000008010570      0x408 /home/ajinusnlch/intelFPGA/19.1/nios2eds/bin/gnu/H-x86_64-pc-linux-gnu/bin/../lib/gcc/nios2-elf/8.3.1/../../../../../H-x86_64-pc-linux-gnu/nios2-elf/lib/mno-hw-mul/libc.a(lib_a-mallocr.o)
                0x0000000008010570                __malloc_av_
 .data          0x0000000008010978        0x0 /home/ajinusnlch/intelFPGA/19.1/nios2eds/bin/gnu/H-x86_64-pc-linux-gnu/bin/../lib/gcc/nios2-elf/8.3.1/../../../../../H-x86_64-pc-linux-gnu/nios2-elf/lib/mno-hw-mul/libc.a(lib_a-memchr.o)
 .data          0x0000000008010978        0x0 /home/ajinusnlch/intelFPGA/19.1/nios2eds/bin/gnu/H-x86_64-pc-linux-gnu/bin/../lib/gcc/nios2-elf/8.3.1/../../../../../H-x86_64-pc-linux-gnu/nios2-elf/lib/mno-hw-mul/libc.a(lib_a-memset.o)
 .data          0x0000000008010978        0x0 /home/ajinusnlch/intelFPGA/19.1/nios2eds/bin/gnu/H-x86_64-pc-linux-gnu/bin/../lib/gcc/nios2-elf/8.3.1/../../../../../H-x86_64-pc-linux-gnu/nios2-elf/lib/mno-hw-mul/libc.a(lib_a-mprec.o)
 .data          0x0000000008010978        0x0 /home/ajinusnlch/intelFPGA/19.1/nios2eds/bin/gnu/H-x86_64-pc-linux-gnu/bin/../lib/gcc/nios2-elf/8.3.1/../../../../../H-x86_64-pc-linux-gnu/nios2-elf/lib/mno-hw-mul/libc.a(lib_a-sbrkr.o)
 .data          0x0000000008010978        0x0 /home/ajinusnlch/intelFPGA/19.1/nios2eds/bin/gnu/H-x86_64-pc-linux-gnu/bin/../lib/gcc/nios2-elf/8.3.1/../../../../../H-x86_64-pc-linux-gnu/nios2-elf/lib/mno-hw-mul/libc.a(lib_a-stdio.o)
 .data          0x0000000008010978        0x0 /home/ajinusnlch/intelFPGA/19.1/nios2eds/bin/gnu/H-x86_64-pc-linux-gnu/bin/../lib/gcc/nios2-elf/8.3.1/../../../../../H-x86_64-pc-linux-gnu/nios2-elf/lib/mno-hw-mul/libc.a(lib_a-strlen.o)
 .data          0x0000000008010978        0x0 /home/ajinusnlch/intelFPGA/19.1/nios2eds/bin/gnu/H-x86_64-pc-linux-gnu/bin/../lib/gcc/nios2-elf/8.3.1/../../../../../H-x86_64-pc-linux-gnu/nios2-elf/lib/mno-hw-mul/libc.a(lib_a-vfiprintf.o)
 .data          0x0000000008010978        0x0 /home/ajinusnlch/intelFPGA/19.1/nios2eds/bin/gnu/H-x86_64-pc-linux-gnu/bin/../lib/gcc/nios2-elf/8.3.1/../../../../../H-x86_64-pc-linux-gnu/nios2-elf/lib/mno-hw-mul/libc.a(lib_a-writer.o)
 .data          0x0000000008010978        0x0 /home/ajinusnlch/intelFPGA/19.1/nios2eds/bin/gnu/H-x86_64-pc-linux-gnu/bin/../lib/gcc/nios2-elf/8.3.1/../../../../../H-x86_64-pc-linux-gnu/nios2-elf/lib/mno-hw-mul/libc.a(closer.o)
 .data          0x0000000008010978        0x0 /home/ajinusnlch/intelFPGA/19.1/nios2eds/bin/gnu/H-x86_64-pc-linux-gnu/bin/../lib/gcc/nios2-elf/8.3.1/../../../../../H-x86_64-pc-linux-gnu/nios2-elf/lib/mno-hw-mul/libc.a(lib_a-callocr.o)
 .data          0x0000000008010978        0x0 /home/ajinusnlch/intelFPGA/19.1/nios2eds/bin/gnu/H-x86_64-pc-linux-gnu/bin/../lib/gcc/nios2-elf/8.3.1/../../../../../H-x86_64-pc-linux-gnu/nios2-elf/lib/mno-hw-mul/libc.a(lib_a-fclose.o)
 .data          0x0000000008010978        0x0 /home/ajinusnlch/intelFPGA/19.1/nios2eds/bin/gnu/H-x86_64-pc-linux-gnu/bin/../lib/gcc/nios2-elf/8.3.1/../../../../../H-x86_64-pc-linux-gnu/nios2-elf/lib/mno-hw-mul/libc.a(lib_a-fputwc.o)
 .data          0x0000000008010978        0x0 /home/ajinusnlch/intelFPGA/19.1/nios2eds/bin/gnu/H-x86_64-pc-linux-gnu/bin/../lib/gcc/nios2-elf/8.3.1/../../../../../H-x86_64-pc-linux-gnu/nios2-elf/lib/mno-hw-mul/libc.a(lib_a-fstatr.o)
 .data          0x0000000008010978        0x0 /home/ajinusnlch/intelFPGA/19.1/nios2eds/bin/gnu/H-x86_64-pc-linux-gnu/bin/../lib/gcc/nios2-elf/8.3.1/../../../../../H-x86_64-pc-linux-gnu/nios2-elf/lib/mno-hw-mul/libc.a(lib_a-fvwrite.o)
 .data          0x0000000008010978        0x0 /home/ajinusnlch/intelFPGA/19.1/nios2eds/bin/gnu/H-x86_64-pc-linux-gnu/bin/../lib/gcc/nios2-elf/8.3.1/../../../../../H-x86_64-pc-linux-gnu/nios2-elf/lib/mno-hw-mul/libc.a(lib_a-int_errno.o)
 .data          0x0000000008010978        0x0 /home/ajinusnlch/intelFPGA/19.1/nios2eds/bin/gnu/H-x86_64-pc-linux-gnu/bin/../lib/gcc/nios2-elf/8.3.1/../../../../../H-x86_64-pc-linux-gnu/nios2-elf/lib/mno-hw-mul/libc.a(lib_a-isattyr.o)
 .data          0x0000000008010978        0x0 /home/ajinusnlch/intelFPGA/19.1/nios2eds/bin/gnu/H-x86_64-pc-linux-gnu/bin/../lib/gcc/nios2-elf/8.3.1/../../../../../H-x86_64-pc-linux-gnu/nios2-elf/lib/mno-hw-mul/libc.a(lib_a-locale.o)
 .data.__global_locale
                0x0000000008010978      0x16c /home/ajinusnlch/intelFPGA/19.1/nios2eds/bin/gnu/H-x86_64-pc-linux-gnu/bin/../lib/gcc/nios2-elf/8.3.1/../../../../../H-x86_64-pc-linux-gnu/nios2-elf/lib/mno-hw-mul/libc.a(lib_a-locale.o)
                0x0000000008010978                __global_locale
 .data          0x0000000008010ae4        0x0 /home/ajinusnlch/intelFPGA/19.1/nios2eds/bin/gnu/H-x86_64-pc-linux-gnu/bin/../lib/gcc/nios2-elf/8.3.1/../../../../../H-x86_64-pc-linux-gnu/nios2-elf/lib/mno-hw-mul/libc.a(lib_a-lseekr.o)
 .data          0x0000000008010ae4        0x0 /home/ajinusnlch/intelFPGA/19.1/nios2eds/bin/gnu/H-x86_64-pc-linux-gnu/bin/../lib/gcc/nios2-elf/8.3.1/../../../../../H-x86_64-pc-linux-gnu/nios2-elf/lib/mno-hw-mul/libc.a(lib_a-mbtowc_r.o)
 .data          0x0000000008010ae4        0x0 /home/ajinusnlch/intelFPGA/19.1/nios2eds/bin/gnu/H-x86_64-pc-linux-gnu/bin/../lib/gcc/nios2-elf/8.3.1/../../../../../H-x86_64-pc-linux-gnu/nios2-elf/lib/mno-hw-mul/libc.a(lib_a-memmove.o)
 .data          0x0000000008010ae4        0x0 /home/ajinusnlch/intelFPGA/19.1/nios2eds/bin/gnu/H-x86_64-pc-linux-gnu/bin/../lib/gcc/nios2-elf/8.3.1/../../../../../H-x86_64-pc-linux-gnu/nios2-elf/lib/mno-hw-mul/libc.a(lib_a-readr.o)
 .data          0x0000000008010ae4        0x0 /home/ajinusnlch/intelFPGA/19.1/nios2eds/bin/gnu/H-x86_64-pc-linux-gnu/bin/../lib/gcc/nios2-elf/8.3.1/../../../../../H-x86_64-pc-linux-gnu/nios2-elf/lib/mno-hw-mul/libc.a(lib_a-reallocr.o)
 .data          0x0000000008010ae4        0x0 /home/ajinusnlch/intelFPGA/19.1/nios2eds/bin/gnu/H-x86_64-pc-linux-gnu/bin/../lib/gcc/nios2-elf/8.3.1/../../../../../H-x86_64-pc-linux-gnu/nios2-elf/lib/mno-hw-mul/libc.a(lib_a-strcmp.o)
 .data          0x0000000008010ae4        0x0 /home/ajinusnlch/intelFPGA/19.1/nios2eds/bin/gnu/H-x86_64-pc-linux-gnu/bin/../lib/gcc/nios2-elf/8.3.1/../../../../../H-x86_64-pc-linux-gnu/nios2-elf/lib/mno-hw-mul/libc.a(lib_a-wbuf.o)
 .data          0x0000000008010ae4        0x0 /home/ajinusnlch/intelFPGA/19.1/nios2eds/bin/gnu/H-x86_64-pc-linux-gnu/bin/../lib/gcc/nios2-elf/8.3.1/../../../../../H-x86_64-pc-linux-gnu/nios2-elf/lib/mno-hw-mul/libc.a(lib_a-wcrtomb.o)
 .data          0x0000000008010ae4        0x0 /home/ajinusnlch/intelFPGA/19.1/nios2eds/bin/gnu/H-x86_64-pc-linux-gnu/bin/../lib/gcc/nios2-elf/8.3.1/../../../../../H-x86_64-pc-linux-gnu/nios2-elf/lib/mno-hw-mul/libc.a(lib_a-wctomb_r.o)
 .data          0x0000000008010ae4        0x0 /home/ajinusnlch/intelFPGA/19.1/nios2eds/bin/gnu/H-x86_64-pc-linux-gnu/bin/../lib/gcc/nios2-elf/8.3.1/../../../../../H-x86_64-pc-linux-gnu/nios2-elf/lib/mno-hw-mul/libc.a(lib_a-ctype_.o)
 .data          0x0000000008010ae4        0x0 /home/ajinusnlch/intelFPGA/19.1/nios2eds/bin/gnu/H-x86_64-pc-linux-gnu/bin/../lib/gcc/nios2-elf/8.3.1/mno-hw-mul/libgcc.a(_udivdi3.o)
 .data          0x0000000008010ae4        0x0 /home/ajinusnlch/intelFPGA/19.1/nios2eds/bin/gnu/H-x86_64-pc-linux-gnu/bin/../lib/gcc/nios2-elf/8.3.1/mno-hw-mul/libgcc.a(_umoddi3.o)
 .data          0x0000000008010ae4        0x0 /home/ajinusnlch/intelFPGA/19.1/nios2eds/bin/gnu/H-x86_64-pc-linux-gnu/bin/../lib/gcc/nios2-elf/8.3.1/mno-hw-mul/libgcc.a(lib2-divmod.o)
 .data          0x0000000008010ae4        0x0 /home/ajinusnlch/intelFPGA/19.1/nios2eds/bin/gnu/H-x86_64-pc-linux-gnu/bin/../lib/gcc/nios2-elf/8.3.1/mno-hw-mul/libgcc.a(adddf3.o)
 .data          0x0000000008010ae4        0x0 /home/ajinusnlch/intelFPGA/19.1/nios2eds/bin/gnu/H-x86_64-pc-linux-gnu/bin/../lib/gcc/nios2-elf/8.3.1/mno-hw-mul/libgcc.a(divdf3.o)
 .data          0x0000000008010ae4        0x0 /home/ajinusnlch/intelFPGA/19.1/nios2eds/bin/gnu/H-x86_64-pc-linux-gnu/bin/../lib/gcc/nios2-elf/8.3.1/mno-hw-mul/libgcc.a(eqdf2.o)
 .data          0x0000000008010ae4        0x0 /home/ajinusnlch/intelFPGA/19.1/nios2eds/bin/gnu/H-x86_64-pc-linux-gnu/bin/../lib/gcc/nios2-elf/8.3.1/mno-hw-mul/libgcc.a(gedf2.o)
 .data          0x0000000008010ae4        0x0 /home/ajinusnlch/intelFPGA/19.1/nios2eds/bin/gnu/H-x86_64-pc-linux-gnu/bin/../lib/gcc/nios2-elf/8.3.1/mno-hw-mul/libgcc.a(ledf2.o)
 .data          0x0000000008010ae4        0x0 /home/ajinusnlch/intelFPGA/19.1/nios2eds/bin/gnu/H-x86_64-pc-linux-gnu/bin/../lib/gcc/nios2-elf/8.3.1/mno-hw-mul/libgcc.a(muldf3.o)
 .data          0x0000000008010ae4        0x0 /home/ajinusnlch/intelFPGA/19.1/nios2eds/bin/gnu/H-x86_64-pc-linux-gnu/bin/../lib/gcc/nios2-elf/8.3.1/mno-hw-mul/libgcc.a(subdf3.o)
 .data          0x0000000008010ae4        0x0 /home/ajinusnlch/intelFPGA/19.1/nios2eds/bin/gnu/H-x86_64-pc-linux-gnu/bin/../lib/gcc/nios2-elf/8.3.1/mno-hw-mul/libgcc.a(unorddf2.o)
 .data          0x0000000008010ae4        0x0 /home/ajinusnlch/intelFPGA/19.1/nios2eds/bin/gnu/H-x86_64-pc-linux-gnu/bin/../lib/gcc/nios2-elf/8.3.1/mno-hw-mul/libgcc.a(fixdfsi.o)
 .data          0x0000000008010ae4        0x0 /home/ajinusnlch/intelFPGA/19.1/nios2eds/bin/gnu/H-x86_64-pc-linux-gnu/bin/../lib/gcc/nios2-elf/8.3.1/mno-hw-mul/libgcc.a(floatsidf.o)
 .data          0x0000000008010ae4        0x0 /home/ajinusnlch/intelFPGA/19.1/nios2eds/bin/gnu/H-x86_64-pc-linux-gnu/bin/../lib/gcc/nios2-elf/8.3.1/mno-hw-mul/libgcc.a(floatunsidf.o)
 .data          0x0000000008010ae4        0x0 /home/ajinusnlch/intelFPGA/19.1/nios2eds/bin/gnu/H-x86_64-pc-linux-gnu/bin/../lib/gcc/nios2-elf/8.3.1/mno-hw-mul/libgcc.a(_clz.o)
 .data          0x0000000008010ae4        0x0 /home/ajinusnlch/intelFPGA/19.1/nios2eds/bin/gnu/H-x86_64-pc-linux-gnu/bin/../lib/gcc/nios2-elf/8.3.1/mno-hw-mul/libgcc.a(_clzsi2.o)
 .data          0x0000000008010ae4        0x0 ../lab71_bsp//libhal_bsp.a(alt_close.o)
 .data          0x0000000008010ae4      0x1a8 ../lab71_bsp//libhal_bsp.a(alt_dev.o)
                0x0000000008010ae4                alt_dev_null
                0x0000000008010b0c                alt_fd_list
 .data          0x0000000008010c8c        0x0 ../lab71_bsp//libhal_bsp.a(alt_errno.o)
 .data          0x0000000008010c8c        0x0 ../lab71_bsp//libhal_bsp.a(alt_fstat.o)
 .data          0x0000000008010c8c        0x0 ../lab71_bsp//libhal_bsp.a(alt_isatty.o)
 .data          0x0000000008010c8c        0x0 ../lab71_bsp//libhal_bsp.a(alt_load.o)
 .data          0x0000000008010c8c        0x0 ../lab71_bsp//libhal_bsp.a(alt_lseek.o)
 .data          0x0000000008010c8c        0x0 ../lab71_bsp//libhal_bsp.a(alt_main.o)
 .data          0x0000000008010c8c        0x0 ../lab71_bsp//libhal_bsp.a(alt_malloc_lock.o)
 .data          0x0000000008010c8c        0x0 ../lab71_bsp//libhal_bsp.a(alt_read.o)
 .data          0x0000000008010c8c        0x0 ../lab71_bsp//libhal_bsp.a(alt_release_fd.o)
 .data          0x0000000008010c8c        0x0 ../lab71_bsp//libhal_bsp.a(alt_sbrk.o)
 .data          0x0000000008010c8c        0x0 ../lab71_bsp//libhal_bsp.a(alt_usleep.o)
 .data          0x0000000008010c8c        0x0 ../lab71_bsp//libhal_bsp.a(alt_write.o)
 .data          0x0000000008010c8c     0x1060 ../lab71_bsp//libhal_bsp.a(alt_sys_init.o)
 .data          0x0000000008011cec        0x0 ../lab71_bsp//libhal_bsp.a(altera_avalon_jtag_uart_fd.o)
 .data          0x0000000008011cec        0x0 ../lab71_bsp//libhal_bsp.a(altera_avalon_jtag_uart_init.o)
 .data          0x0000000008011cec        0x0 ../lab71_bsp//libhal_bsp.a(altera_avalon_jtag_uart_ioctl.o)
 .data          0x0000000008011cec        0x0 ../lab71_bsp//libhal_bsp.a(altera_avalon_jtag_uart_read.o)
 .data          0x0000000008011cec        0x0 ../lab71_bsp//libhal_bsp.a(altera_avalon_jtag_uart_write.o)
 .data          0x0000000008011cec        0x0 ../lab71_bsp//libhal_bsp.a(altera_avalon_timer_sc.o)
 .data          0x0000000008011cec        0x0 ../lab71_bsp//libhal_bsp.a(alt_alarm_start.o)
 .data          0x0000000008011cec        0x0 ../lab71_bsp//libhal_bsp.a(alt_busy_sleep.o)
 .data          0x0000000008011cec        0x0 ../lab71_bsp//libhal_bsp.a(alt_dcache_flush_all.o)
 .data          0x0000000008011cec        0x0 ../lab71_bsp//libhal_bsp.a(alt_dev_llist_insert.o)
 .data          0x0000000008011cec        0x0 ../lab71_bsp//libhal_bsp.a(alt_do_ctors.o)
 .data          0x0000000008011cec        0x0 ../lab71_bsp//libhal_bsp.a(alt_do_dtors.o)
 .data          0x0000000008011cec        0x0 ../lab71_bsp//libhal_bsp.a(alt_icache_flush_all.o)
 .data          0x0000000008011cec        0x0 ../lab71_bsp//libhal_bsp.a(alt_iic.o)
 .data          0x0000000008011cec        0x0 ../lab71_bsp//libhal_bsp.a(alt_iic_isr_register.o)
 .data          0x0000000008011cec        0x0 ../lab71_bsp//libhal_bsp.a(alt_io_redirect.o)
 .data          0x0000000008011cec        0x0 ../lab71_bsp//libhal_bsp.a(alt_irq_entry.o)
 .data          0x0000000008011cec        0x0 ../lab71_bsp//libhal_bsp.a(alt_irq_handler.o)
 .data          0x0000000008011cec        0x0 ../lab71_bsp//libhal_bsp.a(alt_irq_vars.o)
 .data          0x0000000008011cec        0x0 ../lab71_bsp//libhal_bsp.a(alt_open.o)
 .data          0x0000000008011cec        0x0 ../lab71_bsp//libhal_bsp.a(alt_tick.o)
 .data          0x0000000008011cec        0x0 ../lab71_bsp//libhal_bsp.a(altera_nios2_gen2_irq.o)
 .data          0x0000000008011cec        0x0 ../lab71_bsp//libhal_bsp.a(alt_exception_entry.o)
 .data          0x0000000008011cec        0x0 ../lab71_bsp//libhal_bsp.a(alt_find_dev.o)
 .data          0x0000000008011cec        0x0 ../lab71_bsp//libhal_bsp.a(alt_find_file.o)
 .data          0x0000000008011cec        0x0 ../lab71_bsp//libhal_bsp.a(alt_get_fd.o)
 .data          0x0000000008011cec        0x0 ../lab71_bsp//libhal_bsp.a(alt_instruction_exception_entry.o)
 .data          0x0000000008011cec        0x0 /home/ajinusnlch/intelFPGA/19.1/nios2eds/bin/gnu/H-x86_64-pc-linux-gnu/bin/../lib/gcc/nios2-elf/8.3.1/../../../../../H-x86_64-pc-linux-gnu/nios2-elf/lib/mno-hw-mul/libc.a(lib_a-atexit.o)
 .data          0x0000000008011cec        0x0 /home/ajinusnlch/intelFPGA/19.1/nios2eds/bin/gnu/H-x86_64-pc-linux-gnu/bin/../lib/gcc/nios2-elf/8.3.1/../../../../../H-x86_64-pc-linux-gnu/nios2-elf/lib/mno-hw-mul/libc.a(lib_a-exit.o)
 .data          0x0000000008011cec        0x0 /home/ajinusnlch/intelFPGA/19.1/nios2eds/bin/gnu/H-x86_64-pc-linux-gnu/bin/../lib/gcc/nios2-elf/8.3.1/../../../../../H-x86_64-pc-linux-gnu/nios2-elf/lib/mno-hw-mul/libc.a(lib_a-memcmp.o)
 .data          0x0000000008011cec        0x0 /home/ajinusnlch/intelFPGA/19.1/nios2eds/bin/gnu/H-x86_64-pc-linux-gnu/bin/../lib/gcc/nios2-elf/8.3.1/../../../../../H-x86_64-pc-linux-gnu/nios2-elf/lib/mno-hw-mul/libc.a(lib_a-__atexit.o)
 .data          0x0000000008011cec        0x0 /home/ajinusnlch/intelFPGA/19.1/nios2eds/bin/gnu/H-x86_64-pc-linux-gnu/bin/../lib/gcc/nios2-elf/8.3.1/../../../../../H-x86_64-pc-linux-gnu/nios2-elf/lib/mno-hw-mul/libc.a(lib_a-__call_atexit.o)
 .data          0x0000000008011cec        0x0 ../lab71_bsp//libhal_bsp.a(alt_exit.o)
                0x0000000008019cec                _gp = ABSOLUTE ((. + 0x8000))
                [!provide]                        PROVIDE (gp = _gp)
 *(.rwdata .rwdata.*)
 *(.sdata .sdata.* .gnu.linkonce.s.*)
 .sdata         0x0000000008011cec        0x4 obj/default/text_mode_vga.o
 .sdata._global_impure_ptr
                0x0000000008011cf0        0x4 /home/ajinusnlch/intelFPGA/19.1/nios2eds/bin/gnu/H-x86_64-pc-linux-gnu/bin/../lib/gcc/nios2-elf/8.3.1/../../../../../H-x86_64-pc-linux-gnu/nios2-elf/lib/mno-hw-mul/libc.a(lib_a-impure.o)
                0x0000000008011cf0                _global_impure_ptr
 .sdata._impure_ptr
                0x0000000008011cf4        0x4 /home/ajinusnlch/intelFPGA/19.1/nios2eds/bin/gnu/H-x86_64-pc-linux-gnu/bin/../lib/gcc/nios2-elf/8.3.1/../../../../../H-x86_64-pc-linux-gnu/nios2-elf/lib/mno-hw-mul/libc.a(lib_a-impure.o)
                0x0000000008011cf4                _impure_ptr
 .sdata.__malloc_sbrk_base
                0x0000000008011cf8        0x4 /home/ajinusnlch/intelFPGA/19.1/nios2eds/bin/gnu/H-x86_64-pc-linux-gnu/bin/../lib/gcc/nios2-elf/8.3.1/../../../../../H-x86_64-pc-linux-gnu/nios2-elf/lib/mno-hw-mul/libc.a(lib_a-mallocr.o)
                0x0000000008011cf8                __malloc_sbrk_base
 .sdata.__malloc_trim_threshold
                0x0000000008011cfc        0x4 /home/ajinusnlch/intelFPGA/19.1/nios2eds/bin/gnu/H-x86_64-pc-linux-gnu/bin/../lib/gcc/nios2-elf/8.3.1/../../../../../H-x86_64-pc-linux-gnu/nios2-elf/lib/mno-hw-mul/libc.a(lib_a-mallocr.o)
                0x0000000008011cfc                __malloc_trim_threshold
 .sdata         0x0000000008011d00       0x14 ../lab71_bsp//libhal_bsp.a(alt_dev.o)
                0x0000000008011d00                alt_fs_list
                0x0000000008011d08                alt_dev_list
                0x0000000008011d10                alt_max_fd
 .sdata         0x0000000008011d14        0x4 ../lab71_bsp//libhal_bsp.a(alt_errno.o)
                0x0000000008011d14                alt_errno
 .sdata         0x0000000008011d18        0x4 ../lab71_bsp//libhal_bsp.a(alt_sbrk.o)
 .sdata         0x0000000008011d1c        0x4 ../lab71_bsp//libhal_bsp.a(alt_irq_vars.o)
                0x0000000008011d1c                alt_priority_mask
 .sdata         0x0000000008011d20        0x8 ../lab71_bsp//libhal_bsp.a(alt_tick.o)
                0x0000000008011d20                alt_alarm_list
 *(.sdata2 .sdata2.* .gnu.linkonce.s2.*)
                0x0000000008011d28                . = ALIGN (0x4)
                0x0000000008011d28                _edata = ABSOLUTE (.)
                [!provide]                        PROVIDE (edata = ABSOLUTE (.))
                0x0000000008011d28                PROVIDE (__ram_rwdata_end = ABSOLUTE (.))
                0x0000000008011d28                PROVIDE (__flash_rwdata_start = LOADADDR (.rwdata))

.bss            0x0000000008013904      0x158
                0x0000000008013904                __bss_start = ABSOLUTE (.)
                [!provide]                        PROVIDE (__sbss_start = ABSOLUTE (.))
                [!provide]                        PROVIDE (___sbss_start = ABSOLUTE (.))
 *(.dynsbss)
 *(.sbss .sbss.* .gnu.linkonce.sb.*)
 .sbss.__malloc_max_total_mem
                0x0000000008013904        0x4 /home/ajinusnlch/intelFPGA/19.1/nios2eds/bin/gnu/H-x86_64-pc-linux-gnu/bin/../lib/gcc/nios2-elf/8.3.1/../../../../../H-x86_64-pc-linux-gnu/nios2-elf/lib/mno-hw-mul/libc.a(lib_a-mallocr.o)
                0x0000000008013904                __malloc_max_total_mem
 .sbss.__malloc_max_sbrked_mem
                0x0000000008013908        0x4 /home/ajinusnlch/intelFPGA/19.1/nios2eds/bin/gnu/H-x86_64-pc-linux-gnu/bin/../lib/gcc/nios2-elf/8.3.1/../../../../../H-x86_64-pc-linux-gnu/nios2-elf/lib/mno-hw-mul/libc.a(lib_a-mallocr.o)
                0x0000000008013908                __malloc_max_sbrked_mem
 .sbss.__malloc_top_pad
                0x000000000801390c        0x4 /home/ajinusnlch/intelFPGA/19.1/nios2eds/bin/gnu/H-x86_64-pc-linux-gnu/bin/../lib/gcc/nios2-elf/8.3.1/../../../../../H-x86_64-pc-linux-gnu/nios2-elf/lib/mno-hw-mul/libc.a(lib_a-mallocr.o)
                0x000000000801390c                __malloc_top_pad
 .sbss          0x0000000008013910        0x4 /home/ajinusnlch/intelFPGA/19.1/nios2eds/bin/gnu/H-x86_64-pc-linux-gnu/bin/../lib/gcc/nios2-elf/8.3.1/../../../../../H-x86_64-pc-linux-gnu/nios2-elf/lib/mno-hw-mul/libc.a(lib_a-int_errno.o)
                0x0000000008013910                errno
 .sbss._PathLocale
                0x0000000008013914        0x4 /home/ajinusnlch/intelFPGA/19.1/nios2eds/bin/gnu/H-x86_64-pc-linux-gnu/bin/../lib/gcc/nios2-elf/8.3.1/../../../../../H-x86_64-pc-linux-gnu/nios2-elf/lib/mno-hw-mul/libc.a(lib_a-locale.o)
                0x0000000008013914                _PathLocale
 .sbss          0x0000000008013918        0xc ../lab71_bsp//libhal_bsp.a(alt_main.o)
                0x0000000008013918                alt_argc
                0x000000000801391c                alt_argv
                0x0000000008013920                alt_envp
 .sbss          0x0000000008013924        0x4 ../lab71_bsp//libhal_bsp.a(alt_irq_vars.o)
                0x0000000008013924                alt_irq_active
 .sbss          0x0000000008013928        0x8 ../lab71_bsp//libhal_bsp.a(alt_tick.o)
                0x0000000008013928                _alt_tick_rate
                0x000000000801392c                _alt_nticks
 .sbss          0x0000000008013930        0x4 ../lab71_bsp//libhal_bsp.a(alt_instruction_exception_entry.o)
                0x0000000008013930                alt_instruction_exception_handler
 *(.sbss2 .sbss2.* .gnu.linkonce.sb2.*)
 *(.scommon)
                [!provide]                        PROVIDE (__sbss_end = ABSOLUTE (.))
                [!provide]                        PROVIDE (___sbss_end = ABSOLUTE (.))
 *(.dynbss)
 *(.bss .bss.* .gnu.linkonce.b.*)
 .bss           0x0000000008013934        0x0 ../lab71_bsp//obj/HAL/src/crt0.o
 .bss           0x0000000008013934        0x0 obj/default/text_mode_vga.o
 .bss           0x0000000008013934        0x0 /home/ajinusnlch/intelFPGA/19.1/nios2eds/bin/gnu/H-x86_64-pc-linux-gnu/bin/../lib/gcc/nios2-elf/8.3.1/mno-hw-mul/libgcc.a(lib2-mul.o)
 .bss           0x0000000008013934        0x0 /home/ajinusnlch/intelFPGA/19.1/nios2eds/bin/gnu/H-x86_64-pc-linux-gnu/bin/../lib/gcc/nios2-elf/8.3.1/../../../../../H-x86_64-pc-linux-gnu/nios2-elf/lib/mno-hw-mul/libc.a(lib_a-memcpy.o)
 .bss           0x0000000008013934        0x0 /home/ajinusnlch/intelFPGA/19.1/nios2eds/bin/gnu/H-x86_64-pc-linux-gnu/bin/../lib/gcc/nios2-elf/8.3.1/../../../../../H-x86_64-pc-linux-gnu/nios2-elf/lib/mno-hw-mul/libc.a(lib_a-printf.o)
 .bss           0x0000000008013934        0x0 /home/ajinusnlch/intelFPGA/19.1/nios2eds/bin/gnu/H-x86_64-pc-linux-gnu/bin/../lib/gcc/nios2-elf/8.3.1/../../../../../H-x86_64-pc-linux-gnu/nios2-elf/lib/mno-hw-mul/libc.a(lib_a-vfprintf.o)
 .bss           0x0000000008013934        0x0 /home/ajinusnlch/intelFPGA/19.1/nios2eds/bin/gnu/H-x86_64-pc-linux-gnu/bin/../lib/gcc/nios2-elf/8.3.1/../../../../../H-x86_64-pc-linux-gnu/nios2-elf/lib/mno-hw-mul/libc.a(lib_a-wsetup.o)
 .bss           0x0000000008013934        0x0 /home/ajinusnlch/intelFPGA/19.1/nios2eds/bin/gnu/H-x86_64-pc-linux-gnu/bin/../lib/gcc/nios2-elf/8.3.1/../../../../../H-x86_64-pc-linux-gnu/nios2-elf/lib/mno-hw-mul/libc.a(lib_a-dtoa.o)
 .bss           0x0000000008013934        0x0 /home/ajinusnlch/intelFPGA/19.1/nios2eds/bin/gnu/H-x86_64-pc-linux-gnu/bin/../lib/gcc/nios2-elf/8.3.1/../../../../../H-x86_64-pc-linux-gnu/nios2-elf/lib/mno-hw-mul/libc.a(lib_a-fflush.o)
 .bss           0x0000000008013934        0x0 /home/ajinusnlch/intelFPGA/19.1/nios2eds/bin/gnu/H-x86_64-pc-linux-gnu/bin/../lib/gcc/nios2-elf/8.3.1/../../../../../H-x86_64-pc-linux-gnu/nios2-elf/lib/mno-hw-mul/libc.a(lib_a-findfp.o)
 .bss           0x0000000008013934        0x0 /home/ajinusnlch/intelFPGA/19.1/nios2eds/bin/gnu/H-x86_64-pc-linux-gnu/bin/../lib/gcc/nios2-elf/8.3.1/../../../../../H-x86_64-pc-linux-gnu/nios2-elf/lib/mno-hw-mul/libc.a(lib_a-freer.o)
 .bss           0x0000000008013934        0x0 /home/ajinusnlch/intelFPGA/19.1/nios2eds/bin/gnu/H-x86_64-pc-linux-gnu/bin/../lib/gcc/nios2-elf/8.3.1/../../../../../H-x86_64-pc-linux-gnu/nios2-elf/lib/mno-hw-mul/libc.a(lib_a-fwalk.o)
 .bss           0x0000000008013934        0x0 /home/ajinusnlch/intelFPGA/19.1/nios2eds/bin/gnu/H-x86_64-pc-linux-gnu/bin/../lib/gcc/nios2-elf/8.3.1/../../../../../H-x86_64-pc-linux-gnu/nios2-elf/lib/mno-hw-mul/libc.a(lib_a-impure.o)
 .bss           0x0000000008013934        0x0 /home/ajinusnlch/intelFPGA/19.1/nios2eds/bin/gnu/H-x86_64-pc-linux-gnu/bin/../lib/gcc/nios2-elf/8.3.1/../../../../../H-x86_64-pc-linux-gnu/nios2-elf/lib/mno-hw-mul/libc.a(lib_a-localeconv.o)
 .bss           0x0000000008013934        0x0 /home/ajinusnlch/intelFPGA/19.1/nios2eds/bin/gnu/H-x86_64-pc-linux-gnu/bin/../lib/gcc/nios2-elf/8.3.1/../../../../../H-x86_64-pc-linux-gnu/nios2-elf/lib/mno-hw-mul/libc.a(lib_a-makebuf.o)
 .bss           0x0000000008013934        0x0 /home/ajinusnlch/intelFPGA/19.1/nios2eds/bin/gnu/H-x86_64-pc-linux-gnu/bin/../lib/gcc/nios2-elf/8.3.1/../../../../../H-x86_64-pc-linux-gnu/nios2-elf/lib/mno-hw-mul/libc.a(lib_a-mallocr.o)
 .bss.__malloc_current_mallinfo
                0x0000000008013934       0x28 /home/ajinusnlch/intelFPGA/19.1/nios2eds/bin/gnu/H-x86_64-pc-linux-gnu/bin/../lib/gcc/nios2-elf/8.3.1/../../../../../H-x86_64-pc-linux-gnu/nios2-elf/lib/mno-hw-mul/libc.a(lib_a-mallocr.o)